2023-04-03 10:11:04,393 django.utils.autoreload INFO     Watching for file changes with StatReloader
2023-04-03 10:11:04,594 crud.views   DEBUG    Test!!
2023-04-03 10:12:11,557 django.utils.autoreload INFO     E:\Новая папка\Ugib\ugib\crud\views.py changed, reloading.
2023-04-03 10:12:12,197 django.utils.autoreload INFO     Watching for file changes with StatReloader
2023-04-03 10:12:19,110 django.utils.autoreload INFO     E:\Новая папка\Ugib\ugib\crud\views.py changed, reloading.
2023-04-03 10:12:19,802 django.utils.autoreload INFO     Watching for file changes with StatReloader
2023-04-03 10:12:28,517 django.utils.autoreload INFO     E:\Новая папка\Ugib\ugib\crud\views.py changed, reloading.
2023-04-03 10:12:29,048 django.utils.autoreload INFO     Watching for file changes with StatReloader
2023-04-03 10:12:43,063 django.utils.autoreload INFO     E:\Новая папка\Ugib\ugib\crud\views.py changed, reloading.
2023-04-03 10:12:43,589 django.utils.autoreload INFO     Watching for file changes with StatReloader
2023-04-03 10:12:43,790 crud.views   INFO     Load <class 'crud.models.UdsMeta'> page
2023-04-03 10:13:22,682 django.utils.autoreload INFO     E:\Новая папка\Ugib\ugib\crud\views.py changed, reloading.
2023-04-03 10:13:23,286 django.utils.autoreload INFO     Watching for file changes with StatReloader
2023-04-03 10:13:23,502 crud.views   INFO     Load <class 'crud.models.UdsMeta'> page
2023-04-03 10:13:34,701 django.utils.autoreload INFO     E:\Новая папка\Ugib\ugib\crud\views.py changed, reloading.
2023-04-03 10:13:35,308 django.utils.autoreload INFO     Watching for file changes with StatReloader
2023-04-03 10:13:35,532 crud.views   INFO     Load <class 'crud.models.UdsMeta'> page
2023-04-03 10:13:58,646 django.utils.autoreload INFO     E:\Новая папка\Ugib\ugib\crud\views.py changed, reloading.
2023-04-03 10:13:59,205 django.utils.autoreload INFO     Watching for file changes with StatReloader
2023-04-03 10:13:59,423 crud.views   INFO     Load <class 'crud.models.UdsMeta'> page
2023-04-03 10:14:31,873 django.utils.autoreload INFO     E:\Новая папка\Ugib\ugib\crud\views.py changed, reloading.
2023-04-03 10:14:32,429 django.utils.autoreload INFO     Watching for file changes with StatReloader
2023-04-03 10:14:32,625 crud.views   INFO     Load <class 'crud.models.UdsMeta'> page
2023-04-03 10:14:59,869 django.utils.autoreload INFO     E:\Новая папка\Ugib\ugib\crud\views.py changed, reloading.
2023-04-03 10:15:00,424 django.utils.autoreload INFO     Watching for file changes with StatReloader
2023-04-03 10:15:00,639 crud.views   INFO     Load <class 'crud.models.UdsMeta'> page
2023-04-03 10:15:32,081 django.utils.autoreload INFO     E:\Новая папка\Ugib\ugib\crud\views.py changed, reloading.
2023-04-03 10:15:32,639 django.utils.autoreload INFO     Watching for file changes with StatReloader
2023-04-03 10:15:32,845 crud.views   INFO     Load <class 'crud.models.UdsMeta'> page
2023-04-03 10:16:17,199 django.utils.autoreload INFO     E:\Новая папка\Ugib\ugib\crud\views.py changed, reloading.
2023-04-03 10:16:17,755 django.utils.autoreload INFO     Watching for file changes with StatReloader
2023-04-03 10:16:17,949 crud.views   INFO     Load <class 'crud.models.UdsMeta'> page
2023-04-03 10:16:38,876 django.utils.autoreload INFO     E:\Новая папка\Ugib\ugib\crud\views.py changed, reloading.
2023-04-03 10:16:39,482 django.utils.autoreload INFO     Watching for file changes with StatReloader
2023-04-03 10:16:39,688 crud.views   INFO     Load <class 'crud.models.UdsMeta'> page
2023-04-03 10:17:02,619 django.utils.autoreload INFO     E:\Новая папка\Ugib\ugib\crud\views.py changed, reloading.
2023-04-03 10:17:03,203 django.utils.autoreload INFO     Watching for file changes with StatReloader
2023-04-03 10:17:03,412 crud.views   INFO     Load <class 'crud.models.UdsMeta'> page
2023-04-03 10:17:15,609 django.utils.autoreload INFO     E:\Новая папка\Ugib\ugib\crud\views.py changed, reloading.
2023-04-03 10:17:16,170 django.utils.autoreload INFO     Watching for file changes with StatReloader
2023-04-03 10:17:16,393 crud.views   INFO     Load <class 'crud.models.UdsMeta'> page
2023-04-03 10:17:23,320 django.utils.autoreload INFO     E:\Новая папка\Ugib\ugib\crud\views.py changed, reloading.
2023-04-03 10:17:23,881 django.utils.autoreload INFO     Watching for file changes with StatReloader
2023-04-03 10:17:24,083 crud.views   INFO     Load <class 'crud.models.UdsMeta'> page
2023-04-03 10:22:48,780 django.utils.autoreload INFO     E:\Новая папка\Ugib\ugib\ugib\settings.py changed, reloading.
2023-04-03 10:22:58,763 django.utils.autoreload INFO     Watching for file changes with StatReloader
2023-04-03 10:22:58,949 crud.views   INFO     Load <class 'crud.models.UdsMeta'> page
2023-04-03 10:23:03,799 django.utils.autoreload INFO     E:\Новая папка\Ugib\ugib\ugib\settings.py changed, reloading.
2023-04-03 10:23:13,578 django.utils.autoreload INFO     Watching for file changes with StatReloader
2023-04-03 10:23:13,780 crud.views   INFO     Load <class 'crud.models.UdsMeta'> page
2023-04-03 10:25:21,807 django.utils.autoreload INFO     E:\Новая папка\Ugib\ugib\ugib\settings.py changed, reloading.
2023-04-03 10:25:22,809 django.utils.autoreload INFO     Watching for file changes with StatReloader
2023-04-03 10:25:23,116 crud.views   INFO     Load <class 'crud.models.UdsMeta'> page
2023-04-03 10:27:02,998 django.utils.autoreload INFO     E:\Новая папка\Ugib\ugib\crud\views.py changed, reloading.
2023-04-03 10:27:03,744 django.utils.autoreload INFO     Watching for file changes with StatReloader
2023-04-03 10:27:04,968 crud.views   INFO     Load <class 'grr.models.UdsMetaGrrAccom'> page
2023-04-03 10:27:07,735 crud.views   INFO     Load <class 'grr.models.UdsMetaGrrStage'> page
2023-04-03 10:27:12,727 crud.views   INFO     Load <class 'crud.models.UdsMetaApr'> page
2023-04-03 10:27:40,157 crud.views   INFO     Load <class 'crud.models.UdsMeta'> page
2023-04-03 10:39:05,091 django.utils.autoreload INFO     Watching for file changes with StatReloader
2023-04-03 10:42:55,908 django.utils.autoreload INFO     E:\Новая папка\Ugib\ugib\crud\views.py changed, reloading.
2023-04-03 10:42:56,474 django.utils.autoreload INFO     Watching for file changes with StatReloader
2023-04-03 10:43:11,072 django.utils.autoreload INFO     E:\Новая папка\Ugib\ugib\crud\views.py changed, reloading.
2023-04-03 10:43:11,619 django.utils.autoreload INFO     Watching for file changes with StatReloader
2023-04-03 10:43:47,767 crud.views   INFO     Load <class 'crud.models.UdsMeta'> page
2023-04-03 10:43:56,312 crud.views   ERROR    When create unexpected error
2023-04-03 10:43:56,419 crud.views   INFO     Load <class 'crud.models.UdsMeta'> page
2023-04-03 10:44:19,702 django.utils.autoreload INFO     E:\Новая папка\Ugib\ugib\crud\views.py changed, reloading.
2023-04-03 10:44:20,313 django.utils.autoreload INFO     Watching for file changes with StatReloader
2023-04-03 10:46:34,442 django.utils.autoreload INFO     E:\Новая папка\Ugib\ugib\crud\views.py changed, reloading.
2023-04-03 10:46:35,089 django.utils.autoreload INFO     Watching for file changes with StatReloader
2023-04-03 10:46:38,600 crud.views   INFO     Load <class 'crud.models.UdsMeta'> page
2023-04-03 10:46:44,853 django.request ERROR    Internal Server Error: /
Traceback (most recent call last):
  File "E:\Новая папка\env\lib\site-packages\django\core\handlers\exception.py", line 55, in inner
    response = get_response(request)
  File "E:\Новая папка\env\lib\site-packages\django\core\handlers\base.py", line 197, in _get_response
    response = wrapped_callback(request, *callback_args, **callback_kwargs)
  File "E:\Новая папка\env\lib\site-packages\django\views\generic\base.py", line 103, in view
    return self.dispatch(request, *args, **kwargs)
  File "E:\Новая папка\env\lib\site-packages\django\views\generic\base.py", line 142, in dispatch
    return handler(request, *args, **kwargs)
  File "E:\Новая папка\Ugib\ugib\crud\views.py", line 469, in post
    with transaction.atomic:
AttributeError: __enter__
2023-04-03 10:47:08,264 django.utils.autoreload INFO     E:\Новая папка\Ugib\ugib\crud\views.py changed, reloading.
2023-04-03 10:47:08,866 django.utils.autoreload INFO     Watching for file changes with StatReloader
2023-04-03 10:47:10,312 crud.views   INFO     Load <class 'crud.models.UdsMeta'> page
2023-04-03 10:47:16,060 crud.views   INFO     Load <class 'crud.models.UdsMeta'> page
2023-04-03 10:47:22,865 crud.views   INFO     Load <class 'crud.models.UdsMeta'> page
2023-04-03 10:47:36,703 django.utils.autoreload INFO     E:\Новая папка\Ugib\ugib\crud\views.py changed, reloading.
2023-04-03 10:47:37,303 django.utils.autoreload INFO     Watching for file changes with StatReloader
2023-04-03 10:47:49,793 django.utils.autoreload INFO     E:\Новая папка\Ugib\ugib\crud\views.py changed, reloading.
2023-04-03 10:47:50,353 django.utils.autoreload INFO     Watching for file changes with StatReloader
2023-04-03 10:51:49,308 django.utils.autoreload INFO     E:\Новая папка\Ugib\ugib\crud\views.py changed, reloading.
2023-04-03 10:51:49,885 django.utils.autoreload INFO     Watching for file changes with StatReloader
2023-04-03 11:28:33,180 django.utils.autoreload INFO     E:\Новая папка\Ugib\ugib\crud\views.py changed, reloading.
2023-04-03 11:28:33,867 django.utils.autoreload INFO     Watching for file changes with StatReloader
2023-04-03 11:28:39,372 django.utils.autoreload INFO     E:\Новая папка\Ugib\ugib\crud\views.py changed, reloading.
2023-04-03 11:28:39,888 django.utils.autoreload INFO     Watching for file changes with StatReloader
2023-04-03 11:28:53,408 django.utils.autoreload INFO     E:\Новая папка\Ugib\ugib\crud\views.py changed, reloading.
2023-04-03 11:28:53,968 django.utils.autoreload INFO     Watching for file changes with StatReloader
2023-04-03 11:28:57,355 django.utils.autoreload INFO     E:\Новая папка\Ugib\ugib\crud\views.py changed, reloading.
2023-04-03 11:28:57,854 django.utils.autoreload INFO     Watching for file changes with StatReloader
2023-04-03 11:29:10,238 django.utils.autoreload INFO     E:\Новая папка\Ugib\ugib\crud\views.py changed, reloading.
2023-04-03 11:29:10,789 django.utils.autoreload INFO     Watching for file changes with StatReloader
2023-04-03 11:29:11,367 crud.views   INFO     Load <class 'crud.models.UdsMeta'> page
2023-04-03 12:01:07,265 crud.views   INFO     Load <class 'crud.models.UdsMeta'> page
2023-04-03 13:51:34,144 crud.views   INFO     Load <class 'crud.models.UdsMeta'> page
2023-04-03 13:51:34,994 django.request WARNING  Not Found: /favicon.ico
2023-04-03 13:52:18,500 django.utils.autoreload INFO     E:\Новая папка\Ugib\ugib\ugib\settings.py changed, reloading.
2023-04-03 13:52:19,212 django.utils.autoreload INFO     Watching for file changes with StatReloader
2023-04-03 13:52:20,161 crud.views   INFO     Load <class 'crud.models.UdsMeta'> page
2023-04-03 13:52:30,147 crud.views   INFO     Load <class 'crud.models.UdsMeta'> page
2023-04-03 14:10:05,957 crud.views   INFO     Load <class 'crud.models.UdsMeta'> page
2023-04-03 14:25:28,726 django.utils.autoreload INFO     E:\Новая папка\Ugib\ugib\crud\views.py changed, reloading.
2023-04-03 14:25:29,362 django.utils.autoreload INFO     Watching for file changes with StatReloader
2023-04-03 14:55:03,286 crud.views   INFO     Load <class 'crud.models.UdsMeta'> page
2023-04-03 15:19:17,792 django.utils.autoreload INFO     E:\Новая папка\Ugib\ugib\ugib\settings.py changed, reloading.
2023-04-03 15:19:18,470 django.utils.autoreload INFO     Watching for file changes with StatReloader
2023-04-03 15:19:30,827 django.utils.autoreload INFO     E:\Новая папка\Ugib\ugib\ugib\settings.py changed, reloading.
2023-04-03 15:19:31,303 django.utils.autoreload INFO     Watching for file changes with StatReloader
2023-04-03 15:19:33,917 django.utils.autoreload INFO     E:\Новая папка\Ugib\ugib\ugib\settings.py changed, reloading.
2023-04-03 15:19:34,399 django.utils.autoreload INFO     Watching for file changes with StatReloader
2023-04-03 15:19:48,315 django.utils.autoreload INFO     Watching for file changes with StatReloader
2023-04-03 15:19:52,778 crud.views   INFO     Load <class 'crud.models.UdsMeta'> page
2023-04-03 16:16:35,311 django.utils.autoreload INFO     E:\Новая папка\Ugib\ugib\grr\views.py changed, reloading.
2023-04-03 16:16:36,226 django.utils.autoreload INFO     Watching for file changes with StatReloader
2023-04-03 16:56:25,501 crud.views   INFO     Load <class 'grr.models.UdsMetaGrrStage'> page
2023-04-03 16:56:32,082 crud.views   INFO     Load <class 'grr.models.UdsMetaGrrStage'> page
2023-04-03 16:56:34,970 crud.views   INFO     Load <class 'grr.models.UdsMetaGrrStage'> page
2023-04-03 17:15:00,102 django.utils.autoreload INFO     Watching for file changes with StatReloader
2023-04-03 17:15:02,325 crud.views   INFO     Load <class 'grr.models.UdsMetaGrrStage'> page
2023-04-03 17:15:03,277 django.request WARNING  Not Found: /favicon.ico
2023-04-03 17:15:03,290 crud.views   INFO     Load <class 'crud.models.UdsMeta'> page
2023-04-03 17:17:09,923 crud.views   INFO     Load <class 'crud.models.UdsMeta'> page
2023-04-03 17:17:10,686 crud.views   INFO     Load <class 'crud.models.UdsMeta'> page
2023-04-03 17:17:11,030 django.request WARNING  Not Found: /favicon.ico
2023-04-03 17:17:12,242 crud.views   INFO     Load <class 'crud.models.UdsMeta'> page
2023-04-03 17:17:39,324 crud.views   INFO     Load <class 'crud.models.UdsMeta'> page
2023-04-03 17:17:45,458 crud.views   INFO     Load <class 'crud.models.UdsMeta'> page
2023-04-03 17:19:53,287 django.request WARNING  Not Found: /favicon.ico
2023-04-03 17:19:57,879 crud.views   INFO     Load <class 'crud.models.UdsMeta'> page
2023-04-03 17:19:58,887 django.request WARNING  Not Found: /favicon.ico
2023-04-03 17:20:50,167 crud.views   INFO     Load <class 'crud.models.UdsMeta'> page
2023-04-03 17:21:10,055 crud.views   INFO     Load <class 'crud.models.UdsMeta'> page
2023-04-03 17:21:11,141 crud.views   INFO     Load <class 'crud.models.UdsMeta'> page
2023-04-03 17:21:25,361 django.request WARNING  Not Found: /favicon.ico
2023-04-03 17:21:55,096 crud.views   INFO     Load <class 'crud.models.UdsMeta'> page
2023-04-03 17:23:46,432 crud.views   INFO     Load <class 'crud.models.UdsMeta'> page
2023-04-04 09:29:15,939 django.utils.autoreload INFO     Watching for file changes with StatReloader
2023-04-04 09:50:05,601 crud.views   INFO     Load <class 'crud.models.UdsMeta'> page
2023-04-04 09:50:07,428 django.request WARNING  Not Found: /favicon.ico
2023-04-04 09:59:18,519 crud.views   INFO     Load <class 'crud.models.UdsMeta'> page
2023-04-04 09:59:18,866 crud.views   INFO     Load <class 'crud.models.UdsMeta'> page
2023-04-04 09:59:20,155 django.request WARNING  Not Found: /favicon.ico
2023-04-04 10:00:15,889 crud.views   INFO     Load <class 'crud.models.UdsMeta'> page
2023-04-04 10:00:16,568 crud.views   INFO     Load <class 'crud.models.UdsMeta'> page
2023-04-04 10:00:17,899 django.request WARNING  Not Found: /favicon.ico
2023-04-04 10:00:17,909 django.request WARNING  Not Found: /favicon.ico
2023-04-04 10:07:46,273 crud.views   INFO     Load <class 'crud.models.UdsMeta'> page
2023-04-04 10:08:22,769 crud.views   INFO     Load <class 'crud.models.UdsMeta'> page
2023-04-04 10:09:54,003 crud.views   INFO     Load <class 'crud.models.UdsMeta'> page
2023-04-04 10:10:52,375 crud.views   INFO     Load <class 'crud.models.UdsMeta'> page
2023-04-04 10:10:53,379 crud.views   INFO     Load <class 'crud.models.UdsMeta'> page
2023-04-04 10:10:54,648 django.request WARNING  Not Found: /favicon.ico
2023-04-04 10:16:55,689 crud.views   INFO     Load <class 'crud.models.UdsMeta'> page
2023-04-04 10:17:01,668 crud.views   INFO     Load <class 'crud.models.UdsMeta'> page
2023-04-04 10:17:09,427 crud.views   INFO     Load <class 'crud.models.UdsMeta'> page
2023-04-04 10:17:13,951 crud.views   INFO     Load <class 'crud.models.UdsMeta'> page
2023-04-04 11:11:19,476 crud.views   INFO     Load <class 'crud.models.UdsMeta'> page
2023-04-04 11:11:25,614 crud.views   INFO     Load <class 'crud.models.UdsMeta'> page
2023-04-04 12:02:16,354 django.utils.autoreload INFO     E:\Новая папка\Ugib\ugib\crud\templatetags\crud_extras.py changed, reloading.
2023-04-04 12:02:17,379 django.utils.autoreload INFO     Watching for file changes with StatReloader
2023-04-04 12:03:34,687 crud.views   INFO     Load <class 'crud.models.UdsMeta'> page
2023-04-04 12:54:00,575 crud.views   INFO     Load <class 'crud.models.UdsMeta'> page
2023-04-04 13:12:15,850 crud.views   INFO     Load <class 'crud.models.UdsMeta'> page
2023-04-04 13:32:30,878 django.utils.autoreload INFO     E:\Новая папка\Ugib\ugib\crud\templatetags\crud_extras.py changed, reloading.
2023-04-04 13:32:31,637 django.utils.autoreload INFO     Watching for file changes with StatReloader
2023-04-04 15:49:27,840 crud.views   INFO     Load <class 'crud.models.UdsMeta'> page
2023-04-04 15:49:28,893 django.request WARNING  Not Found: /favicon.ico
2023-04-04 15:49:43,320 crud.views   ERROR    When logun ObjectDoesNotExist
2023-04-04 15:49:43,393 crud.views   INFO     Load <class 'crud.models.UdsMeta'> page
2023-04-04 15:50:05,357 crud.views   ERROR    When logun ObjectDoesNotExist
2023-04-04 15:50:05,432 crud.views   INFO     Load <class 'crud.models.UdsMeta'> page
2023-04-04 15:50:18,030 crud.views   INFO     Load <class 'crud.models.UdsMeta'> page
2023-04-04 15:50:27,901 crud.views   INFO     Load <class 'crud.models.UdsMeta'> page
2023-04-04 16:38:20,400 django.utils.autoreload INFO     E:\Новая папка\Ugib\ugib\crud\views.py changed, reloading.
2023-04-04 16:38:21,747 django.utils.autoreload INFO     Watching for file changes with StatReloader
2023-04-04 16:38:26,310 django.utils.autoreload INFO     E:\Новая папка\Ugib\ugib\crud\views.py changed, reloading.
2023-04-04 16:38:26,903 django.utils.autoreload INFO     Watching for file changes with StatReloader
2023-04-04 16:38:35,339 django.utils.autoreload INFO     E:\Новая папка\Ugib\ugib\crud\views.py changed, reloading.
2023-04-04 16:38:35,929 django.utils.autoreload INFO     Watching for file changes with StatReloader
2023-04-04 16:38:40,374 django.utils.autoreload INFO     E:\Новая папка\Ugib\ugib\crud\views.py changed, reloading.
2023-04-04 16:38:40,938 django.utils.autoreload INFO     Watching for file changes with StatReloader
2023-04-04 16:38:52,220 crud.views   INFO     Load <class 'crud.models.UdsMeta'> page
2023-04-04 16:38:56,959 crud.views   INFO     Load <class 'crud.models.UdsMeta'> page
2023-04-04 16:39:14,077 django.utils.autoreload INFO     E:\Новая папка\Ugib\ugib\crud\views.py changed, reloading.
2023-04-04 16:39:14,707 django.utils.autoreload INFO     Watching for file changes with StatReloader
2023-04-04 16:39:24,046 django.utils.autoreload INFO     E:\Новая папка\Ugib\ugib\crud\views.py changed, reloading.
2023-04-04 16:39:24,615 django.utils.autoreload INFO     Watching for file changes with StatReloader
2023-04-04 16:39:46,807 django.utils.autoreload INFO     E:\Новая папка\Ugib\ugib\crud\views.py changed, reloading.
2023-04-04 16:39:47,416 django.utils.autoreload INFO     Watching for file changes with StatReloader
2023-04-04 16:39:48,007 crud.views   INFO     Load <class 'crud.models.UdsMeta'> page
2023-04-04 16:39:50,802 crud.views   INFO     Load <class 'crud.models.UdsMeta'> page
2023-04-04 16:40:02,777 crud.views   INFO     Load <class 'crud.models.UdsMeta'> page
2023-04-04 16:43:26,882 django.utils.autoreload INFO     E:\Новая папка\Ugib\ugib\crud\views.py changed, reloading.
2023-04-04 16:43:27,479 django.utils.autoreload INFO     Watching for file changes with StatReloader
2023-04-04 16:43:30,578 crud.views   INFO     Load <class 'crud.models.UdsMeta'> page
2023-04-04 16:43:33,775 crud.views   INFO     Load <class 'crud.models.UdsMeta'> page
2023-04-04 16:43:42,357 django.request ERROR    Internal Server Error: /
Traceback (most recent call last):
  File "E:\Новая папка\env\lib\site-packages\django\utils\datastructures.py", line 84, in __getitem__
    list_ = super().__getitem__(key)
KeyError: 'cur_page'

During handling of the above exception, another exception occurred:

Traceback (most recent call last):
  File "E:\Новая папка\env\lib\site-packages\django\core\handlers\exception.py", line 55, in inner
    response = get_response(request)
  File "E:\Новая папка\env\lib\site-packages\django\core\handlers\base.py", line 197, in _get_response
    response = wrapped_callback(request, *callback_args, **callback_kwargs)
  File "E:\Новая папка\env\lib\site-packages\django\views\generic\base.py", line 103, in view
    return self.dispatch(request, *args, **kwargs)
  File "E:\Новая папка\env\lib\site-packages\django\views\generic\base.py", line 142, in dispatch
    return handler(request, *args, **kwargs)
  File "E:\Новая папка\Ugib\ugib\crud\views.py", line 516, in post
    cur_page_link = request.POST["cur_page"]
  File "E:\Новая папка\env\lib\site-packages\django\utils\datastructures.py", line 86, in __getitem__
    raise MultiValueDictKeyError(key)
django.utils.datastructures.MultiValueDictKeyError: 'cur_page'
2023-04-04 16:43:55,697 django.utils.autoreload INFO     E:\Новая папка\Ugib\ugib\crud\views.py changed, reloading.
2023-04-04 16:43:56,326 django.utils.autoreload INFO     Watching for file changes with StatReloader
2023-04-04 16:43:56,875 crud.views   INFO     Load <class 'crud.models.UdsMeta'> page
2023-04-04 16:44:01,364 crud.views   INFO     Load <class 'crud.models.UdsMeta'> page
2023-04-04 16:44:11,171 django.request ERROR    Internal Server Error: /
Traceback (most recent call last):
  File "E:\Новая папка\env\lib\site-packages\django\utils\datastructures.py", line 84, in __getitem__
    list_ = super().__getitem__(key)
KeyError: 'current_page'

During handling of the above exception, another exception occurred:

Traceback (most recent call last):
  File "E:\Новая папка\env\lib\site-packages\django\core\handlers\exception.py", line 55, in inner
    response = get_response(request)
  File "E:\Новая папка\env\lib\site-packages\django\core\handlers\base.py", line 197, in _get_response
    response = wrapped_callback(request, *callback_args, **callback_kwargs)
  File "E:\Новая папка\env\lib\site-packages\django\views\generic\base.py", line 103, in view
    return self.dispatch(request, *args, **kwargs)
  File "E:\Новая папка\env\lib\site-packages\django\views\generic\base.py", line 142, in dispatch
    return handler(request, *args, **kwargs)
  File "E:\Новая папка\Ugib\ugib\crud\views.py", line 516, in post
    cur_page_link = request.POST["current_page"]
  File "E:\Новая папка\env\lib\site-packages\django\utils\datastructures.py", line 86, in __getitem__
    raise MultiValueDictKeyError(key)
django.utils.datastructures.MultiValueDictKeyError: 'current_page'
2023-04-04 16:44:30,012 crud.views   INFO     Load <class 'crud.models.UdsMeta'> page
2023-04-04 16:44:30,865 crud.views   INFO     Load <class 'crud.models.UdsMeta'> page
2023-04-04 16:44:31,501 django.request WARNING  Not Found: /favicon.ico
2023-04-04 16:44:31,721 crud.views   INFO     Load <class 'crud.models.UdsMeta'> page
2023-04-04 16:44:32,054 django.request WARNING  Not Found: /favicon.ico
2023-04-04 16:44:34,841 crud.views   INFO     Load <class 'crud.models.UdsMeta'> page
2023-04-04 16:44:42,018 django.request ERROR    Internal Server Error: /
Traceback (most recent call last):
  File "E:\Новая папка\env\lib\site-packages\django\db\models\options.py", line 668, in get_field
    return self.fields_map[field_name]
KeyError: 'nt_pag'

During handling of the above exception, another exception occurred:

Traceback (most recent call last):
  File "E:\Новая папка\env\lib\site-packages\django\core\handlers\exception.py", line 55, in inner
    response = get_response(request)
  File "E:\Новая папка\env\lib\site-packages\django\core\handlers\base.py", line 197, in _get_response
    response = wrapped_callback(request, *callback_args, **callback_kwargs)
  File "E:\Новая папка\env\lib\site-packages\django\views\generic\base.py", line 103, in view
    return self.dispatch(request, *args, **kwargs)
  File "E:\Новая папка\env\lib\site-packages\django\views\generic\base.py", line 142, in dispatch
    return handler(request, *args, **kwargs)
  File "E:\Новая папка\Ugib\ugib\crud\views.py", line 506, in post
    self.data_models.objects.filter(oid = form_data["oid"]).update(**form_data)
  File "E:\Новая папка\env\lib\site-packages\django\db\models\query.py", line 1172, in update
    query.add_update_values(kwargs)
  File "E:\Новая папка\env\lib\site-packages\django\db\models\sql\subqueries.py", line 88, in add_update_values
    field = self.get_meta().get_field(name)
  File "E:\Новая папка\env\lib\site-packages\django\db\models\options.py", line 670, in get_field
    raise FieldDoesNotExist(
django.core.exceptions.FieldDoesNotExist: UdsMeta has no field named 'nt_pag'
2023-04-04 16:45:15,502 crud.views   INFO     Load <class 'crud.models.UdsMeta'> page
2023-04-04 16:45:16,982 crud.views   INFO     Load <class 'crud.models.UdsMeta'> page
2023-04-04 16:45:17,965 django.request WARNING  Not Found: /favicon.ico
2023-04-04 16:45:27,756 django.request ERROR    Internal Server Error: /
Traceback (most recent call last):
  File "E:\Новая папка\env\lib\site-packages\django\db\models\options.py", line 668, in get_field
    return self.fields_map[field_name]
KeyError: 'nt_pag'

During handling of the above exception, another exception occurred:

Traceback (most recent call last):
  File "E:\Новая папка\env\lib\site-packages\django\core\handlers\exception.py", line 55, in inner
    response = get_response(request)
  File "E:\Новая папка\env\lib\site-packages\django\core\handlers\base.py", line 197, in _get_response
    response = wrapped_callback(request, *callback_args, **callback_kwargs)
  File "E:\Новая папка\env\lib\site-packages\django\views\generic\base.py", line 103, in view
    return self.dispatch(request, *args, **kwargs)
  File "E:\Новая папка\env\lib\site-packages\django\views\generic\base.py", line 142, in dispatch
    return handler(request, *args, **kwargs)
  File "E:\Новая папка\Ugib\ugib\crud\views.py", line 506, in post
    self.data_models.objects.filter(oid = form_data["oid"]).update(**form_data)
  File "E:\Новая папка\env\lib\site-packages\django\db\models\query.py", line 1172, in update
    query.add_update_values(kwargs)
  File "E:\Новая папка\env\lib\site-packages\django\db\models\sql\subqueries.py", line 88, in add_update_values
    field = self.get_meta().get_field(name)
  File "E:\Новая папка\env\lib\site-packages\django\db\models\options.py", line 670, in get_field
    raise FieldDoesNotExist(
django.core.exceptions.FieldDoesNotExist: UdsMeta has no field named 'nt_pag'
2023-04-04 16:46:11,979 django.utils.autoreload INFO     E:\Новая папка\Ugib\ugib\crud\views.py changed, reloading.
2023-04-04 16:46:12,608 django.utils.autoreload INFO     Watching for file changes with StatReloader
2023-04-04 16:46:14,576 crud.views   INFO     Load <class 'crud.models.UdsMeta'> page
2023-04-04 16:46:18,652 django.request ERROR    Internal Server Error: /
Traceback (most recent call last):
  File "E:\Новая папка\env\lib\site-packages\django\db\models\options.py", line 668, in get_field
    return self.fields_map[field_name]
KeyError: 'nt_pag'

During handling of the above exception, another exception occurred:

Traceback (most recent call last):
  File "E:\Новая папка\env\lib\site-packages\django\core\handlers\exception.py", line 55, in inner
    response = get_response(request)
  File "E:\Новая папка\env\lib\site-packages\django\core\handlers\base.py", line 197, in _get_response
    response = wrapped_callback(request, *callback_args, **callback_kwargs)
  File "E:\Новая папка\env\lib\site-packages\django\views\generic\base.py", line 103, in view
    return self.dispatch(request, *args, **kwargs)
  File "E:\Новая папка\env\lib\site-packages\django\views\generic\base.py", line 142, in dispatch
    return handler(request, *args, **kwargs)
  File "E:\Новая папка\Ugib\ugib\crud\views.py", line 506, in post
    self.data_models.objects.filter(oid = form_data["oid"]).update(**form_data)
  File "E:\Новая папка\env\lib\site-packages\django\db\models\query.py", line 1172, in update
    query.add_update_values(kwargs)
  File "E:\Новая папка\env\lib\site-packages\django\db\models\sql\subqueries.py", line 88, in add_update_values
    field = self.get_meta().get_field(name)
  File "E:\Новая папка\env\lib\site-packages\django\db\models\options.py", line 670, in get_field
    raise FieldDoesNotExist(
django.core.exceptions.FieldDoesNotExist: UdsMeta has no field named 'nt_pag'
2023-04-04 16:47:09,727 django.utils.autoreload INFO     E:\Новая папка\Ugib\ugib\crud\views.py changed, reloading.
2023-04-04 16:47:10,341 django.utils.autoreload INFO     Watching for file changes with StatReloader
2023-04-04 16:47:13,165 crud.views   INFO     Load <class 'crud.models.UdsMeta'> page
2023-04-04 16:47:20,063 django.request ERROR    Internal Server Error: /
Traceback (most recent call last):
  File "E:\Новая папка\env\lib\site-packages\django\db\models\options.py", line 668, in get_field
    return self.fields_map[field_name]
KeyError: 'nt_pag'

During handling of the above exception, another exception occurred:

Traceback (most recent call last):
  File "E:\Новая папка\env\lib\site-packages\django\core\handlers\exception.py", line 55, in inner
    response = get_response(request)
  File "E:\Новая папка\env\lib\site-packages\django\core\handlers\base.py", line 197, in _get_response
    response = wrapped_callback(request, *callback_args, **callback_kwargs)
  File "E:\Новая папка\env\lib\site-packages\django\views\generic\base.py", line 103, in view
    return self.dispatch(request, *args, **kwargs)
  File "E:\Новая папка\env\lib\site-packages\django\views\generic\base.py", line 142, in dispatch
    return handler(request, *args, **kwargs)
  File "E:\Новая папка\Ugib\ugib\crud\views.py", line 508, in post
    self.data_models.objects.filter(oid = form_data["oid"]).update(**form_data)
  File "E:\Новая папка\env\lib\site-packages\django\db\models\query.py", line 1172, in update
    query.add_update_values(kwargs)
  File "E:\Новая папка\env\lib\site-packages\django\db\models\sql\subqueries.py", line 88, in add_update_values
    field = self.get_meta().get_field(name)
  File "E:\Новая папка\env\lib\site-packages\django\db\models\options.py", line 670, in get_field
    raise FieldDoesNotExist(
django.core.exceptions.FieldDoesNotExist: UdsMeta has no field named 'nt_pag'
2023-04-04 16:47:32,307 crud.views   INFO     Load <class 'crud.models.UdsMeta'> page
2023-04-04 16:47:33,441 django.request WARNING  Not Found: /favicon.ico
2023-04-04 16:47:34,174 crud.views   INFO     Load <class 'crud.models.UdsMeta'> page
2023-04-04 16:47:35,135 django.request WARNING  Not Found: /favicon.ico
2023-04-04 16:48:03,799 django.utils.autoreload INFO     E:\Новая папка\Ugib\ugib\crud\views.py changed, reloading.
2023-04-04 16:48:04,436 django.utils.autoreload INFO     Watching for file changes with StatReloader
2023-04-04 16:48:13,839 django.utils.autoreload INFO     E:\Новая папка\Ugib\ugib\crud\views.py changed, reloading.
2023-04-04 16:48:14,401 django.utils.autoreload INFO     Watching for file changes with StatReloader
2023-04-04 16:48:38,777 django.utils.autoreload INFO     E:\Новая папка\Ugib\ugib\crud\views.py changed, reloading.
2023-04-04 16:48:39,423 django.utils.autoreload INFO     Watching for file changes with StatReloader
2023-04-04 16:48:51,967 django.utils.autoreload INFO     E:\Новая папка\Ugib\ugib\crud\views.py changed, reloading.
2023-04-04 16:48:52,635 django.utils.autoreload INFO     Watching for file changes with StatReloader
2023-04-04 16:49:02,877 crud.views   INFO     Load <class 'crud.models.UdsMeta'> page
2023-04-04 16:49:04,235 django.request WARNING  Not Found: /favicon.ico
2023-04-04 16:49:08,173 django.request ERROR    Internal Server Error: /
Traceback (most recent call last):
  File "E:\Новая папка\env\lib\site-packages\django\core\handlers\exception.py", line 55, in inner
    response = get_response(request)
  File "E:\Новая папка\env\lib\site-packages\django\core\handlers\base.py", line 197, in _get_response
    response = wrapped_callback(request, *callback_args, **callback_kwargs)
  File "E:\Новая папка\env\lib\site-packages\django\views\generic\base.py", line 103, in view
    return self.dispatch(request, *args, **kwargs)
  File "E:\Новая папка\env\lib\site-packages\django\views\generic\base.py", line 142, in dispatch
    return handler(request, *args, **kwargs)
  File "E:\Новая папка\Ugib\ugib\crud\views.py", line 499, in post
    cur_page_link = form_data.pop("current_page")
KeyError: 'current_page'
2023-04-04 16:49:43,840 django.utils.autoreload INFO     E:\Новая папка\Ugib\ugib\crud\views.py changed, reloading.
2023-04-04 16:49:44,558 django.utils.autoreload INFO     Watching for file changes with StatReloader
2023-04-04 16:49:45,230 crud.views   INFO     Load <class 'crud.models.UdsMeta'> page
2023-04-04 16:49:50,532 django.request ERROR    Internal Server Error: /
Traceback (most recent call last):
  File "E:\Новая папка\env\lib\site-packages\django\core\handlers\exception.py", line 55, in inner
    response = get_response(request)
  File "E:\Новая папка\env\lib\site-packages\django\core\handlers\base.py", line 197, in _get_response
    response = wrapped_callback(request, *callback_args, **callback_kwargs)
  File "E:\Новая папка\env\lib\site-packages\django\views\generic\base.py", line 103, in view
    return self.dispatch(request, *args, **kwargs)
  File "E:\Новая папка\env\lib\site-packages\django\views\generic\base.py", line 142, in dispatch
    return handler(request, *args, **kwargs)
  File "E:\Новая папка\Ugib\ugib\crud\views.py", line 499, in post
    cur_page_link = form_data.pop("current_page")
KeyError: 'current_page'
2023-04-04 16:50:05,889 django.utils.autoreload INFO     E:\Новая папка\Ugib\ugib\crud\views.py changed, reloading.
2023-04-04 16:50:06,499 django.utils.autoreload INFO     Watching for file changes with StatReloader
2023-04-04 16:50:10,440 django.utils.autoreload INFO     E:\Новая папка\Ugib\ugib\crud\views.py changed, reloading.
2023-04-04 16:50:11,112 django.utils.autoreload INFO     Watching for file changes with StatReloader
2023-04-04 16:50:11,844 crud.views   INFO     Load <class 'crud.models.UdsMeta'> page
2023-04-04 16:50:14,527 crud.views   INFO     Load <class 'crud.models.UdsMeta'> page
2023-04-04 16:50:22,133 crud.views   INFO     Load <class 'crud.models.UdsMeta'> page
2023-04-04 16:50:26,823 django.utils.autoreload INFO     E:\Новая папка\Ugib\ugib\crud\views.py changed, reloading.
2023-04-04 16:50:27,585 django.utils.autoreload INFO     Watching for file changes with StatReloader
2023-04-04 16:50:29,692 crud.views   INFO     Load <class 'crud.models.UdsMeta'> page
2023-04-04 16:50:34,163 crud.views   INFO     Load <class 'crud.models.UdsMeta'> page
2023-04-04 16:50:40,266 crud.views   INFO     Load <class 'crud.models.UdsMeta'> page
2023-04-04 16:50:51,607 crud.views   INFO     Load <class 'crud.models.UdsMeta'> page
2023-04-04 16:51:19,984 django.utils.autoreload INFO     E:\Новая папка\Ugib\ugib\crud\views.py changed, reloading.
2023-04-04 16:51:20,623 django.utils.autoreload INFO     Watching for file changes with StatReloader
2023-04-04 16:51:21,270 crud.views   INFO     Load <class 'crud.models.UdsMeta'> page
2023-04-04 16:51:22,974 crud.views   INFO     Load <class 'crud.models.UdsMeta'> page
2023-04-04 16:51:35,274 django.utils.autoreload INFO     E:\Новая папка\Ugib\ugib\crud\views.py changed, reloading.
2023-04-04 16:51:35,890 django.utils.autoreload INFO     Watching for file changes with StatReloader
2023-04-04 16:51:36,633 crud.views   INFO     Load <class 'crud.models.UdsMeta'> page
2023-04-04 16:51:39,146 crud.views   INFO     Load <class 'crud.models.UdsMeta'> page
2023-04-04 16:51:43,083 crud.views   INFO     Load <class 'crud.models.UdsMeta'> page
2023-04-04 16:51:52,476 crud.views   INFO     Load <class 'crud.models.UdsMeta'> page
2023-04-04 16:51:54,186 crud.views   INFO     Load <class 'crud.models.UdsMeta'> page
2023-04-04 16:52:06,817 crud.views   INFO     Load <class 'crud.models.UdsMeta'> page
2023-04-04 16:52:29,203 django.utils.autoreload INFO     E:\Новая папка\Ugib\ugib\crud\views.py changed, reloading.
2023-04-04 16:52:29,811 django.utils.autoreload INFO     Watching for file changes with StatReloader
2023-04-04 16:52:46,660 django.utils.autoreload INFO     E:\Новая папка\Ugib\ugib\crud\views.py changed, reloading.
2023-04-04 16:52:47,250 django.utils.autoreload INFO     Watching for file changes with StatReloader
2023-04-04 16:53:08,432 django.utils.autoreload INFO     E:\Новая папка\Ugib\ugib\crud\views.py changed, reloading.
2023-04-04 16:53:09,018 django.utils.autoreload INFO     Watching for file changes with StatReloader
2023-04-04 16:53:14,038 django.utils.autoreload INFO     E:\Новая папка\Ugib\ugib\crud\views.py changed, reloading.
2023-04-04 16:53:14,607 django.utils.autoreload INFO     Watching for file changes with StatReloader
2023-04-04 16:53:27,055 django.utils.autoreload INFO     E:\Новая папка\Ugib\ugib\crud\views.py changed, reloading.
2023-04-04 16:53:27,618 django.utils.autoreload INFO     Watching for file changes with StatReloader
2023-04-04 16:53:31,605 django.utils.autoreload INFO     E:\Новая папка\Ugib\ugib\crud\views.py changed, reloading.
2023-04-04 16:53:32,172 django.utils.autoreload INFO     Watching for file changes with StatReloader
2023-04-04 16:53:51,135 django.utils.autoreload INFO     E:\Новая папка\Ugib\ugib\crud\views.py changed, reloading.
2023-04-04 16:53:51,716 django.utils.autoreload INFO     Watching for file changes with StatReloader
2023-04-04 16:53:56,770 django.utils.autoreload INFO     E:\Новая папка\Ugib\ugib\crud\views.py changed, reloading.
2023-04-04 16:53:57,335 django.utils.autoreload INFO     Watching for file changes with StatReloader
2023-04-04 16:54:10,892 django.utils.autoreload INFO     E:\Новая папка\Ugib\ugib\crud\views.py changed, reloading.
2023-04-04 16:54:11,475 django.utils.autoreload INFO     Watching for file changes with StatReloader
2023-04-04 16:57:41,449 django.utils.autoreload INFO     E:\Новая папка\Ugib\ugib\crud\views.py changed, reloading.
2023-04-04 16:57:42,117 django.utils.autoreload INFO     Watching for file changes with StatReloader
2023-04-04 16:57:53,561 django.utils.autoreload INFO     E:\Новая папка\Ugib\ugib\crud\views.py changed, reloading.
2023-04-04 16:57:54,153 django.utils.autoreload INFO     Watching for file changes with StatReloader
2023-04-04 16:58:30,271 django.utils.autoreload INFO     E:\Новая папка\Ugib\ugib\crud\views.py changed, reloading.
2023-04-04 16:58:30,862 django.utils.autoreload INFO     Watching for file changes with StatReloader
2023-04-04 16:58:39,050 django.utils.autoreload INFO     E:\Новая папка\Ugib\ugib\crud\views.py changed, reloading.
2023-04-04 16:58:39,607 django.utils.autoreload INFO     Watching for file changes with StatReloader
2023-04-04 16:58:58,558 django.utils.autoreload INFO     E:\Новая папка\Ugib\ugib\crud\views.py changed, reloading.
2023-04-04 16:58:59,129 django.utils.autoreload INFO     Watching for file changes with StatReloader
2023-04-04 16:59:18,322 crud.views   INFO     Load <class 'crud.models.UdsMeta'> page
2023-04-04 16:59:20,401 crud.views   INFO     Load <class 'crud.models.UdsMeta'> page
2023-04-04 16:59:21,686 django.request WARNING  Not Found: /favicon.ico
2023-04-04 16:59:25,589 crud.views   INFO     Load <class 'crud.models.UdsMeta'> page
2023-04-04 16:59:29,481 crud.views   INFO     Load <class 'crud.models.UdsMeta'> page
2023-04-04 16:59:37,018 crud.views   INFO     Load <class 'crud.models.UdsMeta'> page
2023-04-04 16:59:41,326 crud.views   INFO     Load <class 'crud.models.UdsMeta'> page
2023-04-04 17:00:03,008 django.utils.autoreload INFO     E:\Новая папка\Ugib\ugib\crud\views.py changed, reloading.
2023-04-04 17:00:03,643 django.utils.autoreload INFO     Watching for file changes with StatReloader
2023-04-04 17:00:04,261 crud.views   INFO     Load <class 'crud.models.UdsMeta'> page
2023-04-04 17:00:05,361 crud.views   INFO     Load <class 'crud.models.UdsMeta'> page
2023-04-04 17:00:06,508 django.request WARNING  Not Found: /favicon.ico
2023-04-04 17:00:09,130 crud.views   INFO     Load <class 'crud.models.UdsMeta'> page
2023-04-04 17:00:14,071 crud.views   INFO     Load <class 'crud.models.UdsMeta'> page
2023-04-04 17:00:26,705 crud.views   INFO     Load <class 'crud.models.UdsMeta'> page
2023-04-04 17:00:31,599 django.utils.autoreload INFO     E:\Новая папка\Ugib\ugib\crud\views.py changed, reloading.
2023-04-04 17:00:32,192 django.utils.autoreload INFO     Watching for file changes with StatReloader
2023-04-04 17:00:37,157 django.utils.autoreload INFO     E:\Новая папка\Ugib\ugib\crud\views.py changed, reloading.
2023-04-04 17:00:37,728 django.utils.autoreload INFO     Watching for file changes with StatReloader
2023-04-04 17:00:38,450 crud.views   INFO     Load <class 'crud.models.UdsMeta'> page
2023-04-04 17:00:39,124 crud.views   INFO     Load <class 'crud.models.UdsMeta'> page
2023-04-04 17:00:39,506 django.request WARNING  Not Found: /favicon.ico
2023-04-04 17:00:40,341 django.request WARNING  Not Found: /favicon.ico
2023-04-04 17:00:42,377 crud.views   INFO     Load <class 'crud.models.UdsMeta'> page
2023-04-04 17:00:45,557 crud.views   INFO     Load <class 'crud.models.UdsMeta'> page
2023-04-04 17:01:01,154 django.utils.autoreload INFO     E:\Новая папка\Ugib\ugib\crud\views.py changed, reloading.
2023-04-04 17:01:01,823 django.utils.autoreload INFO     Watching for file changes with StatReloader
2023-04-04 17:01:02,889 crud.views   INFO     Load <class 'crud.models.UdsMeta'> page
2023-04-04 17:01:04,360 crud.views   INFO     Load <class 'crud.models.UdsMeta'> page
2023-04-04 17:01:07,176 crud.views   INFO     Load <class 'crud.models.UdsMeta'> page
2023-04-04 17:29:29,983 django.utils.autoreload INFO     E:\Новая папка\Ugib\ugib\crud\views.py changed, reloading.
2023-04-04 17:29:30,618 django.utils.autoreload INFO     Watching for file changes with StatReloader
2023-04-06 09:09:56,505 django.utils.autoreload INFO     Watching for file changes with StatReloader
2023-04-06 09:44:06,965 django.utils.autoreload INFO     Watching for file changes with StatReloader
2023-04-06 09:44:08,697 crud.views   INFO     Load <class 'crud.models.UdsMeta'> page
2023-04-06 09:44:10,155 django.request WARNING  Not Found: /favicon.ico
2023-04-06 09:44:12,092 crud.views   INFO     Load <class 'grr.models.UdsMetaGrrAccom'> page
2023-04-06 09:44:16,603 django.request ERROR    Internal Server Error: /grr-accom/
Traceback (most recent call last):
  File "E:\Новая папка\env\lib\site-packages\django\utils\datastructures.py", line 84, in __getitem__
    list_ = super().__getitem__(key)
KeyError: 'current_page'

During handling of the above exception, another exception occurred:

Traceback (most recent call last):
  File "E:\Новая папка\env\lib\site-packages\django\core\handlers\exception.py", line 55, in inner
    response = get_response(request)
  File "E:\Новая папка\env\lib\site-packages\django\core\handlers\base.py", line 197, in _get_response
    response = wrapped_callback(request, *callback_args, **callback_kwargs)
  File "E:\Новая папка\env\lib\site-packages\django\views\generic\base.py", line 103, in view
    return self.dispatch(request, *args, **kwargs)
  File "E:\Новая папка\env\lib\site-packages\django\views\generic\base.py", line 142, in dispatch
    return handler(request, *args, **kwargs)
  File "E:\Новая папка\Ugib\ugib\crud\views.py", line 353, in post
    cur_page_link = request.POST["current_page"]
  File "E:\Новая папка\env\lib\site-packages\django\utils\datastructures.py", line 86, in __getitem__
    raise MultiValueDictKeyError(key)
django.utils.datastructures.MultiValueDictKeyError: 'current_page'
2023-04-06 09:52:52,604 crud.views   INFO     Load <class 'grr.models.UdsMetaGrrAccom'> page
2023-04-06 09:52:53,764 django.request WARNING  Not Found: /favicon.ico
2023-04-06 09:52:53,879 crud.views   INFO     Load <class 'grr.models.UdsMetaGrrAccom'> page
2023-04-06 09:52:54,764 django.request WARNING  Not Found: /favicon.ico
2023-04-06 09:52:56,114 django.request ERROR    Internal Server Error: /grr-accom/
Traceback (most recent call last):
  File "E:\Новая папка\env\lib\site-packages\django\db\backends\utils.py", line 89, in _execute
    return self.cursor.execute(sql, params)
psycopg2.errors.ForeignKeyViolation: ОШИБКА:  UPDATE или DELETE в таблице "uds_meta_grr_accom" нарушает ограничение внешнего ключа "uds_meta_grr_accom_geom_uniq_id_fkey" таблицы "uds_meta_grr_accom_geom"
DETAIL:  На ключ (uniq_id)=(g14s01y2021m08d22n14e) всё ещё есть ссылки в таблице "uds_meta_grr_accom_geom".


The above exception was the direct cause of the following exception:

Traceback (most recent call last):
  File "E:\Новая папка\env\lib\site-packages\django\core\handlers\exception.py", line 55, in inner
    response = get_response(request)
  File "E:\Новая папка\env\lib\site-packages\django\core\handlers\base.py", line 197, in _get_response
    response = wrapped_callback(request, *callback_args, **callback_kwargs)
  File "E:\Новая папка\env\lib\site-packages\django\views\generic\base.py", line 103, in view
    return self.dispatch(request, *args, **kwargs)
  File "E:\Новая папка\env\lib\site-packages\django\views\generic\base.py", line 142, in dispatch
    return handler(request, *args, **kwargs)
  File "E:\Новая папка\Ugib\ugib\crud\views.py", line 361, in post
    udsMetaObj.delete()
  File "E:\Новая папка\env\lib\site-packages\django\db\models\base.py", line 1118, in delete
    return collector.delete()
  File "E:\Новая папка\env\lib\site-packages\django\db\models\deletion.py", line 448, in delete
    count = sql.DeleteQuery(model).delete_batch(
  File "E:\Новая папка\env\lib\site-packages\django\db\models\sql\subqueries.py", line 42, in delete_batch
    num_deleted += self.do_query(
  File "E:\Новая папка\env\lib\site-packages\django\db\models\sql\subqueries.py", line 20, in do_query
    cursor = self.get_compiler(using).execute_sql(CURSOR)
  File "E:\Новая папка\env\lib\site-packages\django\db\models\sql\compiler.py", line 1398, in execute_sql
    cursor.execute(sql, params)
  File "E:\Новая папка\env\lib\site-packages\debug_toolbar\panels\sql\tracking.py", line 230, in execute
    return self._record(self.cursor.execute, sql, params)
  File "E:\Новая папка\env\lib\site-packages\debug_toolbar\panels\sql\tracking.py", line 154, in _record
    return method(sql, params)
  File "E:\Новая папка\env\lib\site-packages\django\db\backends\utils.py", line 103, in execute
    return super().execute(sql, params)
  File "E:\Новая папка\env\lib\site-packages\django\db\backends\utils.py", line 67, in execute
    return self._execute_with_wrappers(
  File "E:\Новая папка\env\lib\site-packages\django\db\backends\utils.py", line 80, in _execute_with_wrappers
    return executor(sql, params, many, context)
  File "E:\Новая папка\env\lib\site-packages\django\db\backends\utils.py", line 84, in _execute
    with self.db.wrap_database_errors:
  File "E:\Новая папка\env\lib\site-packages\django\db\utils.py", line 91, in __exit__
    raise dj_exc_value.with_traceback(traceback) from exc_value
  File "E:\Новая папка\env\lib\site-packages\django\db\backends\utils.py", line 89, in _execute
    return self.cursor.execute(sql, params)
django.db.utils.IntegrityError: ОШИБКА:  UPDATE или DELETE в таблице "uds_meta_grr_accom" нарушает ограничение внешнего ключа "uds_meta_grr_accom_geom_uniq_id_fkey" таблицы "uds_meta_grr_accom_geom"
DETAIL:  На ключ (uniq_id)=(g14s01y2021m08d22n14e) всё ещё есть ссылки в таблице "uds_meta_grr_accom_geom".

2023-04-06 09:53:24,339 crud.views   INFO     Load <class 'crud.models.UdsMeta'> page
2023-04-06 09:53:26,108 crud.views   INFO     Load <class 'crud.models.UdsMeta'> page
2023-04-06 09:53:29,383 crud.views   INFO     Load <class 'crud.models.UdsMetaApr'> page
2023-04-06 09:53:31,300 crud.views   INFO     Load <class 'crud.models.UdsMetaApr'> page
2023-04-06 09:53:33,005 crud.views   INFO     Load <class 'grr.models.UdsMetaGrrStage'> page
2023-04-06 09:53:34,535 django.request ERROR    Internal Server Error: /grr-stage/
Traceback (most recent call last):
  File "E:\Новая папка\env\lib\site-packages\django\utils\datastructures.py", line 84, in __getitem__
    list_ = super().__getitem__(key)
KeyError: 'current_page'

During handling of the above exception, another exception occurred:

Traceback (most recent call last):
  File "E:\Новая папка\env\lib\site-packages\django\core\handlers\exception.py", line 55, in inner
    response = get_response(request)
  File "E:\Новая папка\env\lib\site-packages\django\core\handlers\base.py", line 197, in _get_response
    response = wrapped_callback(request, *callback_args, **callback_kwargs)
  File "E:\Новая папка\env\lib\site-packages\django\views\generic\base.py", line 103, in view
    return self.dispatch(request, *args, **kwargs)
  File "E:\Новая папка\env\lib\site-packages\django\views\generic\base.py", line 142, in dispatch
    return handler(request, *args, **kwargs)
  File "E:\Новая папка\Ugib\ugib\crud\views.py", line 353, in post
    cur_page_link = request.POST["current_page"]
  File "E:\Новая папка\env\lib\site-packages\django\utils\datastructures.py", line 86, in __getitem__
    raise MultiValueDictKeyError(key)
django.utils.datastructures.MultiValueDictKeyError: 'current_page'
2023-04-06 09:55:18,157 crud.views   INFO     Load <class 'grr.models.UdsMetaGrrStage'> page
2023-04-06 09:55:19,248 django.request WARNING  Not Found: /favicon.ico
2023-04-06 09:55:20,714 django.request ERROR    Internal Server Error: /grr-stage/
Traceback (most recent call last):
  File "E:\Новая папка\env\lib\site-packages\django\db\backends\utils.py", line 89, in _execute
    return self.cursor.execute(sql, params)
psycopg2.errors.ForeignKeyViolation: ОШИБКА:  UPDATE или DELETE в таблице "uds_meta_grr_stage" нарушает ограничение внешнего ключа "uds_meta_grr_stage_geom_uniq_id_fkey" таблицы "uds_meta_grr_stage_geom"
DETAIL:  На ключ (uniq_id)=(g14s01y2022m3d1n49e) всё ещё есть ссылки в таблице "uds_meta_grr_stage_geom".


The above exception was the direct cause of the following exception:

Traceback (most recent call last):
  File "E:\Новая папка\env\lib\site-packages\django\core\handlers\exception.py", line 55, in inner
    response = get_response(request)
  File "E:\Новая папка\env\lib\site-packages\django\core\handlers\base.py", line 197, in _get_response
    response = wrapped_callback(request, *callback_args, **callback_kwargs)
  File "E:\Новая папка\env\lib\site-packages\django\views\generic\base.py", line 103, in view
    return self.dispatch(request, *args, **kwargs)
  File "E:\Новая папка\env\lib\site-packages\django\views\generic\base.py", line 142, in dispatch
    return handler(request, *args, **kwargs)
  File "E:\Новая папка\Ugib\ugib\crud\views.py", line 361, in post
    udsMetaObj.delete()
  File "E:\Новая папка\env\lib\site-packages\django\db\models\base.py", line 1118, in delete
    return collector.delete()
  File "E:\Новая папка\env\lib\site-packages\django\db\models\deletion.py", line 448, in delete
    count = sql.DeleteQuery(model).delete_batch(
  File "E:\Новая папка\env\lib\site-packages\django\db\models\sql\subqueries.py", line 42, in delete_batch
    num_deleted += self.do_query(
  File "E:\Новая папка\env\lib\site-packages\django\db\models\sql\subqueries.py", line 20, in do_query
    cursor = self.get_compiler(using).execute_sql(CURSOR)
  File "E:\Новая папка\env\lib\site-packages\django\db\models\sql\compiler.py", line 1398, in execute_sql
    cursor.execute(sql, params)
  File "E:\Новая папка\env\lib\site-packages\debug_toolbar\panels\sql\tracking.py", line 230, in execute
    return self._record(self.cursor.execute, sql, params)
  File "E:\Новая папка\env\lib\site-packages\debug_toolbar\panels\sql\tracking.py", line 154, in _record
    return method(sql, params)
  File "E:\Новая папка\env\lib\site-packages\django\db\backends\utils.py", line 103, in execute
    return super().execute(sql, params)
  File "E:\Новая папка\env\lib\site-packages\django\db\backends\utils.py", line 67, in execute
    return self._execute_with_wrappers(
  File "E:\Новая папка\env\lib\site-packages\django\db\backends\utils.py", line 80, in _execute_with_wrappers
    return executor(sql, params, many, context)
  File "E:\Новая папка\env\lib\site-packages\django\db\backends\utils.py", line 84, in _execute
    with self.db.wrap_database_errors:
  File "E:\Новая папка\env\lib\site-packages\django\db\utils.py", line 91, in __exit__
    raise dj_exc_value.with_traceback(traceback) from exc_value
  File "E:\Новая папка\env\lib\site-packages\django\db\backends\utils.py", line 89, in _execute
    return self.cursor.execute(sql, params)
django.db.utils.IntegrityError: ОШИБКА:  UPDATE или DELETE в таблице "uds_meta_grr_stage" нарушает ограничение внешнего ключа "uds_meta_grr_stage_geom_uniq_id_fkey" таблицы "uds_meta_grr_stage_geom"
DETAIL:  На ключ (uniq_id)=(g14s01y2022m3d1n49e) всё ещё есть ссылки в таблице "uds_meta_grr_stage_geom".

2023-04-06 10:07:10,016 django.utils.autoreload INFO     Watching for file changes with StatReloader
2023-04-06 10:07:12,550 crud.views   INFO     Load <class 'crud.models.UdsMeta'> page
2023-04-06 10:07:15,645 crud.views   INFO     Load <class 'crud.models.UdsMetaApr'> page
2023-04-06 10:07:16,627 crud.views   INFO     Load <class 'crud.models.UdsMeta'> page
2023-04-06 10:10:05,425 django.utils.autoreload INFO     E:\Новая папка\Ugib\ugib\crud\views.py changed, reloading.
2023-04-06 10:10:06,133 django.utils.autoreload INFO     Watching for file changes with StatReloader
2023-04-06 10:10:35,753 django.utils.autoreload INFO     E:\Новая папка\Ugib\ugib\crud\views.py changed, reloading.
2023-04-06 10:10:36,360 django.utils.autoreload INFO     Watching for file changes with StatReloader
2023-04-06 10:10:53,439 django.utils.autoreload INFO     E:\Новая папка\Ugib\ugib\crud\views.py changed, reloading.
2023-04-06 10:10:54,035 django.utils.autoreload INFO     Watching for file changes with StatReloader
2023-04-06 10:11:02,300 django.utils.autoreload INFO     E:\Новая папка\Ugib\ugib\crud\views.py changed, reloading.
2023-04-06 10:11:02,847 django.utils.autoreload INFO     Watching for file changes with StatReloader
2023-04-06 10:11:14,337 django.utils.autoreload INFO     E:\Новая папка\Ugib\ugib\crud\views.py changed, reloading.
2023-04-06 10:11:14,925 django.utils.autoreload INFO     Watching for file changes with StatReloader
2023-04-06 10:11:40,439 django.utils.autoreload INFO     E:\Новая папка\Ugib\ugib\crud\views.py changed, reloading.
2023-04-06 10:11:41,013 django.utils.autoreload INFO     Watching for file changes with StatReloader
2023-04-06 10:12:40,774 django.utils.autoreload INFO     E:\Новая папка\Ugib\ugib\crud\views.py changed, reloading.
2023-04-06 10:12:41,386 django.utils.autoreload INFO     Watching for file changes with StatReloader
2023-04-06 10:13:10,041 django.utils.autoreload INFO     E:\Новая папка\Ugib\ugib\crud\views.py changed, reloading.
2023-04-06 10:13:10,616 django.utils.autoreload INFO     Watching for file changes with StatReloader
2023-04-06 10:13:25,823 django.utils.autoreload INFO     E:\Новая папка\Ugib\ugib\crud\views.py changed, reloading.
2023-04-06 10:13:26,357 django.utils.autoreload INFO     Watching for file changes with StatReloader
2023-04-06 10:14:04,862 django.utils.autoreload INFO     E:\Новая папка\Ugib\ugib\crud\views.py changed, reloading.
2023-04-06 10:14:05,386 django.utils.autoreload INFO     Watching for file changes with StatReloader
2023-04-06 10:14:26,598 django.utils.autoreload INFO     E:\Новая папка\Ugib\ugib\crud\views.py changed, reloading.
2023-04-06 10:14:27,185 django.utils.autoreload INFO     Watching for file changes with StatReloader
2023-04-06 10:14:40,123 django.utils.autoreload INFO     E:\Новая папка\Ugib\ugib\crud\views.py changed, reloading.
2023-04-06 10:14:40,656 django.utils.autoreload INFO     Watching for file changes with StatReloader
2023-04-06 10:14:49,967 django.utils.autoreload INFO     E:\Новая папка\Ugib\ugib\crud\views.py changed, reloading.
2023-04-06 10:14:50,536 django.utils.autoreload INFO     Watching for file changes with StatReloader
2023-04-06 10:15:03,520 django.utils.autoreload INFO     E:\Новая папка\Ugib\ugib\crud\views.py changed, reloading.
2023-04-06 10:15:04,083 django.utils.autoreload INFO     Watching for file changes with StatReloader
2023-04-06 10:15:11,693 django.utils.autoreload INFO     E:\Новая папка\Ugib\ugib\crud\views.py changed, reloading.
2023-04-06 10:15:12,226 django.utils.autoreload INFO     Watching for file changes with StatReloader
2023-04-06 10:15:22,162 crud.views   INFO     Load <class 'crud.models.UdsMeta'> page
2023-04-06 10:15:27,972 crud.views   INFO     Load <class 'crud.models.UdsMeta'> page
2023-04-06 10:15:30,269 crud.views   INFO     Load <class 'grr.models.UdsMetaGrrAccom'> page
2023-04-06 10:15:34,648 crud.views   INFO     Load <class 'grr.models.UdsMetaGrrStage'> page
2023-04-06 10:15:36,383 django.request ERROR    Internal Server Error: /grr-stage/
Traceback (most recent call last):
  File "E:\Новая папка\env\lib\site-packages\django\db\backends\utils.py", line 89, in _execute
    return self.cursor.execute(sql, params)
psycopg2.errors.SyntaxError: ОШИБКА:  ошибка синтаксиса (примерное положение: "-")
LINE 1: DELETE FROM uds_meta_grr-stage_geom WHERE uniq_id = 'g14s01y...
                                ^


The above exception was the direct cause of the following exception:

Traceback (most recent call last):
  File "E:\Новая папка\env\lib\site-packages\django\core\handlers\exception.py", line 55, in inner
    response = get_response(request)
  File "E:\Новая папка\env\lib\site-packages\django\core\handlers\base.py", line 197, in _get_response
    response = wrapped_callback(request, *callback_args, **callback_kwargs)
  File "E:\Новая папка\env\lib\site-packages\django\views\generic\base.py", line 103, in view
    return self.dispatch(request, *args, **kwargs)
  File "E:\Новая папка\env\lib\site-packages\django\views\generic\base.py", line 142, in dispatch
    return handler(request, *args, **kwargs)
  File "E:\Новая папка\Ugib\ugib\crud\views.py", line 363, in post
    cursor.execute(f'DELETE FROM uds_meta_{choise}_geom WHERE uniq_id = %s',[udsMetaObj.uniq_id])
  File "E:\Новая папка\env\lib\site-packages\debug_toolbar\panels\sql\tracking.py", line 230, in execute
    return self._record(self.cursor.execute, sql, params)
  File "E:\Новая папка\env\lib\site-packages\debug_toolbar\panels\sql\tracking.py", line 154, in _record
    return method(sql, params)
  File "E:\Новая папка\env\lib\site-packages\django\db\backends\utils.py", line 103, in execute
    return super().execute(sql, params)
  File "E:\Новая папка\env\lib\site-packages\django\db\backends\utils.py", line 67, in execute
    return self._execute_with_wrappers(
  File "E:\Новая папка\env\lib\site-packages\django\db\backends\utils.py", line 80, in _execute_with_wrappers
    return executor(sql, params, many, context)
  File "E:\Новая папка\env\lib\site-packages\django\db\backends\utils.py", line 84, in _execute
    with self.db.wrap_database_errors:
  File "E:\Новая папка\env\lib\site-packages\django\db\utils.py", line 91, in __exit__
    raise dj_exc_value.with_traceback(traceback) from exc_value
  File "E:\Новая папка\env\lib\site-packages\django\db\backends\utils.py", line 89, in _execute
    return self.cursor.execute(sql, params)
django.db.utils.ProgrammingError: ОШИБКА:  ошибка синтаксиса (примерное положение: "-")
LINE 1: DELETE FROM uds_meta_grr-stage_geom WHERE uniq_id = 'g14s01y...
                                ^

2023-04-06 10:15:57,713 django.utils.autoreload INFO     E:\Новая папка\Ugib\ugib\crud\views.py changed, reloading.
2023-04-06 10:15:58,452 django.utils.autoreload INFO     Watching for file changes with StatReloader
2023-04-06 10:16:43,129 django.utils.autoreload INFO     E:\Новая папка\Ugib\ugib\crud\views.py changed, reloading.
2023-04-06 10:16:44,322 django.utils.autoreload INFO     Watching for file changes with StatReloader
2023-04-06 10:16:46,621 crud.views   INFO     Load <class 'grr.models.UdsMetaGrrStage'> page
2023-04-06 10:16:49,830 crud.views   INFO     Load <class 'grr.models.UdsMetaGrrStage'> page
2023-04-06 10:16:55,851 crud.views   INFO     Load <class 'grr.models.UdsMetaGrrStage'> page
2023-04-06 10:16:58,461 crud.views   INFO     Load <class 'grr.models.UdsMetaGrrAccom'> page
2023-04-06 10:17:00,423 crud.views   INFO     Load <class 'grr.models.UdsMetaGrrAccom'> page
2023-04-06 10:17:14,663 crud.views   INFO     Load <class 'grr.models.UdsMetaGrrAccom'> page
2023-04-06 10:17:21,070 django.request ERROR    Internal Server Error: /grr-accom/
Traceback (most recent call last):
  File "E:\Новая папка\env\lib\site-packages\django\utils\datastructures.py", line 84, in __getitem__
    list_ = super().__getitem__(key)
KeyError: 'current_page'

During handling of the above exception, another exception occurred:

Traceback (most recent call last):
  File "E:\Новая папка\env\lib\site-packages\django\core\handlers\exception.py", line 55, in inner
    response = get_response(request)
  File "E:\Новая папка\env\lib\site-packages\django\core\handlers\base.py", line 197, in _get_response
    response = wrapped_callback(request, *callback_args, **callback_kwargs)
  File "E:\Новая папка\env\lib\site-packages\django\views\generic\base.py", line 103, in view
    return self.dispatch(request, *args, **kwargs)
  File "E:\Новая папка\env\lib\site-packages\django\views\generic\base.py", line 142, in dispatch
    return handler(request, *args, **kwargs)
  File "E:\Новая папка\Ugib\ugib\crud\views.py", line 529, in post
    cur_page_link = request.POST["current_page"]
  File "E:\Новая папка\env\lib\site-packages\django\utils\datastructures.py", line 86, in __getitem__
    raise MultiValueDictKeyError(key)
django.utils.datastructures.MultiValueDictKeyError: 'current_page'
2023-04-06 10:18:06,604 crud.views   INFO     Load <class 'grr.models.UdsMetaGrrAccom'> page
2023-04-06 10:18:10,660 crud.views   INFO     Load <class 'grr.models.UdsMetaGrrAccom'> page
2023-04-06 10:18:12,689 django.request WARNING  Not Found: /favicon.ico
2023-04-06 10:18:15,069 crud.views   INFO     Load <class 'grr.models.UdsMetaGrrAccom'> page
2023-04-06 10:18:19,052 crud.views   INFO     Load <class 'grr.models.UdsMetaGrrAccom'> page
2023-04-06 10:18:21,764 crud.views   INFO     Load <class 'grr.models.UdsMetaGrrStage'> page
2023-04-06 10:18:47,835 crud.views   INFO     Load <class 'grr.models.UdsMetaGrrStage'> page
2023-04-06 10:18:48,483 crud.views   INFO     Load <class 'grr.models.UdsMetaGrrStage'> page
2023-04-06 10:18:49,663 django.request WARNING  Not Found: /favicon.ico
2023-04-06 10:18:53,213 crud.views   INFO     Load <class 'grr.models.UdsMetaGrrStage'> page
2023-04-06 10:18:56,457 crud.views   INFO     Load <class 'grr.models.UdsMetaGrrStage'> page
2023-04-06 10:28:34,201 django.utils.autoreload INFO     E:\Новая папка\Ugib\ugib\crud\views.py changed, reloading.
2023-04-06 10:28:35,026 django.utils.autoreload INFO     Watching for file changes with StatReloader
2023-04-06 10:29:03,941 django.utils.autoreload INFO     E:\Новая папка\Ugib\ugib\crud\views.py changed, reloading.
2023-04-06 10:29:04,474 django.utils.autoreload INFO     Watching for file changes with StatReloader
2023-04-06 10:29:43,707 django.utils.autoreload INFO     E:\Новая папка\Ugib\ugib\crud\views.py changed, reloading.
2023-04-06 10:29:44,248 django.utils.autoreload INFO     Watching for file changes with StatReloader
2023-04-06 10:30:13,153 django.utils.autoreload INFO     E:\Новая папка\Ugib\ugib\crud\views.py changed, reloading.
2023-04-06 10:30:13,673 django.utils.autoreload INFO     Watching for file changes with StatReloader
2023-04-06 10:30:27,756 django.utils.autoreload INFO     E:\Новая папка\Ugib\ugib\crud\views.py changed, reloading.
2023-04-06 10:30:28,333 django.utils.autoreload INFO     Watching for file changes with StatReloader
2023-04-06 10:30:34,856 django.utils.autoreload INFO     E:\Новая папка\Ugib\ugib\crud\views.py changed, reloading.
2023-04-06 10:30:35,389 django.utils.autoreload INFO     Watching for file changes with StatReloader
2023-04-06 10:30:55,673 django.utils.autoreload INFO     E:\Новая папка\Ugib\ugib\crud\views.py changed, reloading.
2023-04-06 10:30:56,205 django.utils.autoreload INFO     Watching for file changes with StatReloader
2023-04-06 10:31:13,353 django.utils.autoreload INFO     E:\Новая папка\Ugib\ugib\crud\views.py changed, reloading.
2023-04-06 10:31:13,913 django.utils.autoreload INFO     Watching for file changes with StatReloader
2023-04-06 10:31:36,405 django.utils.autoreload INFO     E:\Новая папка\Ugib\ugib\crud\views.py changed, reloading.
2023-04-06 10:31:36,970 django.utils.autoreload INFO     Watching for file changes with StatReloader
2023-04-06 10:31:42,438 django.utils.autoreload INFO     E:\Новая папка\Ugib\ugib\crud\views.py changed, reloading.
2023-04-06 10:31:43,059 django.utils.autoreload INFO     Watching for file changes with StatReloader
2023-04-06 10:32:46,683 django.utils.autoreload INFO     E:\Новая папка\Ugib\ugib\crud\views.py changed, reloading.
2023-04-06 10:32:47,227 django.utils.autoreload INFO     Watching for file changes with StatReloader
2023-04-06 10:32:47,868 crud.views   INFO     Load <class 'crud.models.UdsMeta'> page
2023-04-06 10:34:07,694 django.utils.autoreload INFO     E:\Новая папка\Ugib\ugib\crud\views.py changed, reloading.
2023-04-06 10:34:08,294 django.utils.autoreload INFO     Watching for file changes with StatReloader
2023-04-06 10:34:21,224 django.utils.autoreload INFO     E:\Новая папка\Ugib\ugib\crud\views.py changed, reloading.
2023-04-06 10:34:21,779 django.utils.autoreload INFO     Watching for file changes with StatReloader
2023-04-06 10:34:24,693 django.utils.autoreload INFO     E:\Новая папка\Ugib\ugib\crud\views.py changed, reloading.
2023-04-06 10:34:25,275 django.utils.autoreload INFO     Watching for file changes with StatReloader
2023-04-06 10:42:37,920 django.utils.autoreload INFO     E:\Новая папка\Ugib\ugib\crud\views.py changed, reloading.
2023-04-06 10:42:38,484 django.utils.autoreload INFO     Watching for file changes with StatReloader
2023-04-06 10:43:18,908 django.utils.autoreload INFO     E:\Новая папка\Ugib\ugib\crud\views.py changed, reloading.
2023-04-06 10:43:19,487 django.utils.autoreload INFO     Watching for file changes with StatReloader
2023-04-06 10:59:56,671 django.utils.autoreload INFO     E:\Новая папка\Ugib\ugib\crud\urls.py changed, reloading.
2023-04-06 10:59:57,404 django.utils.autoreload INFO     Watching for file changes with StatReloader
2023-04-06 11:10:46,437 django.utils.autoreload INFO     E:\Новая папка\Ugib\ugib\crud\urls.py changed, reloading.
2023-04-06 11:10:47,105 django.utils.autoreload INFO     Watching for file changes with StatReloader
2023-04-06 11:10:57,448 django.utils.autoreload INFO     E:\Новая папка\Ugib\ugib\crud\urls.py changed, reloading.
2023-04-06 11:10:58,018 django.utils.autoreload INFO     Watching for file changes with StatReloader
2023-04-06 11:11:49,330 crud.views   INFO     Load <class 'crud.models.UdsMeta'> page
2023-04-06 11:11:50,627 django.request WARNING  Not Found: /favicon.ico
2023-04-06 11:12:00,113 django.request ERROR    Internal Server Error: /create
Traceback (most recent call last):
  File "E:\Новая папка\env\lib\site-packages\django\core\handlers\exception.py", line 55, in inner
    response = get_response(request)
  File "E:\Новая папка\env\lib\site-packages\django\utils\deprecation.py", line 135, in __call__
    response = self.process_request(request)
  File "E:\Новая папка\env\lib\site-packages\django\middleware\common.py", line 54, in process_request
    path = self.get_full_path_with_slash(request)
  File "E:\Новая папка\env\lib\site-packages\django\middleware\common.py", line 88, in get_full_path_with_slash
    raise RuntimeError(
RuntimeError: You called this URL via POST, but the URL doesn't end in a slash and you have APPEND_SLASH set. Django can't redirect to the slash URL while maintaining POST data. Change your form to point to localhost:8000/create/ (note the trailing slash), or set APPEND_SLASH=False in your Django settings.
2023-04-06 11:12:45,651 crud.views   INFO     Load <class 'crud.models.UdsMeta'> page
2023-04-06 11:12:50,560 django.request ERROR    Internal Server Error: /create/
Traceback (most recent call last):
  File "E:\Новая папка\env\lib\site-packages\django\core\handlers\exception.py", line 55, in inner
    response = get_response(request)
  File "E:\Новая папка\env\lib\site-packages\django\core\handlers\base.py", line 204, in _get_response
    self.check_response(response, callback)
  File "E:\Новая папка\env\lib\site-packages\django\core\handlers\base.py", line 332, in check_response
    raise ValueError(
ValueError: The view crud.views.crate_post didn't return an HttpResponse object. It returned None instead.
2023-04-06 11:13:06,508 crud.views   INFO     Load <class 'crud.models.UdsMeta'> page
2023-04-06 11:13:06,801 django.utils.autoreload INFO     E:\Новая папка\Ugib\ugib\crud\views.py changed, reloading.
2023-04-06 11:13:07,412 django.utils.autoreload INFO     Watching for file changes with StatReloader
2023-04-06 11:13:12,042 crud.views   INFO     Load <class 'crud.models.UdsMeta'> page
2023-04-06 11:13:21,808 crud.views   INFO     Load <class 'crud.models.UdsMeta'> page
2023-04-06 11:13:30,509 crud.views   INFO     Load <class 'crud.models.UdsMeta'> page
2023-04-06 11:13:45,658 crud.views   INFO     Load <class 'crud.models.UdsMeta'> page
2023-04-06 12:04:46,297 django.utils.autoreload INFO     E:\Новая папка\Ugib\ugib\crud\views.py changed, reloading.
2023-04-06 12:04:46,978 django.utils.autoreload INFO     Watching for file changes with StatReloader
2023-04-06 17:34:29,380 crud.views   INFO     Load <class 'crud.models.UdsMeta'> page
2023-04-06 17:34:30,688 django.request WARNING  Not Found: /favicon.ico
2023-04-07 09:31:11,098 django.utils.autoreload INFO     Watching for file changes with StatReloader
2023-04-07 09:34:24,944 crud.views   INFO     Load <class 'crud.models.UdsMeta'> page
2023-04-07 09:34:26,268 django.request WARNING  Not Found: /favicon.ico
2023-04-07 10:34:03,519 django.request WARNING  Not Found: /epz/static/img/icons/icon_key.svg
2023-04-07 10:34:03,526 django.request WARNING  Not Found: /epz/static/img/icons/icon_centralized.svg
2023-04-07 10:34:03,530 django.request WARNING  Not Found: /epz/static/img/icons/icon_print_small.svg
2023-04-07 10:34:03,582 django.request WARNING  Not Found: /favicon.ico
2023-04-07 10:36:40,134 crud.views   INFO     Load <class 'grr.models.UdsMetaGrrStage'> page
2023-04-07 10:36:41,620 django.request WARNING  Not Found: /favicon.ico
2023-04-07 11:13:15,091 crud.views   INFO     Load <class 'crud.models.UdsMeta'> page
2023-04-07 11:13:17,758 crud.views   INFO     Load <class 'crud.models.UdsMeta'> page
2023-04-07 11:20:39,657 crud.views   INFO     Load <class 'crud.models.UdsMeta'> page
2023-04-07 14:13:07,068 crud.views   INFO     Load <class 'crud.models.UdsMeta'> page
2023-04-07 14:13:08,065 django.request WARNING  Not Found: /favicon.ico
2023-04-07 14:13:19,561 crud.views   INFO     Load <class 'crud.models.UdsMeta'> page
2023-04-07 14:13:26,004 crud.views   INFO     Load <class 'crud.models.UdsMeta'> page
2023-04-07 14:13:39,970 crud.views   INFO     Load <class 'crud.models.UdsMeta'> page
2023-04-07 14:13:43,348 crud.views   INFO     Load <class 'crud.models.UdsMeta'> page
2023-04-07 14:13:46,579 crud.views   INFO     Load <class 'crud.models.UdsMeta'> page
2023-04-07 14:13:53,267 crud.views   INFO     Load <class 'crud.models.UdsMeta'> page
2023-04-07 14:13:58,364 crud.views   INFO     Load <class 'crud.models.UdsMeta'> page
2023-04-07 14:15:28,361 crud.views   INFO     Load <class 'crud.models.UdsMeta'> page
2023-04-07 14:23:40,896 crud.views   INFO     Load <class 'crud.models.UdsMeta'> page
2023-04-07 14:23:42,586 django.request WARNING  Not Found: /favicon.ico
2023-04-07 14:24:53,981 crud.views   INFO     Load <class 'crud.models.UdsMeta'> page
2023-04-10 09:24:20,460 django.utils.autoreload INFO     Watching for file changes with StatReloader
2023-04-10 09:39:17,553 crud.views   INFO     Load <class 'crud.models.UdsMeta'> page
2023-04-10 09:39:18,854 django.request WARNING  Not Found: /favicon.ico
2023-04-10 09:56:29,920 django.utils.autoreload INFO     Watching for file changes with StatReloader
2023-04-10 09:56:32,664 crud.views   INFO     Load <class 'crud.models.UdsMeta'> page
2023-04-10 17:05:07,824 django.utils.autoreload INFO     E:\Новая папка\Ugib\ugib\crud\views.py changed, reloading.
2023-04-10 17:05:11,017 django.utils.autoreload INFO     Watching for file changes with StatReloader
2023-04-10 17:05:26,692 django.utils.autoreload INFO     E:\Новая папка\Ugib\ugib\crud\views.py changed, reloading.
2023-04-10 17:05:27,234 django.utils.autoreload INFO     Watching for file changes with StatReloader
2023-04-10 17:05:51,656 django.utils.autoreload INFO     E:\Новая папка\Ugib\ugib\crud\views.py changed, reloading.
2023-04-10 17:05:52,227 django.utils.autoreload INFO     Watching for file changes with StatReloader
2023-04-10 17:06:11,346 django.utils.autoreload INFO     E:\Новая папка\Ugib\ugib\crud\views.py changed, reloading.
2023-04-10 17:06:11,917 django.utils.autoreload INFO     Watching for file changes with StatReloader
2023-04-10 17:06:35,219 django.utils.autoreload INFO     E:\Новая папка\Ugib\ugib\crud\views.py changed, reloading.
2023-04-10 17:06:35,819 django.utils.autoreload INFO     Watching for file changes with StatReloader
2023-04-10 17:06:48,189 crud.views   INFO     Load <class 'crud.models.UdsMeta'> page
2023-04-10 17:06:49,815 django.request WARNING  Not Found: /favicon.ico
2023-04-10 17:06:58,029 crud.views   INFO     Load <class 'crud.models.UdsMeta'> page
2023-04-10 17:07:42,538 django.utils.autoreload INFO     E:\Новая папка\Ugib\ugib\crud\views.py changed, reloading.
2023-04-10 17:07:43,174 django.utils.autoreload INFO     Watching for file changes with StatReloader
2023-04-10 17:07:43,735 crud.views   INFO     Load <class 'crud.models.UdsMeta'> page
2023-04-10 17:07:49,797 crud.views   INFO     Load <class 'crud.models.UdsMeta'> page
2023-04-10 17:07:50,020 django.request ERROR    Internal Server Error: /
Traceback (most recent call last):
  File "E:\Новая папка\env\lib\site-packages\django\core\handlers\exception.py", line 55, in inner
    response = get_response(request)
  File "E:\Новая папка\env\lib\site-packages\django\core\handlers\base.py", line 197, in _get_response
    response = wrapped_callback(request, *callback_args, **callback_kwargs)
  File "E:\Новая папка\env\lib\site-packages\django\views\generic\base.py", line 103, in view
    return self.dispatch(request, *args, **kwargs)
  File "E:\Новая папка\env\lib\site-packages\django\views\generic\base.py", line 142, in dispatch
    return handler(request, *args, **kwargs)
  File "E:\Новая папка\env\lib\site-packages\django_filters\views.py", line 85, in get
    context = self.get_context_data(
  File "E:\Новая папка\Ugib\ugib\crud\views.py", line 647, in get_context_data
    context["uniq_id"] = f"g01s01y{y}m{m}d{d}n{int(count) + 1}e"
UnboundLocalError: local variable 'count' referenced before assignment
2023-04-10 17:07:56,363 django.request ERROR    Internal Server Error: /get_html_uds/
Traceback (most recent call last):
  File "E:\Новая папка\env\lib\site-packages\django\core\handlers\exception.py", line 55, in inner
    response = get_response(request)
  File "E:\Новая папка\env\lib\site-packages\django\core\handlers\base.py", line 197, in _get_response
    response = wrapped_callback(request, *callback_args, **callback_kwargs)
  File "E:\Новая папка\Ugib\ugib\crud\views.py", line 680, in get_html_uds
    context["uniq_id"] = create_uniq_id(choise=choise,current_date = context["current_date"], fond = fond)
  File "E:\Новая папка\Ugib\ugib\crud\views.py", line 729, in create_uniq_id
    count = re.search(r"n[0-9]+", old_uniq ).group(0)[1:]
AttributeError: 'NoneType' object has no attribute 'group'
2023-04-10 17:08:09,078 crud.views   INFO     Load <class 'crud.models.UdsMeta'> page
2023-04-10 17:08:24,984 crud.views   INFO     Load <class 'crud.models.UdsMeta'> page
2023-04-10 17:08:36,447 crud.views   ERROR    When create not valid key
2023-04-10 17:08:36,547 crud.views   INFO     Load <class 'crud.models.UdsMeta'> page
2023-04-10 17:09:04,240 django.utils.autoreload INFO     E:\Новая папка\Ugib\ugib\crud\views.py changed, reloading.
2023-04-10 17:09:04,888 django.utils.autoreload INFO     Watching for file changes with StatReloader
2023-04-10 17:09:13,419 crud.views   ERROR    When create not valid key
2023-04-10 17:09:13,517 crud.views   INFO     Load <class 'crud.models.UdsMeta'> page
2023-04-10 17:09:23,102 crud.views   INFO     Load <class 'crud.models.UdsMeta'> page
2023-04-10 17:09:25,194 crud.views   INFO     Load <class 'crud.models.UdsMeta'> page
2023-04-10 17:09:25,313 django.request ERROR    Internal Server Error: /
Traceback (most recent call last):
  File "E:\Новая папка\env\lib\site-packages\django\core\handlers\exception.py", line 55, in inner
    response = get_response(request)
  File "E:\Новая папка\env\lib\site-packages\django\core\handlers\base.py", line 197, in _get_response
    response = wrapped_callback(request, *callback_args, **callback_kwargs)
  File "E:\Новая папка\env\lib\site-packages\django\views\generic\base.py", line 103, in view
    return self.dispatch(request, *args, **kwargs)
  File "E:\Новая папка\env\lib\site-packages\django\views\generic\base.py", line 142, in dispatch
    return handler(request, *args, **kwargs)
  File "E:\Новая папка\env\lib\site-packages\django_filters\views.py", line 85, in get
    context = self.get_context_data(
  File "E:\Новая папка\Ugib\ugib\crud\views.py", line 648, in get_context_data
    context["uniq_id"] = f"g01s01y{y}m{m}d{d}n{int(count) + 1}e"
UnboundLocalError: local variable 'count' referenced before assignment
2023-04-10 17:09:28,324 crud.views   ERROR    When removed ObjectDoesNotExist
2023-04-10 17:09:28,402 crud.views   INFO     Load <class 'crud.models.UdsMeta'> page
2023-04-10 17:09:28,539 django.request ERROR    Internal Server Error: /
Traceback (most recent call last):
  File "E:\Новая папка\env\lib\site-packages\django\core\handlers\exception.py", line 55, in inner
    response = get_response(request)
  File "E:\Новая папка\env\lib\site-packages\django\core\handlers\base.py", line 197, in _get_response
    response = wrapped_callback(request, *callback_args, **callback_kwargs)
  File "E:\Новая папка\env\lib\site-packages\django\views\generic\base.py", line 103, in view
    return self.dispatch(request, *args, **kwargs)
  File "E:\Новая папка\env\lib\site-packages\django\views\generic\base.py", line 142, in dispatch
    return handler(request, *args, **kwargs)
  File "E:\Новая папка\env\lib\site-packages\django_filters\views.py", line 85, in get
    context = self.get_context_data(
  File "E:\Новая папка\Ugib\ugib\crud\views.py", line 648, in get_context_data
    context["uniq_id"] = f"g01s01y{y}m{m}d{d}n{int(count) + 1}e"
UnboundLocalError: local variable 'count' referenced before assignment
2023-04-10 17:11:09,693 django.request ERROR    Internal Server Error: /get_html_uds/
Traceback (most recent call last):
  File "E:\Новая папка\env\lib\site-packages\django\core\handlers\exception.py", line 55, in inner
    response = get_response(request)
  File "E:\Новая папка\env\lib\site-packages\django\core\handlers\base.py", line 197, in _get_response
    response = wrapped_callback(request, *callback_args, **callback_kwargs)
  File "E:\Новая папка\Ugib\ugib\crud\views.py", line 681, in get_html_uds
    context["uniq_id"] = create_uniq_id(choise=choise,current_date = context["current_date"], fond = fond)
  File "E:\Новая папка\Ugib\ugib\crud\views.py", line 730, in create_uniq_id
    count = re.search(r"n[0-9]+", old_uniq ).group(0)[1:]
AttributeError: 'NoneType' object has no attribute 'group'
2023-04-10 17:11:15,438 crud.views   ERROR    When create not valid key
2023-04-10 17:11:15,542 crud.views   INFO     Load <class 'crud.models.UdsMeta'> page
2023-04-10 17:11:15,680 django.request ERROR    Internal Server Error: /
Traceback (most recent call last):
  File "E:\Новая папка\env\lib\site-packages\django\core\handlers\exception.py", line 55, in inner
    response = get_response(request)
  File "E:\Новая папка\env\lib\site-packages\django\core\handlers\base.py", line 197, in _get_response
    response = wrapped_callback(request, *callback_args, **callback_kwargs)
  File "E:\Новая папка\env\lib\site-packages\django\views\generic\base.py", line 103, in view
    return self.dispatch(request, *args, **kwargs)
  File "E:\Новая папка\env\lib\site-packages\django\views\generic\base.py", line 142, in dispatch
    return handler(request, *args, **kwargs)
  File "E:\Новая папка\env\lib\site-packages\django_filters\views.py", line 85, in get
    context = self.get_context_data(
  File "E:\Новая папка\Ugib\ugib\crud\views.py", line 648, in get_context_data
    context["uniq_id"] = f"g01s01y{y}m{m}d{d}n{int(count) + 1}e"
UnboundLocalError: local variable 'count' referenced before assignment
2023-04-10 17:12:41,120 django.utils.autoreload INFO     E:\Новая папка\Ugib\ugib\crud\views.py changed, reloading.
2023-04-10 17:12:41,882 django.utils.autoreload INFO     Watching for file changes with StatReloader
2023-04-10 17:15:07,754 django.request ERROR    Internal Server Error: /get_html_uds/
Traceback (most recent call last):
  File "E:\Новая папка\env\lib\site-packages\django\core\handlers\exception.py", line 55, in inner
    response = get_response(request)
  File "E:\Новая папка\env\lib\site-packages\django\core\handlers\base.py", line 197, in _get_response
    response = wrapped_callback(request, *callback_args, **callback_kwargs)
  File "E:\Новая папка\Ugib\ugib\crud\views.py", line 681, in get_html_uds
    context["uniq_id"] = create_uniq_id(choise=choise,current_date = context["current_date"], fond = fond)
  File "E:\Новая папка\Ugib\ugib\crud\views.py", line 730, in create_uniq_id
    count = re.search(r"n[0-9]+", old_uniq ).group(0)[1:]
AttributeError: 'NoneType' object has no attribute 'group'
2023-04-10 17:15:12,006 crud.views   ERROR    When create not valid key
2023-04-10 17:15:12,121 crud.views   INFO     Load <class 'crud.models.UdsMeta'> page
2023-04-10 17:15:24,619 django.request ERROR    Internal Server Error: /get_html_uds/
Traceback (most recent call last):
  File "E:\Новая папка\env\lib\site-packages\django\core\handlers\exception.py", line 55, in inner
    response = get_response(request)
  File "E:\Новая папка\env\lib\site-packages\django\core\handlers\base.py", line 197, in _get_response
    response = wrapped_callback(request, *callback_args, **callback_kwargs)
  File "E:\Новая папка\Ugib\ugib\crud\views.py", line 681, in get_html_uds
    context["uniq_id"] = create_uniq_id(choise=choise,current_date = context["current_date"], fond = fond)
  File "E:\Новая папка\Ugib\ugib\crud\views.py", line 730, in create_uniq_id
    count = re.search(r"n[0-9]+", old_uniq ).group(0)[1:]
AttributeError: 'NoneType' object has no attribute 'group'
2023-04-10 17:15:28,584 crud.views   ERROR    When create not valid key
2023-04-10 17:15:28,690 crud.views   INFO     Load <class 'crud.models.UdsMeta'> page
2023-04-10 17:15:36,733 django.request ERROR    Internal Server Error: /get_html_uds/
Traceback (most recent call last):
  File "E:\Новая папка\env\lib\site-packages\django\core\handlers\exception.py", line 55, in inner
    response = get_response(request)
  File "E:\Новая папка\env\lib\site-packages\django\core\handlers\base.py", line 197, in _get_response
    response = wrapped_callback(request, *callback_args, **callback_kwargs)
  File "E:\Новая папка\Ugib\ugib\crud\views.py", line 681, in get_html_uds
    context["uniq_id"] = create_uniq_id(choise=choise,current_date = context["current_date"], fond = fond)
  File "E:\Новая папка\Ugib\ugib\crud\views.py", line 730, in create_uniq_id
    count = re.search(r"n[0-9]+", old_uniq ).group(0)[1:]
AttributeError: 'NoneType' object has no attribute 'group'
2023-04-10 17:15:43,834 crud.views   INFO     Load <class 'crud.models.UdsMeta'> page
2023-04-10 17:16:15,910 crud.views   INFO     Load <class 'crud.models.UdsMeta'> page
2023-04-17 09:54:43,956 django.utils.autoreload INFO     Watching for file changes with StatReloader
2023-04-17 09:55:39,160 django.utils.autoreload INFO     E:\Новая папка\Ugib\ugib\ugib\settings.py changed, reloading.
2023-04-17 09:55:39,739 django.utils.autoreload INFO     Watching for file changes with StatReloader
2023-04-17 09:55:44,777 django.utils.autoreload INFO     E:\Новая папка\Ugib\ugib\ugib\settings.py changed, reloading.
2023-04-17 09:55:45,347 django.utils.autoreload INFO     Watching for file changes with StatReloader
2023-04-17 15:14:21,617 django.utils.autoreload INFO     Watching for file changes with StatReloader
2023-04-17 15:17:16,216 crud.views   INFO     Load <class 'crud.models.UdsMeta'> page
2023-04-17 15:17:18,035 django.request WARNING  Not Found: /favicon.ico
2023-04-17 15:17:47,645 crud.views   INFO     Load <class 'crud.models.UdsMeta'> page
2023-04-17 15:17:49,854 crud.views   INFO     Load <class 'crud.models.UdsMeta'> page
2023-04-17 15:17:51,513 crud.views   INFO     Load <class 'crud.models.UdsMeta'> page
2023-04-17 15:17:52,796 crud.views   INFO     Load <class 'crud.models.UdsMeta'> page
2023-04-17 15:17:54,304 crud.views   INFO     Load <class 'crud.models.UdsMeta'> page
2023-04-17 15:17:55,534 crud.views   INFO     Load <class 'crud.models.UdsMeta'> page
2023-04-17 15:17:56,590 crud.views   INFO     Load <class 'crud.models.UdsMeta'> page
2023-04-17 15:17:57,661 crud.views   INFO     Load <class 'crud.models.UdsMeta'> page
2023-04-17 15:38:53,772 django.utils.autoreload INFO     E:\Новая папка\Ugib\ugib\crud\views.py changed, reloading.
2023-04-17 15:38:54,477 django.utils.autoreload INFO     Watching for file changes with StatReloader
2023-04-17 15:39:44,740 django.utils.autoreload INFO     E:\Новая папка\Ugib\ugib\crud\views.py changed, reloading.
2023-04-17 15:39:45,308 django.utils.autoreload INFO     Watching for file changes with StatReloader
2023-04-17 15:40:26,921 django.utils.autoreload INFO     E:\Новая папка\Ugib\ugib\crud\views.py changed, reloading.
2023-04-17 15:40:27,485 django.utils.autoreload INFO     Watching for file changes with StatReloader
2023-04-17 15:40:29,293 django.utils.autoreload INFO     E:\Новая папка\Ugib\ugib\crud\views.py changed, reloading.
2023-04-17 15:40:29,874 django.utils.autoreload INFO     Watching for file changes with StatReloader
2023-04-17 15:40:41,781 django.utils.autoreload INFO     E:\Новая папка\Ugib\ugib\crud\views.py changed, reloading.
2023-04-17 15:40:42,370 django.utils.autoreload INFO     Watching for file changes with StatReloader
2023-04-17 15:40:44,120 crud.views   INFO     Load <class 'crud.models.UdsMeta'> page
2023-04-17 15:41:01,088 crud.views   INFO     Load <class 'crud.models.UdsMeta'> page
2023-04-17 15:41:02,461 django.request WARNING  Not Found: /favicon.ico
2023-04-17 15:42:25,413 crud.views   INFO     Load <class 'crud.models.UdsMeta'> page
2023-04-17 15:42:26,224 crud.views   INFO     Load <class 'crud.models.UdsMeta'> page
2023-04-17 15:42:26,615 django.request WARNING  Not Found: /favicon.ico
2023-04-17 15:42:27,469 django.request WARNING  Not Found: /favicon.ico
2023-04-17 15:42:32,544 django.request ERROR    Internal Server Error: /test
Traceback (most recent call last):
  File "E:\Новая папка\env\lib\site-packages\django\core\handlers\exception.py", line 55, in inner
    response = get_response(request)
  File "E:\Новая папка\env\lib\site-packages\django\utils\deprecation.py", line 135, in __call__
    response = self.process_request(request)
  File "E:\Новая папка\env\lib\site-packages\django\middleware\common.py", line 54, in process_request
    path = self.get_full_path_with_slash(request)
  File "E:\Новая папка\env\lib\site-packages\django\middleware\common.py", line 88, in get_full_path_with_slash
    raise RuntimeError(
RuntimeError: You called this URL via POST, but the URL doesn't end in a slash and you have APPEND_SLASH set. Django can't redirect to the slash URL while maintaining POST data. Change your form to point to 127.0.0.1:8000/test/ (note the trailing slash), or set APPEND_SLASH=False in your Django settings.
2023-04-17 15:53:31,608 django.utils.autoreload INFO     Watching for file changes with StatReloader
2023-04-17 15:53:33,142 crud.views   INFO     Load <class 'crud.models.UdsMeta'> page
2023-04-17 15:53:34,383 crud.views   INFO     Load <class 'crud.models.UdsMeta'> page
2023-04-17 15:53:35,891 django.request WARNING  Not Found: /favicon.ico
2023-04-17 15:53:45,638 crud.views   INFO     Load <class 'crud.models.UdsMeta'> page
2023-04-17 15:53:49,099 crud.views   INFO     Load <class 'crud.models.UdsMeta'> page
2023-04-17 15:53:50,217 django.request WARNING  Not Found: /favicon.ico
2023-04-17 15:54:12,719 crud.views   INFO     Load <class 'crud.models.UdsMeta'> page
2023-04-17 15:54:13,364 crud.views   INFO     Load <class 'crud.models.UdsMeta'> page
2023-04-17 15:54:13,740 django.request WARNING  Not Found: /favicon.ico
2023-04-17 15:54:14,639 crud.views   INFO     Load <class 'crud.models.UdsMeta'> page
2023-04-17 15:54:15,750 django.request WARNING  Not Found: /favicon.ico
2023-04-17 15:54:39,823 django.utils.autoreload INFO     E:\Новая папка\Ugib\ugib\crud\views.py changed, reloading.
2023-04-17 15:54:40,486 django.utils.autoreload INFO     Watching for file changes with StatReloader
2023-04-17 15:54:57,337 django.utils.autoreload INFO     E:\Новая папка\Ugib\ugib\crud\views.py changed, reloading.
2023-04-17 15:54:57,895 django.utils.autoreload INFO     Watching for file changes with StatReloader
2023-04-17 15:55:56,635 django.utils.autoreload INFO     E:\Новая папка\Ugib\ugib\crud\views.py changed, reloading.
2023-04-17 15:55:57,190 django.utils.autoreload INFO     Watching for file changes with StatReloader
2023-04-17 15:56:19,500 crud.views   INFO     Load <class 'crud.models.UdsMeta'> page
2023-04-17 15:56:20,425 crud.views   INFO     Load <class 'crud.models.UdsMeta'> page
2023-04-17 15:56:20,777 django.request WARNING  Not Found: /favicon.ico
2023-04-17 15:56:48,275 django.utils.autoreload INFO     E:\Новая папка\Ugib\ugib\crud\views.py changed, reloading.
2023-04-17 15:56:48,916 django.utils.autoreload INFO     Watching for file changes with StatReloader
2023-04-17 15:56:49,709 crud.views   INFO     Load <class 'crud.models.UdsMeta'> page
2023-04-17 15:56:50,670 crud.views   INFO     Load <class 'crud.models.UdsMeta'> page
2023-04-17 15:56:51,018 django.request WARNING  Not Found: /favicon.ico
2023-04-17 15:57:54,264 django.utils.autoreload INFO     E:\Новая папка\Ugib\ugib\crud\views.py changed, reloading.
2023-04-17 15:57:54,838 django.utils.autoreload INFO     Watching for file changes with StatReloader
2023-04-17 15:57:57,678 django.utils.autoreload INFO     E:\Новая папка\Ugib\ugib\crud\views.py changed, reloading.
2023-04-17 15:57:58,258 django.utils.autoreload INFO     Watching for file changes with StatReloader
2023-04-17 15:58:01,030 crud.views   INFO     Load <class 'crud.models.UdsMeta'> page
2023-04-17 15:58:02,050 crud.views   INFO     Load <class 'crud.models.UdsMeta'> page
2023-04-17 15:58:02,397 django.request WARNING  Not Found: /favicon.ico
2023-04-17 16:11:25,679 django.utils.autoreload INFO     E:\Новая папка\Ugib\ugib\crud\views.py changed, reloading.
2023-04-17 16:11:26,369 django.utils.autoreload INFO     Watching for file changes with StatReloader
2023-04-17 16:11:33,600 django.utils.autoreload INFO     E:\Новая папка\Ugib\ugib\crud\views.py changed, reloading.
2023-04-17 16:11:34,199 django.utils.autoreload INFO     Watching for file changes with StatReloader
2023-04-17 16:15:38,616 django.utils.autoreload INFO     E:\Новая папка\Ugib\ugib\crud\views.py changed, reloading.
2023-04-17 16:15:39,225 django.utils.autoreload INFO     Watching for file changes with StatReloader
2023-04-17 16:15:39,930 crud.views   INFO     Load <class 'crud.models.UdsMeta'> page
2023-04-17 16:15:44,765 crud.views   INFO     Load <class 'crud.models.UdsMeta'> page
2023-04-17 16:15:44,954 crud.views   INFO     Load <class 'crud.models.UdsMeta'> page
2023-04-17 16:15:46,490 django.request WARNING  Not Found: /favicon.ico
2023-04-17 16:16:03,663 django.utils.autoreload INFO     E:\Новая папка\Ugib\ugib\crud\views.py changed, reloading.
2023-04-17 16:16:04,306 django.utils.autoreload INFO     Watching for file changes with StatReloader
2023-04-17 16:16:05,017 crud.views   INFO     Load <class 'crud.models.UdsMeta'> page
2023-04-17 16:16:06,086 crud.views   INFO     Load <class 'crud.models.UdsMeta'> page
2023-04-17 16:16:07,234 django.request WARNING  Not Found: /favicon.ico
2023-04-17 16:16:39,702 django.utils.autoreload INFO     E:\Новая папка\Ugib\ugib\crud\views.py changed, reloading.
2023-04-17 16:16:40,360 django.utils.autoreload INFO     Watching for file changes with StatReloader
2023-04-17 16:16:44,521 crud.views   INFO     Load <class 'crud.models.UdsMeta'> page
2023-04-17 16:16:45,934 crud.views   INFO     Load <class 'crud.models.UdsMeta'> page
2023-04-17 16:16:47,015 django.request WARNING  Not Found: /favicon.ico
2023-04-17 16:16:47,593 crud.views   INFO     Load <class 'crud.models.UdsMeta'> page
2023-04-17 16:16:48,646 django.request WARNING  Not Found: /favicon.ico
2023-04-17 16:17:12,554 django.utils.autoreload INFO     E:\Новая папка\Ugib\ugib\crud\views.py changed, reloading.
2023-04-17 16:17:13,186 django.utils.autoreload INFO     Watching for file changes with StatReloader
2023-04-17 16:17:27,845 django.utils.autoreload INFO     E:\Новая папка\Ugib\ugib\crud\views.py changed, reloading.
2023-04-17 16:17:28,508 django.utils.autoreload INFO     Watching for file changes with StatReloader
2023-04-17 16:17:29,219 crud.views   INFO     Load <class 'crud.models.UdsMeta'> page
2023-04-17 16:17:30,218 crud.views   INFO     Load <class 'crud.models.UdsMeta'> page
2023-04-17 16:17:30,258 django.request WARNING  Not Found: /favicon.ico
2023-04-17 16:17:38,141 django.utils.autoreload INFO     E:\Новая папка\Ugib\ugib\crud\views.py changed, reloading.
2023-04-17 16:17:38,767 django.utils.autoreload INFO     Watching for file changes with StatReloader
2023-04-17 16:17:40,374 crud.views   INFO     Load <class 'crud.models.UdsMeta'> page
2023-04-17 16:18:05,831 django.utils.autoreload INFO     E:\Новая папка\Ugib\ugib\crud\views.py changed, reloading.
2023-04-17 16:18:06,517 django.utils.autoreload INFO     Watching for file changes with StatReloader
2023-04-17 16:18:10,484 django.utils.autoreload INFO     E:\Новая папка\Ugib\ugib\crud\views.py changed, reloading.
2023-04-17 16:18:11,100 django.utils.autoreload INFO     Watching for file changes with StatReloader
2023-04-17 16:18:11,713 crud.views   INFO     Load <class 'crud.models.UdsMeta'> page
2023-04-17 16:18:12,866 django.request WARNING  Not Found: /favicon.ico
2023-04-17 16:18:12,872 crud.views   INFO     Load <class 'crud.models.UdsMeta'> page
2023-04-17 16:18:46,376 django.utils.autoreload INFO     E:\Новая папка\Ugib\ugib\crud\views.py changed, reloading.
2023-04-17 16:18:47,004 django.utils.autoreload INFO     Watching for file changes with StatReloader
2023-04-17 16:19:04,189 django.utils.autoreload INFO     E:\Новая папка\Ugib\ugib\crud\views.py changed, reloading.
2023-04-17 16:19:04,729 django.utils.autoreload INFO     Watching for file changes with StatReloader
2023-04-17 16:19:12,925 django.utils.autoreload INFO     E:\Новая папка\Ugib\ugib\crud\views.py changed, reloading.
2023-04-17 16:19:13,518 django.utils.autoreload INFO     Watching for file changes with StatReloader
2023-04-17 16:19:14,456 crud.views   INFO     Load <class 'crud.models.UdsMeta'> page
2023-04-17 16:19:14,945 crud.views   INFO     Load <class 'crud.models.UdsMeta'> page
2023-04-17 16:19:16,159 django.request WARNING  Not Found: /favicon.ico
2023-04-17 16:19:16,219 crud.views   INFO     Load <class 'crud.models.UdsMeta'> page
2023-04-17 16:19:54,135 django.utils.autoreload INFO     E:\Новая папка\Ugib\ugib\crud\views.py changed, reloading.
2023-04-17 16:19:54,773 django.utils.autoreload INFO     Watching for file changes with StatReloader
2023-04-17 16:19:55,535 crud.views   INFO     Load <class 'crud.models.UdsMeta'> page
2023-04-17 16:19:56,297 crud.views   INFO     Load <class 'crud.models.UdsMeta'> page
2023-04-17 16:19:56,996 django.request WARNING  Not Found: /favicon.ico
2023-04-17 16:19:57,548 django.request WARNING  Not Found: /favicon.ico
2023-04-17 16:20:26,829 django.utils.autoreload INFO     E:\Новая папка\Ugib\ugib\crud\views.py changed, reloading.
2023-04-17 16:20:27,459 django.utils.autoreload INFO     Watching for file changes with StatReloader
2023-04-17 16:20:28,183 crud.views   INFO     Load <class 'crud.models.UdsMeta'> page
2023-04-17 16:21:01,355 django.utils.autoreload INFO     E:\Новая папка\Ugib\ugib\crud\views.py changed, reloading.
2023-04-17 16:21:01,943 django.utils.autoreload INFO     Watching for file changes with StatReloader
2023-04-17 16:21:08,319 crud.views   INFO     Load <class 'crud.models.UdsMeta'> page
2023-04-17 16:36:29,308 crud.views   INFO     Load <class 'crud.models.UdsMeta'> page
2023-04-17 16:36:30,547 crud.views   INFO     Load <class 'crud.models.UdsMeta'> page
2023-04-17 16:36:31,919 django.request WARNING  Not Found: /favicon.ico
2023-04-17 16:36:32,343 crud.views   INFO     Load <class 'crud.models.UdsMeta'> page
2023-04-17 16:36:33,467 django.request WARNING  Not Found: /favicon.ico
2023-04-17 16:39:35,237 django.request WARNING  Not Found: /favicon.ico
2023-04-17 16:42:25,727 django.utils.autoreload INFO     E:\Новая папка\Ugib\ugib\crud\views.py changed, reloading.
2023-04-17 16:42:26,937 django.utils.autoreload INFO     Watching for file changes with StatReloader
2023-04-17 16:42:28,907 crud.views   INFO     Load <class 'crud.models.UdsMeta'> page
2023-04-19 09:21:24,844 django.utils.autoreload INFO     Watching for file changes with StatReloader
2023-04-19 09:21:27,999 django.request WARNING  Not Found: /js/2.js
2023-04-19 09:21:28,001 django.request WARNING  Not Found: /js/3.js
2023-04-19 09:21:28,051 django.request WARNING  Not Found: /js/4.js
2023-04-19 09:21:28,156 django.request WARNING  Not Found: /js/5.js
2023-04-19 09:21:28,164 django.request WARNING  Not Found: /js/7.js
2023-04-19 09:21:28,169 django.request WARNING  Not Found: /js/6.js
2023-04-19 09:21:28,310 django.request WARNING  Not Found: /js/8.js
2023-04-19 09:21:28,320 django.request WARNING  Not Found: /js/9.js
2023-04-19 09:31:18,786 django.request WARNING  Not Found: /login
2023-04-19 09:31:19,071 django.request WARNING  Not Found: /favicon.ico
2023-04-19 09:31:42,018 crud.views   INFO     Load <class 'crud.models.UdsMeta'> page
2023-04-19 10:22:19,910 django.request WARNING  Not Found: /login
2023-04-19 10:22:26,497 django.request WARNING  Not Found: /login
2023-04-19 10:22:27,311 django.request WARNING  Not Found: /login
2023-04-19 10:22:32,407 django.request WARNING  Not Found: /login
2023-04-19 10:22:40,684 crud.views   INFO     Load <class 'crud.models.UdsMeta'> page
2023-04-24 14:39:19,448 django.utils.autoreload INFO     Watching for file changes with StatReloader
2023-04-24 14:39:21,938 crud.views   INFO     Load <class 'crud.models.UdsMeta'> page
2023-04-24 14:39:23,755 django.request WARNING  Not Found: /favicon.ico
2023-04-24 14:39:38,851 crud.views   INFO     Load <class 'crud.models.UdsMeta'> page
2023-04-24 14:40:11,980 django.utils.autoreload INFO     E:\Новая папка\Ugib\ugib\crud\views.py changed, reloading.
2023-04-24 14:40:12,559 django.utils.autoreload INFO     Watching for file changes with StatReloader
2023-04-24 14:40:19,666 crud.views   INFO     Load <class 'crud.models.UdsMeta'> page
2023-04-24 14:40:37,004 crud.views   INFO     Load <class 'crud.models.UdsMeta'> page
2023-04-24 14:52:26,690 django.utils.autoreload INFO     E:\Новая папка\Ugib\ugib\crud\views.py changed, reloading.
2023-04-24 14:52:27,335 django.utils.autoreload INFO     Watching for file changes with StatReloader
2023-04-24 14:52:54,769 django.utils.autoreload INFO     E:\Новая папка\Ugib\ugib\crud\views.py changed, reloading.
2023-04-24 14:52:55,424 django.utils.autoreload INFO     Watching for file changes with StatReloader
2023-04-24 14:53:10,408 django.utils.autoreload INFO     E:\Новая папка\Ugib\ugib\crud\views.py changed, reloading.
2023-04-24 14:53:10,924 django.utils.autoreload INFO     Watching for file changes with StatReloader
2023-04-24 14:53:27,074 django.utils.autoreload INFO     E:\Новая папка\Ugib\ugib\crud\views.py changed, reloading.
2023-04-24 14:53:27,592 django.utils.autoreload INFO     Watching for file changes with StatReloader
2023-04-24 14:54:10,183 django.utils.autoreload INFO     E:\Новая папка\Ugib\ugib\crud\views.py changed, reloading.
2023-04-24 14:54:10,713 django.utils.autoreload INFO     Watching for file changes with StatReloader
2023-04-24 14:54:39,584 django.utils.autoreload INFO     E:\Новая папка\Ugib\ugib\crud\views.py changed, reloading.
2023-04-24 14:54:40,126 django.utils.autoreload INFO     Watching for file changes with StatReloader
2023-04-24 14:55:08,041 django.utils.autoreload INFO     E:\Новая папка\Ugib\ugib\crud\views.py changed, reloading.
2023-04-24 14:55:08,831 django.utils.autoreload INFO     Watching for file changes with StatReloader
2023-04-24 14:55:28,197 django.utils.autoreload INFO     E:\Новая папка\Ugib\ugib\crud\views.py changed, reloading.
2023-04-24 14:55:28,716 django.utils.autoreload INFO     Watching for file changes with StatReloader
2023-04-24 14:55:43,790 django.utils.autoreload INFO     E:\Новая папка\Ugib\ugib\crud\views.py changed, reloading.
2023-04-24 14:55:44,329 django.utils.autoreload INFO     Watching for file changes with StatReloader
2023-04-24 14:55:50,917 django.utils.autoreload INFO     E:\Новая папка\Ugib\ugib\crud\views.py changed, reloading.
2023-04-24 14:55:51,458 django.utils.autoreload INFO     Watching for file changes with StatReloader
2023-04-24 14:55:58,052 django.utils.autoreload INFO     E:\Новая папка\Ugib\ugib\crud\views.py changed, reloading.
2023-04-24 14:55:58,587 django.utils.autoreload INFO     Watching for file changes with StatReloader
2023-04-24 14:56:12,602 django.utils.autoreload INFO     E:\Новая папка\Ugib\ugib\crud\views.py changed, reloading.
2023-04-24 14:56:13,125 django.utils.autoreload INFO     Watching for file changes with StatReloader
2023-04-24 14:56:41,941 django.utils.autoreload INFO     Watching for file changes with StatReloader
2023-04-24 14:56:52,726 django.utils.autoreload INFO     E:\Новая папка\Ugib\ugib\crud\views.py changed, reloading.
2023-04-24 14:56:53,263 django.utils.autoreload INFO     Watching for file changes with StatReloader
2023-04-24 14:56:55,069 django.utils.autoreload INFO     E:\Новая папка\Ugib\ugib\crud\views.py changed, reloading.
2023-04-24 14:56:55,667 django.utils.autoreload INFO     Watching for file changes with StatReloader
2023-04-24 14:58:03,547 django.utils.autoreload INFO     E:\Новая папка\Ugib\ugib\crud\views.py changed, reloading.
2023-04-24 14:58:04,103 django.utils.autoreload INFO     Watching for file changes with StatReloader
2023-04-24 14:59:07,980 django.utils.autoreload INFO     E:\Новая папка\Ugib\ugib\crud\urls.py changed, reloading.
2023-04-24 14:59:08,603 django.utils.autoreload INFO     Watching for file changes with StatReloader
2023-04-24 14:59:10,392 django.utils.autoreload INFO     E:\Новая папка\Ugib\ugib\crud\views.py changed, reloading.
2023-04-24 14:59:10,984 django.utils.autoreload INFO     Watching for file changes with StatReloader
2023-04-24 14:59:23,808 crud.views   ERROR    When create not valid key
2023-04-24 14:59:23,873 crud.views   INFO     Load <class 'crud.models.UdsMeta'> page
2023-04-24 14:59:45,239 django.utils.autoreload INFO     E:\Новая папка\Ugib\ugib\crud\views.py changed, reloading.
2023-04-24 14:59:46,013 django.utils.autoreload INFO     Watching for file changes with StatReloader
2023-04-24 15:00:07,120 django.utils.autoreload INFO     E:\Новая папка\Ugib\ugib\crud\views.py changed, reloading.
2023-04-24 15:00:07,695 django.utils.autoreload INFO     Watching for file changes with StatReloader
2023-04-24 15:00:27,624 django.utils.autoreload INFO     E:\Новая папка\Ugib\ugib\crud\views.py changed, reloading.
2023-04-24 15:00:28,208 django.utils.autoreload INFO     Watching for file changes with StatReloader
2023-04-24 15:00:40,646 django.utils.autoreload INFO     E:\Новая папка\Ugib\ugib\crud\views.py changed, reloading.
2023-04-24 15:00:41,291 django.utils.autoreload INFO     Watching for file changes with StatReloader
2023-04-24 15:00:43,338 crud.views   ERROR    When create not valid key
2023-04-24 15:00:43,611 crud.views   INFO     Load <class 'crud.models.UdsMeta'> page
2023-04-24 15:01:15,396 django.utils.autoreload INFO     E:\Новая папка\Ugib\ugib\crud\views.py changed, reloading.
2023-04-24 15:01:15,995 django.utils.autoreload INFO     Watching for file changes with StatReloader
2023-04-24 15:01:20,979 django.utils.autoreload INFO     E:\Новая папка\Ugib\ugib\crud\views.py changed, reloading.
2023-04-24 15:01:21,545 django.utils.autoreload INFO     Watching for file changes with StatReloader
2023-04-24 15:12:35,098 django.utils.autoreload INFO     E:\Новая папка\Ugib\ugib\crud\views.py changed, reloading.
2023-04-24 15:12:35,733 django.utils.autoreload INFO     Watching for file changes with StatReloader
2023-04-24 15:12:47,540 crud.views   INFO     Load <class 'crud.models.UdsMeta'> page
2023-04-24 15:12:51,091 crud.views   ERROR    When create not valid key
2023-04-24 15:12:51,171 crud.views   INFO     Load <class 'crud.models.UdsMeta'> page
2023-04-24 15:13:11,900 django.utils.autoreload INFO     E:\Новая папка\Ugib\ugib\crud\views.py changed, reloading.
2023-04-24 15:13:12,539 django.utils.autoreload INFO     Watching for file changes with StatReloader
2023-04-24 15:13:16,830 crud.views   ERROR    When create not valid key
2023-04-24 15:13:16,925 crud.views   INFO     Load <class 'crud.models.UdsMeta'> page
2023-04-24 15:14:11,211 django.utils.autoreload INFO     E:\Новая папка\Ugib\ugib\crud\views.py changed, reloading.
2023-04-24 15:14:11,809 django.utils.autoreload INFO     Watching for file changes with StatReloader
2023-04-24 15:29:02,659 django.utils.autoreload INFO     E:\Новая папка\Ugib\ugib\crud\views.py changed, reloading.
2023-04-24 15:29:03,268 django.utils.autoreload INFO     Watching for file changes with StatReloader
2023-04-24 15:48:53,565 django.utils.autoreload INFO     E:\Новая папка\Ugib\ugib\crud\views.py changed, reloading.
2023-04-24 15:48:54,161 django.utils.autoreload INFO     Watching for file changes with StatReloader
2023-04-24 15:49:06,746 django.utils.autoreload INFO     E:\Новая папка\Ugib\ugib\crud\views.py changed, reloading.
2023-04-24 15:49:07,346 django.utils.autoreload INFO     Watching for file changes with StatReloader
2023-04-24 15:49:19,855 django.utils.autoreload INFO     E:\Новая папка\Ugib\ugib\crud\views.py changed, reloading.
2023-04-24 15:49:20,448 django.utils.autoreload INFO     Watching for file changes with StatReloader
2023-04-24 15:50:08,133 django.utils.autoreload INFO     E:\Новая папка\Ugib\ugib\crud\views.py changed, reloading.
2023-04-24 15:50:08,709 django.utils.autoreload INFO     Watching for file changes with StatReloader
2023-04-24 15:50:13,805 django.utils.autoreload INFO     E:\Новая папка\Ugib\ugib\crud\views.py changed, reloading.
2023-04-24 15:50:14,376 django.utils.autoreload INFO     Watching for file changes with StatReloader
2023-04-24 15:50:23,687 django.utils.autoreload INFO     E:\Новая папка\Ugib\ugib\crud\views.py changed, reloading.
2023-04-24 15:50:24,268 django.utils.autoreload INFO     Watching for file changes with StatReloader
2023-04-24 15:50:45,862 crud.views   INFO     Load <class 'crud.models.UdsMeta'> page
2023-04-24 15:50:59,667 crud.views   INFO     Load <class 'crud.models.UdsMetaApr'> page
2023-04-24 15:51:14,770 crud.views   INFO     Load <class 'crud.models.UdsMetaApr'> page
2023-04-24 15:51:34,172 crud.views   INFO     Load <class 'crud.models.UdsMetaApr'> page
2023-04-24 15:51:38,697 django.utils.autoreload INFO     E:\Новая папка\Ugib\ugib\crud\views.py changed, reloading.
2023-04-24 15:51:39,325 django.utils.autoreload INFO     Watching for file changes with StatReloader
2023-04-24 15:51:40,180 crud.views   INFO     Load <class 'crud.models.UdsMetaApr'> page
2023-04-24 15:51:41,112 crud.views   INFO     Load <class 'crud.models.UdsMetaApr'> page
2023-04-24 15:51:42,378 crud.views   INFO     Load <class 'crud.models.UdsMetaApr'> page
2023-04-24 15:51:49,166 crud.views   ERROR     create not valid key
2023-04-24 15:51:55,432 django.utils.autoreload INFO     E:\Новая папка\Ugib\ugib\crud\views.py changed, reloading.
2023-04-24 15:51:56,044 django.utils.autoreload INFO     Watching for file changes with StatReloader
2023-04-24 15:51:57,272 crud.views   INFO     Load <class 'crud.models.UdsMetaApr'> page
2023-04-24 15:52:01,887 crud.views   INFO     Load <class 'crud.models.UdsMetaApr'> page
2023-04-24 15:52:09,651 django.utils.autoreload INFO     E:\Новая папка\Ugib\ugib\crud\views.py changed, reloading.
2023-04-24 15:52:10,270 django.utils.autoreload INFO     Watching for file changes with StatReloader
2023-04-24 15:52:13,083 crud.views   INFO     Load <class 'crud.models.UdsMetaApr'> page
2023-04-24 15:52:15,053 crud.views   INFO     Load <class 'crud.models.UdsMetaApr'> page
2023-04-24 15:52:16,417 crud.views   INFO     Load <class 'crud.models.UdsMetaApr'> page
2023-04-24 15:52:19,452 crud.views   ERROR     create not valid key
2023-04-24 15:52:19,608 crud.views   INFO     Load <class 'crud.models.UdsMetaApr'> page
2023-04-24 15:52:21,765 crud.views   INFO     Load <class 'crud.models.UdsMetaApr'> page
2023-04-24 15:52:26,739 django.utils.autoreload INFO     E:\Новая папка\Ugib\ugib\crud\views.py changed, reloading.
2023-04-24 15:52:27,361 django.utils.autoreload INFO     Watching for file changes with StatReloader
2023-04-24 16:12:15,273 django.utils.autoreload INFO     E:\Новая папка\Ugib\ugib\crud\views.py changed, reloading.
2023-04-24 16:12:15,875 django.utils.autoreload INFO     Watching for file changes with StatReloader
2023-04-24 16:15:21,071 crud.views   INFO     Load <class 'crud.models.UdsMeta'> page
2023-04-24 16:15:21,823 django.request WARNING  Not Found: /favicon.ico
2023-04-24 16:16:13,044 crud.views   INFO     Load <class 'crud.models.UdsMeta'> page
2023-04-24 16:16:40,194 crud.views   INFO     Load <class 'crud.models.UdsMeta'> page
2023-04-24 16:16:46,587 django.request ERROR    Internal Server Error: /
Traceback (most recent call last):
  File "E:\Новая папка\env\lib\site-packages\django\core\handlers\exception.py", line 55, in inner
    response = get_response(request)
  File "E:\Новая папка\env\lib\site-packages\django\core\handlers\base.py", line 197, in _get_response
    response = wrapped_callback(request, *callback_args, **callback_kwargs)
  File "E:\Новая папка\env\lib\site-packages\django\views\generic\base.py", line 103, in view
    return self.dispatch(request, *args, **kwargs)
  File "E:\Новая папка\env\lib\site-packages\django\views\generic\base.py", line 142, in dispatch
    return handler(request, *args, **kwargs)
  File "E:\Новая папка\Ugib\ugib\crud\views.py", line 463, in post
    if MyHasher.check_password(login_form.cleaned_data["password"], user.password):
  File "E:\Новая папка\Ugib\ugib\ugib\MyHasher.py", line 24, in check_password
    return bcrypt.checkpw(password.encode(), hashed.encode())
  File "E:\Новая папка\env\lib\site-packages\bcrypt\__init__.py", line 91, in checkpw
    ret = hashpw(password, hashed_password)
  File "E:\Новая папка\env\lib\site-packages\bcrypt\__init__.py", line 84, in hashpw
    return _bcrypt.hashpass(password, salt)
ValueError: Invalid salt
2023-04-24 16:17:00,929 crud.views   INFO     Load <class 'crud.models.UdsMeta'> page
2023-04-24 16:17:52,767 crud.views   INFO     Load <class 'crud.models.UdsMeta'> page
2023-04-24 16:17:55,991 crud.views   INFO     Load <class 'crud.models.UdsMeta'> page
2023-04-24 16:18:05,353 crud.views   INFO     Load <class 'crud.models.UdsMeta'> page
2023-04-24 16:18:35,349 crud.views   INFO     Load <class 'crud.models.UdsMeta'> page
2023-04-24 16:18:36,886 crud.views   INFO     Load <class 'crud.models.UdsMeta'> page
2023-04-24 16:18:44,163 crud.views   INFO     Load <class 'crud.models.UdsMeta'> page
2023-04-24 16:18:54,246 crud.views   INFO     Load <class 'crud.models.UdsMeta'> page
2023-04-24 16:19:06,075 crud.views   ERROR     create not valid key
2023-04-24 16:19:06,191 crud.views   INFO     Load <class 'crud.models.UdsMeta'> page
2023-04-24 16:19:09,070 django.request ERROR    Internal Server Error: /create/
Traceback (most recent call last):
  File "E:\Новая папка\Ugib\ugib\crud\views.py", line 309, in create_post
    raise IntegrityError
django.db.utils.IntegrityError

During handling of the above exception, another exception occurred:

Traceback (most recent call last):
  File "E:\Новая папка\env\lib\site-packages\django\db\backends\utils.py", line 89, in _execute
    return self.cursor.execute(sql, params)
psycopg2.errors.UniqueViolation: ОШИБКА:  повторяющееся значение ключа нарушает ограничение уникальности "uds_meta_pkey"
DETAIL:  Ключ "(uniq_id)=(g01s01y2023m04d24n6e)" уже существует.


The above exception was the direct cause of the following exception:

Traceback (most recent call last):
  File "E:\Новая папка\env\lib\site-packages\django\core\handlers\exception.py", line 55, in inner
    response = get_response(request)
  File "E:\Новая папка\env\lib\site-packages\django\core\handlers\base.py", line 197, in _get_response
    response = wrapped_callback(request, *callback_args, **callback_kwargs)
  File "E:\Новая папка\Ugib\ugib\crud\views.py", line 322, in create_post
    data_models.objects.create(**form_data)
  File "E:\Новая папка\env\lib\site-packages\django\db\models\manager.py", line 85, in manager_method
    return getattr(self.get_queryset(), name)(*args, **kwargs)
  File "E:\Новая папка\env\lib\site-packages\django\db\models\query.py", line 671, in create
    obj.save(force_insert=True, using=self.db)
  File "E:\Новая папка\env\lib\site-packages\django\db\models\base.py", line 812, in save
    self.save_base(
  File "E:\Новая папка\env\lib\site-packages\django\db\models\base.py", line 863, in save_base
    updated = self._save_table(
  File "E:\Новая папка\env\lib\site-packages\django\db\models\base.py", line 1006, in _save_table
    results = self._do_insert(
  File "E:\Новая папка\env\lib\site-packages\django\db\models\base.py", line 1047, in _do_insert
    return manager._insert(
  File "E:\Новая папка\env\lib\site-packages\django\db\models\manager.py", line 85, in manager_method
    return getattr(self.get_queryset(), name)(*args, **kwargs)
  File "E:\Новая папка\env\lib\site-packages\django\db\models\query.py", line 1790, in _insert
    return query.get_compiler(using=using).execute_sql(returning_fields)
  File "E:\Новая папка\env\lib\site-packages\django\db\models\sql\compiler.py", line 1660, in execute_sql
    cursor.execute(sql, params)
  File "E:\Новая папка\env\lib\site-packages\django\db\backends\utils.py", line 103, in execute
    return super().execute(sql, params)
  File "E:\Новая папка\env\lib\site-packages\django\db\backends\utils.py", line 67, in execute
    return self._execute_with_wrappers(
  File "E:\Новая папка\env\lib\site-packages\django\db\backends\utils.py", line 80, in _execute_with_wrappers
    return executor(sql, params, many, context)
  File "E:\Новая папка\env\lib\site-packages\django\db\backends\utils.py", line 84, in _execute
    with self.db.wrap_database_errors:
  File "E:\Новая папка\env\lib\site-packages\django\db\utils.py", line 91, in __exit__
    raise dj_exc_value.with_traceback(traceback) from exc_value
  File "E:\Новая папка\env\lib\site-packages\django\db\backends\utils.py", line 89, in _execute
    return self.cursor.execute(sql, params)
django.db.utils.IntegrityError: ОШИБКА:  повторяющееся значение ключа нарушает ограничение уникальности "uds_meta_pkey"
DETAIL:  Ключ "(uniq_id)=(g01s01y2023m04d24n6e)" уже существует.

2023-04-24 16:19:27,989 crud.views   INFO     Load <class 'crud.models.UdsMeta'> page
2023-04-24 16:19:36,260 crud.views   INFO     Load <class 'crud.models.UdsMeta'> page
2023-04-24 16:20:20,805 django.utils.autoreload INFO     E:\Новая папка\Ugib\ugib\crud\views.py changed, reloading.
2023-04-24 16:20:21,499 django.utils.autoreload INFO     Watching for file changes with StatReloader
2023-04-24 16:20:23,044 crud.views   INFO     Load <class 'crud.models.UdsMeta'> page
2023-04-24 16:20:30,128 crud.views   INFO     Load <class 'crud.models.UdsMeta'> page
2023-04-24 16:20:35,278 crud.views   INFO     Load <class 'crud.models.UdsMeta'> page
2023-04-24 16:20:38,052 crud.views   INFO     Load <class 'crud.models.UdsMeta'> page
2023-04-24 16:20:51,067 crud.views   ERROR     create not valid key
2023-04-24 16:20:51,176 crud.views   INFO     Load <class 'crud.models.UdsMeta'> page
2023-04-24 16:20:57,690 django.request ERROR    Internal Server Error: /create/
Traceback (most recent call last):
  File "E:\Новая папка\Ugib\ugib\crud\views.py", line 309, in create_post
    raise IntegrityError
django.db.utils.IntegrityError

During handling of the above exception, another exception occurred:

Traceback (most recent call last):
  File "E:\Новая папка\env\lib\site-packages\django\db\backends\utils.py", line 89, in _execute
    return self.cursor.execute(sql, params)
psycopg2.errors.UniqueViolation: ОШИБКА:  повторяющееся значение ключа нарушает ограничение уникальности "uds_meta_pkey"
DETAIL:  Ключ "(uniq_id)=(g01s01y2023m04d24n6e)" уже существует.


The above exception was the direct cause of the following exception:

Traceback (most recent call last):
  File "E:\Новая папка\env\lib\site-packages\django\core\handlers\exception.py", line 55, in inner
    response = get_response(request)
  File "E:\Новая папка\env\lib\site-packages\django\core\handlers\base.py", line 197, in _get_response
    response = wrapped_callback(request, *callback_args, **callback_kwargs)
  File "E:\Новая папка\Ugib\ugib\crud\views.py", line 325, in create_post
    data_models.objects.create(**form_data)
  File "E:\Новая папка\env\lib\site-packages\django\db\models\manager.py", line 85, in manager_method
    return getattr(self.get_queryset(), name)(*args, **kwargs)
  File "E:\Новая папка\env\lib\site-packages\django\db\models\query.py", line 671, in create
    obj.save(force_insert=True, using=self.db)
  File "E:\Новая папка\env\lib\site-packages\django\db\models\base.py", line 812, in save
    self.save_base(
  File "E:\Новая папка\env\lib\site-packages\django\db\models\base.py", line 863, in save_base
    updated = self._save_table(
  File "E:\Новая папка\env\lib\site-packages\django\db\models\base.py", line 1006, in _save_table
    results = self._do_insert(
  File "E:\Новая папка\env\lib\site-packages\django\db\models\base.py", line 1047, in _do_insert
    return manager._insert(
  File "E:\Новая папка\env\lib\site-packages\django\db\models\manager.py", line 85, in manager_method
    return getattr(self.get_queryset(), name)(*args, **kwargs)
  File "E:\Новая папка\env\lib\site-packages\django\db\models\query.py", line 1790, in _insert
    return query.get_compiler(using=using).execute_sql(returning_fields)
  File "E:\Новая папка\env\lib\site-packages\django\db\models\sql\compiler.py", line 1660, in execute_sql
    cursor.execute(sql, params)
  File "E:\Новая папка\env\lib\site-packages\django\db\backends\utils.py", line 103, in execute
    return super().execute(sql, params)
  File "E:\Новая папка\env\lib\site-packages\django\db\backends\utils.py", line 67, in execute
    return self._execute_with_wrappers(
  File "E:\Новая папка\env\lib\site-packages\django\db\backends\utils.py", line 80, in _execute_with_wrappers
    return executor(sql, params, many, context)
  File "E:\Новая папка\env\lib\site-packages\django\db\backends\utils.py", line 84, in _execute
    with self.db.wrap_database_errors:
  File "E:\Новая папка\env\lib\site-packages\django\db\utils.py", line 91, in __exit__
    raise dj_exc_value.with_traceback(traceback) from exc_value
  File "E:\Новая папка\env\lib\site-packages\django\db\backends\utils.py", line 89, in _execute
    return self.cursor.execute(sql, params)
django.db.utils.IntegrityError: ОШИБКА:  повторяющееся значение ключа нарушает ограничение уникальности "uds_meta_pkey"
DETAIL:  Ключ "(uniq_id)=(g01s01y2023m04d24n6e)" уже существует.

2023-04-24 16:21:28,793 crud.views   INFO     Load <class 'crud.models.UdsMeta'> page
2023-04-24 16:21:33,951 crud.views   INFO     Load <class 'crud.models.UdsMeta'> page
2023-04-24 16:21:35,730 crud.views   ERROR    When removed ObjectDoesNotExist
2023-04-24 16:21:35,795 crud.views   INFO     Load <class 'crud.models.UdsMeta'> page
2023-04-24 16:21:42,072 django.utils.autoreload INFO     E:\Новая папка\Ugib\ugib\crud\views.py changed, reloading.
2023-04-24 16:21:43,228 django.utils.autoreload INFO     Watching for file changes with StatReloader
2023-04-24 16:21:46,368 crud.views   INFO     Load <class 'crud.models.UdsMeta'> page
2023-04-24 16:21:47,640 crud.views   INFO     Load <class 'crud.models.UdsMeta'> page
2023-04-24 16:22:13,166 crud.views   INFO     Load <class 'crud.models.UdsMeta'> page
2023-04-24 16:22:14,161 crud.views   ERROR     create not valid key
2023-04-24 16:22:14,238 crud.views   INFO     Load <class 'crud.models.UdsMeta'> page
2023-04-24 16:22:18,309 crud.views   INFO     Load <class 'crud.models.UdsMeta'> page
2023-04-24 16:22:20,171 crud.views   INFO     Load <class 'crud.models.UdsMeta'> page
2023-04-24 16:22:21,732 crud.views   ERROR    When removed ObjectDoesNotExist
2023-04-24 16:22:21,838 crud.views   INFO     Load <class 'crud.models.UdsMeta'> page
2023-04-24 16:22:24,962 crud.views   INFO     Load <class 'crud.models.UdsMeta'> page
2023-04-24 16:22:25,826 crud.views   INFO     Load <class 'crud.models.UdsMeta'> page
2023-04-24 16:22:27,665 crud.views   INFO     Load <class 'crud.models.UdsMeta'> page
2023-04-24 16:28:03,658 django.utils.autoreload INFO     E:\Новая папка\Ugib\ugib\crud\views.py changed, reloading.
2023-04-24 16:28:04,253 django.utils.autoreload INFO     Watching for file changes with StatReloader
2023-04-24 16:29:34,277 django.utils.autoreload INFO     E:\Новая папка\Ugib\ugib\crud\views.py changed, reloading.
2023-04-24 16:29:34,836 django.utils.autoreload INFO     Watching for file changes with StatReloader
2023-04-24 16:31:05,786 django.utils.autoreload INFO     E:\Новая папка\Ugib\ugib\crud\views.py changed, reloading.
2023-04-24 16:31:06,331 django.utils.autoreload INFO     Watching for file changes with StatReloader
2023-04-24 16:31:14,571 django.utils.autoreload INFO     E:\Новая папка\Ugib\ugib\crud\views.py changed, reloading.
2023-04-24 16:31:15,154 django.utils.autoreload INFO     Watching for file changes with StatReloader
2023-04-24 16:31:43,683 crud.views   INFO     Load <class 'crud.models.UdsMeta'> page
2023-04-24 16:31:54,224 crud.views   ERROR     create 'datetime.datetime' object has no attribute 'split'
2023-04-24 16:31:54,302 crud.views   INFO     Load <class 'crud.models.UdsMeta'> page
2023-04-24 16:31:57,509 crud.views   ERROR     create 'datetime.datetime' object has no attribute 'split'
2023-04-24 16:31:57,575 crud.views   INFO     Load <class 'crud.models.UdsMeta'> page
2023-04-24 16:32:04,412 crud.views   INFO     Load <class 'crud.models.UdsMeta'> page
2023-04-24 16:32:07,500 crud.views   INFO     Load <class 'crud.models.UdsMeta'> page
2023-04-24 16:32:29,621 crud.views   INFO     Load <class 'crud.models.UdsMeta'> page
2023-04-24 16:32:41,429 crud.views   ERROR     create 'datetime.datetime' object has no attribute 'split'
2023-04-24 16:32:41,510 crud.views   INFO     Load <class 'crud.models.UdsMeta'> page
2023-04-24 16:32:49,833 django.utils.autoreload INFO     E:\Новая папка\Ugib\ugib\crud\views.py changed, reloading.
2023-04-24 16:32:50,432 django.utils.autoreload INFO     Watching for file changes with StatReloader
2023-04-24 16:32:53,610 crud.views   INFO     Load <class 'crud.models.UdsMeta'> page
2023-04-24 16:32:58,535 crud.views   ERROR     create 'datetime.datetime' object has no attribute 'split'
2023-04-24 16:32:58,616 crud.views   INFO     Load <class 'crud.models.UdsMeta'> page
2023-04-24 16:33:11,386 crud.views   ERROR     create 'datetime.datetime' object has no attribute 'split'
2023-04-24 16:33:11,455 crud.views   INFO     Load <class 'crud.models.UdsMeta'> page
2023-04-24 16:33:13,104 crud.views   INFO     Load <class 'crud.models.UdsMeta'> page
2023-04-24 16:33:15,271 crud.views   INFO     Load <class 'crud.models.UdsMeta'> page
2023-04-24 16:33:25,717 django.utils.autoreload INFO     E:\Новая папка\Ugib\ugib\crud\views.py changed, reloading.
2023-04-24 16:33:26,364 django.utils.autoreload INFO     Watching for file changes with StatReloader
2023-04-24 16:33:27,944 crud.views   INFO     Load <class 'crud.models.UdsMeta'> page
2023-04-24 16:33:41,160 crud.views   INFO     Load <class 'crud.models.UdsMeta'> page
2023-04-24 16:33:45,148 crud.views   INFO     Load <class 'crud.models.UdsMeta'> page
2023-04-24 16:33:49,994 django.utils.autoreload INFO     E:\Новая папка\Ugib\ugib\crud\views.py changed, reloading.
2023-04-24 16:33:50,595 django.utils.autoreload INFO     Watching for file changes with StatReloader
2023-04-24 16:34:00,967 django.utils.autoreload INFO     E:\Новая папка\Ugib\ugib\crud\views.py changed, reloading.
2023-04-24 16:34:01,574 django.utils.autoreload INFO     Watching for file changes with StatReloader
2023-04-24 16:34:02,269 crud.views   INFO     Load <class 'crud.models.UdsMeta'> page
2023-04-24 16:34:20,510 crud.views   ERROR     create 'datetime.datetime' object has no attribute 'split'
2023-04-24 16:34:20,603 crud.views   INFO     Load <class 'crud.models.UdsMeta'> page
2023-04-24 16:34:38,348 crud.views   ERROR     create 'datetime.datetime' object has no attribute 'split'
2023-04-24 16:34:38,422 crud.views   INFO     Load <class 'crud.models.UdsMeta'> page
2023-04-24 16:41:32,972 django.utils.autoreload INFO     E:\Новая папка\Ugib\ugib\crud\views.py changed, reloading.
2023-04-24 16:41:33,556 django.utils.autoreload INFO     Watching for file changes with StatReloader
2023-04-24 16:41:42,902 django.utils.autoreload INFO     E:\Новая папка\Ugib\ugib\crud\views.py changed, reloading.
2023-04-24 16:41:43,465 django.utils.autoreload INFO     Watching for file changes with StatReloader
2023-04-24 16:42:24,838 django.utils.autoreload INFO     E:\Новая папка\Ugib\ugib\crud\views.py changed, reloading.
2023-04-24 16:42:25,445 django.utils.autoreload INFO     Watching for file changes with StatReloader
2023-04-24 16:42:51,928 django.utils.autoreload INFO     E:\Новая папка\Ugib\ugib\crud\views.py changed, reloading.
2023-04-24 16:42:52,468 django.utils.autoreload INFO     Watching for file changes with StatReloader
2023-04-24 16:43:16,668 django.utils.autoreload INFO     E:\Новая папка\Ugib\ugib\crud\views.py changed, reloading.
2023-04-24 16:43:17,281 django.utils.autoreload INFO     Watching for file changes with StatReloader
2023-04-24 16:43:20,118 django.utils.autoreload INFO     E:\Новая папка\Ugib\ugib\crud\views.py changed, reloading.
2023-04-24 16:43:20,728 django.utils.autoreload INFO     Watching for file changes with StatReloader
2023-04-24 16:43:23,835 crud.views   INFO     Load <class 'crud.models.UdsMeta'> page
2023-04-24 16:43:30,660 crud.views   INFO     Load <class 'crud.models.UdsMeta'> page
2023-04-24 16:44:01,044 django.utils.autoreload INFO     E:\Новая папка\Ugib\ugib\crud\views.py changed, reloading.
2023-04-24 16:44:01,697 django.utils.autoreload INFO     Watching for file changes with StatReloader
2023-04-24 16:44:19,240 crud.views   INFO     Load <class 'crud.models.UdsMeta'> page
2023-04-24 16:44:48,662 django.utils.autoreload INFO     E:\Новая папка\Ugib\ugib\crud\views.py changed, reloading.
2023-04-24 16:44:49,246 django.utils.autoreload INFO     Watching for file changes with StatReloader
2023-04-24 16:44:53,198 django.utils.autoreload INFO     E:\Новая папка\Ugib\ugib\crud\views.py changed, reloading.
2023-04-24 16:44:53,778 django.utils.autoreload INFO     Watching for file changes with StatReloader
2023-04-24 16:44:54,916 crud.views   INFO     Load <class 'crud.models.UdsMeta'> page
2023-04-24 16:44:56,639 crud.views   INFO     Load <class 'crud.models.UdsMeta'> page
2023-04-24 16:45:00,400 crud.views   INFO     Load <class 'crud.models.UdsMeta'> page
2023-04-24 16:45:09,359 crud.views   INFO     Load <class 'crud.models.UdsMeta'> page
2023-04-24 16:45:10,340 django.request WARNING  Not Found: /favicon.ico
2023-04-24 16:45:10,682 crud.views   INFO     Load <class 'crud.models.UdsMeta'> page
2023-04-24 16:45:11,496 django.request WARNING  Not Found: /favicon.ico
2023-04-24 16:45:13,928 django.utils.autoreload INFO     E:\Новая папка\Ugib\ugib\crud\views.py changed, reloading.
2023-04-24 16:45:14,554 django.utils.autoreload INFO     Watching for file changes with StatReloader
2023-04-24 16:45:15,162 crud.views   INFO     Load <class 'crud.models.UdsMeta'> page
2023-04-24 16:45:20,909 crud.views   INFO     Load <class 'crud.models.UdsMeta'> page
2023-04-24 16:45:55,511 crud.views   INFO     Load <class 'crud.models.UdsMeta'> page
2023-04-24 16:45:56,558 django.request WARNING  Not Found: /favicon.ico
2023-04-24 16:46:09,845 django.utils.autoreload INFO     E:\Новая папка\Ugib\ugib\crud\views.py changed, reloading.
2023-04-24 16:46:10,470 django.utils.autoreload INFO     Watching for file changes with StatReloader
2023-04-24 16:46:11,561 crud.views   INFO     Load <class 'crud.models.UdsMeta'> page
2023-04-24 16:46:17,435 crud.views   INFO     Load <class 'crud.models.UdsMeta'> page
2023-04-24 16:47:00,486 crud.views   INFO     Load <class 'crud.models.UdsMeta'> page
2023-04-24 16:47:01,773 django.request WARNING  Not Found: /favicon.ico
2023-04-24 16:47:08,956 crud.views   INFO     Load <class 'crud.models.UdsMeta'> page
2023-04-24 16:47:49,334 django.utils.autoreload INFO     E:\Новая папка\Ugib\ugib\crud\views.py changed, reloading.
2023-04-24 16:47:49,919 django.utils.autoreload INFO     Watching for file changes with StatReloader
2023-04-24 17:04:15,011 crud.views   INFO     Load <class 'crud.models.UdsMeta'> page
2023-04-24 17:04:16,178 crud.views   INFO     Load <class 'crud.models.UdsMeta'> page
2023-04-24 17:04:16,219 django.request WARNING  Not Found: /favicon.ico
2023-04-24 17:04:39,425 crud.views   INFO     Load <class 'crud.models.UdsMeta'> page
2023-04-24 17:04:40,915 crud.views   INFO     Load <class 'crud.models.UdsMeta'> page
2023-04-24 17:04:41,960 django.request WARNING  Not Found: /favicon.ico
2023-04-24 17:04:54,427 crud.views   INFO     Load <class 'crud.models.UdsMeta'> page
2023-04-24 17:14:32,478 django.utils.autoreload INFO     E:\Новая папка\Ugib\ugib\crud\views.py changed, reloading.
2023-04-24 17:14:33,240 django.utils.autoreload INFO     Watching for file changes with StatReloader
2023-04-24 17:14:34,360 crud.views   INFO     Load <class 'crud.models.UdsMeta'> page
2023-04-24 17:14:47,473 django.request ERROR    Internal Server Error: /
Traceback (most recent call last):
  File "E:\Новая папка\env\lib\site-packages\django\core\handlers\exception.py", line 55, in inner
    response = get_response(request)
  File "E:\Новая папка\env\lib\site-packages\django\core\handlers\base.py", line 197, in _get_response
    response = wrapped_callback(request, *callback_args, **callback_kwargs)
  File "E:\Новая папка\env\lib\site-packages\django\views\generic\base.py", line 103, in view
    return self.dispatch(request, *args, **kwargs)
  File "E:\Новая папка\env\lib\site-packages\django\views\generic\base.py", line 142, in dispatch
    return handler(request, *args, **kwargs)
  File "E:\Новая папка\Ugib\ugib\crud\views.py", line 505, in post
    form_data = HelperUdsMet.credte_dict_from_js_dict(request.POST)
  File "E:\Новая папка\Ugib\ugib\crud\HelperUdsMeta.py", line 59, in credte_dict_from_js_dict
    t = re.sub('\t',' ',t)
UnboundLocalError: local variable 't' referenced before assignment
2023-04-24 17:15:08,257 django.utils.autoreload INFO     E:\Новая папка\Ugib\ugib\crud\views.py changed, reloading.
2023-04-24 17:15:09,021 django.utils.autoreload INFO     Watching for file changes with StatReloader
2023-04-24 17:15:11,251 crud.views   INFO     Load <class 'crud.models.UdsMeta'> page
2023-04-24 17:15:15,689 django.request ERROR    Internal Server Error: /
Traceback (most recent call last):
  File "E:\Новая папка\env\lib\site-packages\django\core\handlers\exception.py", line 55, in inner
    response = get_response(request)
  File "E:\Новая папка\env\lib\site-packages\django\core\handlers\base.py", line 197, in _get_response
    response = wrapped_callback(request, *callback_args, **callback_kwargs)
  File "E:\Новая папка\env\lib\site-packages\django\views\generic\base.py", line 103, in view
    return self.dispatch(request, *args, **kwargs)
  File "E:\Новая папка\env\lib\site-packages\django\views\generic\base.py", line 142, in dispatch
    return handler(request, *args, **kwargs)
  File "E:\Новая папка\Ugib\ugib\crud\views.py", line 503, in post
    print(request.POST.pop['choise'])
TypeError: 'method' object is not subscriptable
2023-04-24 17:15:26,294 django.utils.autoreload INFO     E:\Новая папка\Ugib\ugib\crud\views.py changed, reloading.
2023-04-24 17:15:26,864 django.utils.autoreload INFO     Watching for file changes with StatReloader
2023-04-24 17:15:54,627 django.utils.autoreload INFO     E:\Новая папка\Ugib\ugib\crud\views.py changed, reloading.
2023-04-24 17:15:55,148 django.utils.autoreload INFO     Watching for file changes with StatReloader
2023-04-24 17:15:59,046 crud.views   INFO     Load <class 'crud.models.UdsMeta'> page
2023-04-24 17:16:03,483 django.request ERROR    Internal Server Error: /
Traceback (most recent call last):
  File "E:\Новая папка\env\lib\site-packages\django\core\handlers\exception.py", line 55, in inner
    response = get_response(request)
  File "E:\Новая папка\env\lib\site-packages\django\core\handlers\base.py", line 197, in _get_response
    response = wrapped_callback(request, *callback_args, **callback_kwargs)
  File "E:\Новая папка\env\lib\site-packages\django\views\generic\base.py", line 103, in view
    return self.dispatch(request, *args, **kwargs)
  File "E:\Новая папка\env\lib\site-packages\django\views\generic\base.py", line 142, in dispatch
    return handler(request, *args, **kwargs)
  File "E:\Новая папка\Ugib\ugib\crud\views.py", line 504, in post
    del request.POST['choise']
  File "E:\Новая папка\env\lib\site-packages\django\http\request.py", line 532, in __delitem__
    self._assert_mutable()
  File "E:\Новая папка\env\lib\site-packages\django\http\request.py", line 523, in _assert_mutable
    raise AttributeError("This QueryDict instance is immutable")
AttributeError: This QueryDict instance is immutable
2023-04-24 17:16:14,025 django.utils.autoreload INFO     E:\Новая папка\Ugib\ugib\crud\views.py changed, reloading.
2023-04-24 17:16:14,598 django.utils.autoreload INFO     Watching for file changes with StatReloader
2023-04-24 17:16:16,706 crud.views   INFO     Load <class 'crud.models.UdsMeta'> page
2023-04-24 17:16:22,247 django.request ERROR    Internal Server Error: /
Traceback (most recent call last):
  File "E:\Новая папка\env\lib\site-packages\django\core\handlers\exception.py", line 55, in inner
    response = get_response(request)
  File "E:\Новая папка\env\lib\site-packages\django\core\handlers\base.py", line 197, in _get_response
    response = wrapped_callback(request, *callback_args, **callback_kwargs)
  File "E:\Новая папка\env\lib\site-packages\django\views\generic\base.py", line 103, in view
    return self.dispatch(request, *args, **kwargs)
  File "E:\Новая папка\env\lib\site-packages\django\views\generic\base.py", line 142, in dispatch
    return handler(request, *args, **kwargs)
  File "E:\Новая папка\Ugib\ugib\crud\views.py", line 504, in post
    del request.POST['choise']
  File "E:\Новая папка\env\lib\site-packages\django\http\request.py", line 532, in __delitem__
    self._assert_mutable()
  File "E:\Новая папка\env\lib\site-packages\django\http\request.py", line 523, in _assert_mutable
    raise AttributeError("This QueryDict instance is immutable")
AttributeError: This QueryDict instance is immutable
2023-04-24 17:16:43,494 django.utils.autoreload INFO     E:\Новая папка\Ugib\ugib\crud\views.py changed, reloading.
2023-04-24 17:16:44,096 django.utils.autoreload INFO     Watching for file changes with StatReloader
2023-04-24 17:16:45,223 crud.views   INFO     Load <class 'crud.models.UdsMeta'> page
2023-04-24 17:16:49,941 django.request ERROR    Internal Server Error: /
Traceback (most recent call last):
  File "E:\Новая папка\env\lib\site-packages\django\core\handlers\exception.py", line 55, in inner
    response = get_response(request)
  File "E:\Новая папка\env\lib\site-packages\django\core\handlers\base.py", line 197, in _get_response
    response = wrapped_callback(request, *callback_args, **callback_kwargs)
  File "E:\Новая папка\env\lib\site-packages\django\views\generic\base.py", line 103, in view
    return self.dispatch(request, *args, **kwargs)
  File "E:\Новая папка\env\lib\site-packages\django\views\generic\base.py", line 142, in dispatch
    return handler(request, *args, **kwargs)
  File "E:\Новая папка\Ugib\ugib\crud\views.py", line 504, in post
    print(request.POST.pop['fond'])
TypeError: 'method' object is not subscriptable
2023-04-24 17:17:08,429 django.utils.autoreload INFO     E:\Новая папка\Ugib\ugib\crud\views.py changed, reloading.
2023-04-24 17:17:09,051 django.utils.autoreload INFO     Watching for file changes with StatReloader
2023-04-24 17:17:10,380 crud.views   INFO     Load <class 'crud.models.UdsMeta'> page
2023-04-24 17:17:14,836 django.request ERROR    Internal Server Error: /
Traceback (most recent call last):
  File "E:\Новая папка\env\lib\site-packages\django\core\handlers\exception.py", line 55, in inner
    response = get_response(request)
  File "E:\Новая папка\env\lib\site-packages\django\core\handlers\base.py", line 197, in _get_response
    response = wrapped_callback(request, *callback_args, **callback_kwargs)
  File "E:\Новая папка\env\lib\site-packages\django\views\generic\base.py", line 103, in view
    return self.dispatch(request, *args, **kwargs)
  File "E:\Новая папка\env\lib\site-packages\django\views\generic\base.py", line 142, in dispatch
    return handler(request, *args, **kwargs)
  File "E:\Новая папка\Ugib\ugib\crud\views.py", line 505, in post
    form_data = HelperUdsMet.credte_dict_from_js_dict(request.POST)
  File "E:\Новая папка\Ugib\ugib\crud\HelperUdsMeta.py", line 59, in credte_dict_from_js_dict
    t = re.sub('\t',' ',t)
UnboundLocalError: local variable 't' referenced before assignment
2023-04-24 17:17:51,951 django.utils.autoreload INFO     E:\Новая папка\Ugib\ugib\crud\HelperUdsMeta.py changed, reloading.
2023-04-24 17:17:52,497 django.utils.autoreload INFO     Watching for file changes with StatReloader
2023-04-24 17:18:23,209 django.utils.autoreload INFO     E:\Новая папка\Ugib\ugib\crud\HelperUdsMeta.py changed, reloading.
2023-04-24 17:18:23,796 django.utils.autoreload INFO     Watching for file changes with StatReloader
2023-04-24 17:18:26,208 crud.views   INFO     Load <class 'crud.models.UdsMeta'> page
2023-04-24 17:18:33,671 crud.views   INFO     Load <class 'crud.models.UdsMeta'> page
2023-04-24 17:18:36,363 crud.views   INFO     Load <class 'crud.models.UdsMeta'> page
2023-04-24 17:41:02,467 crud.views   INFO     Load <class 'crud.models.UdsMeta'> page
2023-04-24 17:41:03,079 crud.views   INFO     Load <class 'crud.models.UdsMeta'> page
2023-04-24 17:41:03,236 django.request WARNING  Not Found: /favicon.ico
2023-04-24 17:41:04,145 crud.views   INFO     Load <class 'crud.models.UdsMeta'> page
2023-04-24 17:41:04,988 django.request WARNING  Not Found: /favicon.ico
2023-04-24 17:41:05,406 crud.views   INFO     Load <class 'crud.models.UdsMeta'> page
2023-04-24 17:41:06,749 crud.views   INFO     Load <class 'crud.models.UdsMeta'> page
2023-04-24 17:41:08,609 crud.views   INFO     Load <class 'crud.models.UdsMetaApr'> page
2023-04-24 17:41:14,923 crud.views   INFO     Load <class 'crud.models.UdsMetaApr'> page
2023-04-24 17:41:15,710 django.request WARNING  Not Found: /favicon.ico
2023-04-24 17:41:16,066 crud.views   INFO     Load <class 'crud.models.UdsMetaApr'> page
2023-04-24 17:41:16,863 django.request WARNING  Not Found: /favicon.ico
2023-04-24 17:41:23,985 crud.views   INFO     Load <class 'crud.models.UdsMeta'> page
2023-04-24 17:41:35,708 crud.views   INFO     Load <class 'crud.models.UdsMetaApr'> page
2023-04-24 17:42:27,586 django.utils.autoreload INFO     E:\Новая папка\Ugib\ugib\crud\views.py changed, reloading.
2023-04-24 17:42:28,304 django.utils.autoreload INFO     Watching for file changes with StatReloader
2023-04-25 09:09:39,724 django.utils.autoreload INFO     Watching for file changes with StatReloader
2023-04-25 09:24:52,366 crud.views   INFO     Load <class 'crud.models.UdsMeta'> page
2023-04-25 09:24:53,871 django.request WARNING  Not Found: /favicon.ico
2023-04-25 09:24:59,955 django.request WARNING  Not Found: /favicon.ico
2023-04-25 09:25:06,643 crud.views   INFO     Load <class 'crud.models.UdsMetaApr'> page
2023-04-25 09:26:29,889 django.utils.autoreload INFO     E:\Новая папка\Ugib\ugib\crud\views.py changed, reloading.
2023-04-25 09:26:31,186 django.utils.autoreload INFO     Watching for file changes with StatReloader
2023-04-25 09:27:01,103 django.utils.autoreload INFO     E:\Новая папка\Ugib\ugib\crud\views.py changed, reloading.
2023-04-25 09:27:01,654 django.utils.autoreload INFO     Watching for file changes with StatReloader
2023-04-25 09:27:16,270 django.utils.autoreload INFO     E:\Новая папка\Ugib\ugib\crud\views.py changed, reloading.
2023-04-25 09:27:16,819 django.utils.autoreload INFO     Watching for file changes with StatReloader
2023-04-25 09:28:02,745 django.utils.autoreload INFO     E:\Новая папка\Ugib\ugib\crud\views.py changed, reloading.
2023-04-25 09:28:03,276 django.utils.autoreload INFO     Watching for file changes with StatReloader
2023-04-25 09:28:29,676 django.utils.autoreload INFO     E:\Новая папка\Ugib\ugib\crud\views.py changed, reloading.
2023-04-25 09:28:30,257 django.utils.autoreload INFO     Watching for file changes with StatReloader
2023-04-25 09:32:44,241 django.utils.autoreload INFO     E:\Новая папка\Ugib\ugib\crud\views.py changed, reloading.
2023-04-25 09:32:44,926 django.utils.autoreload INFO     Watching for file changes with StatReloader
2023-04-25 09:32:45,525 crud.views   INFO     Load <class 'crud.models.UdsMeta'> page
2023-04-25 09:32:48,497 crud.views   INFO     Load <class 'crud.models.UdsMeta'> page
2023-04-25 09:32:49,634 django.request WARNING  Not Found: /favicon.ico
2023-04-25 09:32:50,307 crud.views   INFO     Load <class 'crud.models.UdsMeta'> page
2023-04-25 09:32:51,217 django.request WARNING  Not Found: /favicon.ico
2023-04-25 09:33:08,523 crud.views   INFO     Load <class 'grr.models.UdsMetaGrrStage'> page
2023-04-25 09:33:08,875 crud.views   INFO     Load <class 'crud.models.UdsMetaApr'> page
2023-04-25 09:33:51,108 crud.views   INFO     Load <class 'crud.models.UdsMetaApr'> page
2023-04-25 09:33:52,867 django.request WARNING  Not Found: /favicon.ico
2023-04-25 09:34:39,878 crud.views   INFO     Load <class 'crud.models.UdsMetaApr'> page
2023-04-25 09:35:12,209 crud.views   INFO     Load <class 'crud.models.UdsMetaApr'> page
2023-04-25 09:35:12,947 crud.views   INFO     Load <class 'crud.models.UdsMetaApr'> page
2023-04-25 09:35:13,248 django.request WARNING  Not Found: /favicon.ico
2023-04-25 09:35:14,094 django.request WARNING  Not Found: /favicon.ico
2023-04-25 09:35:14,233 crud.views   INFO     Load <class 'crud.models.UdsMetaApr'> page
2023-04-25 09:35:15,167 django.request WARNING  Not Found: /favicon.ico
2023-04-25 09:35:15,903 crud.views   INFO     Load <class 'crud.models.UdsMetaApr'> page
2023-04-25 09:35:16,819 django.request WARNING  Not Found: /favicon.ico
2023-04-25 09:35:28,737 crud.views   INFO     Load <class 'grr.models.UdsMetaGrrStage'> page
2023-04-25 09:35:46,770 crud.views   INFO     Load <class 'grr.models.UdsMetaGrrAccom'> page
2023-04-25 09:36:08,456 django.utils.autoreload INFO     E:\Новая папка\Ugib\ugib\crud\views.py changed, reloading.
2023-04-25 09:36:09,106 django.utils.autoreload INFO     Watching for file changes with StatReloader
2023-04-25 09:38:45,337 django.utils.autoreload INFO     E:\Новая папка\Ugib\ugib\crud\views.py changed, reloading.
2023-04-25 09:38:45,919 django.utils.autoreload INFO     Watching for file changes with StatReloader
2023-04-25 09:40:54,181 django.utils.autoreload INFO     E:\Новая папка\Ugib\ugib\grr\views.py changed, reloading.
2023-04-25 09:40:54,730 django.utils.autoreload INFO     Watching for file changes with StatReloader
2023-04-25 09:41:02,632 django.utils.autoreload INFO     E:\Новая папка\Ugib\ugib\grr\views.py changed, reloading.
2023-04-25 09:41:03,182 django.utils.autoreload INFO     Watching for file changes with StatReloader
2023-04-25 09:41:15,280 django.utils.autoreload INFO     E:\Новая папка\Ugib\ugib\grr\views.py changed, reloading.
2023-04-25 09:41:15,814 django.utils.autoreload INFO     Watching for file changes with StatReloader
2023-04-25 09:41:40,954 django.utils.autoreload INFO     E:\Новая папка\Ugib\ugib\grr\views.py changed, reloading.
2023-04-25 09:41:41,500 django.utils.autoreload INFO     Watching for file changes with StatReloader
2023-04-25 09:41:51,488 django.utils.autoreload INFO     E:\Новая папка\Ugib\ugib\grr\views.py changed, reloading.
2023-04-25 09:41:52,051 django.utils.autoreload INFO     Watching for file changes with StatReloader
2023-04-25 09:42:49,965 django.utils.autoreload INFO     E:\Новая папка\Ugib\ugib\grr\views.py changed, reloading.
2023-04-25 09:42:50,514 django.utils.autoreload INFO     Watching for file changes with StatReloader
2023-04-25 09:43:14,370 django.utils.autoreload INFO     E:\Новая папка\Ugib\ugib\grr\views.py changed, reloading.
2023-04-25 09:43:14,949 django.utils.autoreload INFO     Watching for file changes with StatReloader
2023-04-25 09:44:24,853 django.utils.autoreload INFO     E:\Новая папка\Ugib\ugib\crud\views.py changed, reloading.
2023-04-25 09:44:25,472 django.utils.autoreload INFO     Watching for file changes with StatReloader
2023-04-25 09:44:34,127 django.utils.autoreload INFO     E:\Новая папка\Ugib\ugib\crud\views.py changed, reloading.
2023-04-25 09:44:34,675 django.utils.autoreload INFO     Watching for file changes with StatReloader
2023-04-25 09:44:40,169 django.utils.autoreload INFO     E:\Новая папка\Ugib\ugib\crud\views.py changed, reloading.
2023-04-25 09:44:40,713 django.utils.autoreload INFO     Watching for file changes with StatReloader
2023-04-25 09:45:08,417 django.utils.autoreload INFO     E:\Новая папка\Ugib\ugib\crud\views.py changed, reloading.
2023-04-25 09:45:08,984 django.utils.autoreload INFO     Watching for file changes with StatReloader
2023-04-25 09:45:15,105 django.utils.autoreload INFO     E:\Новая папка\Ugib\ugib\crud\views.py changed, reloading.
2023-04-25 09:45:15,672 django.utils.autoreload INFO     Watching for file changes with StatReloader
2023-04-25 09:45:48,765 crud.views   INFO     Load <class 'crud.models.UdsMeta'> page
2023-04-25 09:45:59,323 crud.views   INFO     Load <class 'crud.models.UdsMeta'> page
2023-04-25 09:46:09,189 crud.views   INFO     Load <class 'crud.models.UdsMeta'> page
2023-04-25 09:47:03,833 django.utils.autoreload INFO     E:\Новая папка\Ugib\ugib\crud\views.py changed, reloading.
2023-04-25 09:47:04,451 django.utils.autoreload INFO     Watching for file changes with StatReloader
2023-04-25 09:47:31,957 django.utils.autoreload INFO     E:\Новая папка\Ugib\ugib\crud\views.py changed, reloading.
2023-04-25 09:47:32,543 django.utils.autoreload INFO     Watching for file changes with StatReloader
2023-04-25 09:47:39,663 django.utils.autoreload INFO     E:\Новая папка\Ugib\ugib\crud\views.py changed, reloading.
2023-04-25 09:47:40,245 django.utils.autoreload INFO     Watching for file changes with StatReloader
2023-04-25 09:48:20,671 django.utils.autoreload INFO     E:\Новая папка\Ugib\ugib\crud\views.py changed, reloading.
2023-04-25 09:48:21,240 django.utils.autoreload INFO     Watching for file changes with StatReloader
2023-04-25 09:48:50,935 django.utils.autoreload INFO     E:\Новая папка\Ugib\ugib\crud\views.py changed, reloading.
2023-04-25 09:48:51,517 django.utils.autoreload INFO     Watching for file changes with StatReloader
2023-04-25 09:49:03,987 django.utils.autoreload INFO     E:\Новая папка\Ugib\ugib\crud\views.py changed, reloading.
2023-04-25 09:49:04,534 django.utils.autoreload INFO     Watching for file changes with StatReloader
2023-04-25 09:49:06,300 django.utils.autoreload INFO     E:\Новая папка\Ugib\ugib\crud\views.py changed, reloading.
2023-04-25 09:49:06,943 django.utils.autoreload INFO     Watching for file changes with StatReloader
2023-04-25 09:50:04,113 django.utils.autoreload INFO     E:\Новая папка\Ugib\ugib\crud\views.py changed, reloading.
2023-04-25 09:50:04,685 django.utils.autoreload INFO     Watching for file changes with StatReloader
2023-04-25 09:50:11,569 django.utils.autoreload INFO     E:\Новая папка\Ugib\ugib\crud\views.py changed, reloading.
2023-04-25 09:50:12,146 django.utils.autoreload INFO     Watching for file changes with StatReloader
2023-04-25 09:50:46,255 django.utils.autoreload INFO     E:\Новая папка\Ugib\ugib\crud\views.py changed, reloading.
2023-04-25 09:50:46,863 django.utils.autoreload INFO     Watching for file changes with StatReloader
2023-04-25 09:50:52,885 django.utils.autoreload INFO     E:\Новая папка\Ugib\ugib\crud\views.py changed, reloading.
2023-04-25 09:50:53,468 django.utils.autoreload INFO     Watching for file changes with StatReloader
2023-04-25 09:51:35,887 django.utils.autoreload INFO     E:\Новая папка\Ugib\ugib\crud\views.py changed, reloading.
2023-04-25 09:51:36,450 django.utils.autoreload INFO     Watching for file changes with StatReloader
2023-04-25 09:51:50,082 django.utils.autoreload INFO     E:\Новая папка\Ugib\ugib\crud\views.py changed, reloading.
2023-04-25 09:51:50,648 django.utils.autoreload INFO     Watching for file changes with StatReloader
2023-04-25 09:52:30,902 django.utils.autoreload INFO     E:\Новая папка\Ugib\ugib\crud\views.py changed, reloading.
2023-04-25 09:52:31,684 django.utils.autoreload INFO     Watching for file changes with StatReloader
2023-04-25 09:52:37,769 django.utils.autoreload INFO     E:\Новая папка\Ugib\ugib\crud\views.py changed, reloading.
2023-04-25 09:52:38,331 django.utils.autoreload INFO     Watching for file changes with StatReloader
2023-04-25 09:52:42,242 django.utils.autoreload INFO     E:\Новая папка\Ugib\ugib\crud\views.py changed, reloading.
2023-04-25 09:52:42,821 django.utils.autoreload INFO     Watching for file changes with StatReloader
2023-04-25 09:53:14,457 django.utils.autoreload INFO     E:\Новая папка\Ugib\ugib\crud\views.py changed, reloading.
2023-04-25 09:53:15,148 django.utils.autoreload INFO     Watching for file changes with StatReloader
2023-04-25 09:54:06,168 django.utils.autoreload INFO     E:\Новая папка\Ugib\ugib\crud\views.py changed, reloading.
2023-04-25 09:54:06,793 django.utils.autoreload INFO     Watching for file changes with StatReloader
2023-04-25 09:54:09,345 crud.views   INFO     Load <class 'crud.models.UdsMeta'> page
2023-04-25 09:54:31,416 django.utils.autoreload INFO     E:\Новая папка\Ugib\ugib\crud\views.py changed, reloading.
2023-04-25 09:54:32,058 django.utils.autoreload INFO     Watching for file changes with StatReloader
2023-04-25 09:54:32,996 crud.views   INFO     Load <class 'crud.models.UdsMeta'> page
2023-04-25 09:54:54,148 django.utils.autoreload INFO     E:\Новая папка\Ugib\ugib\crud\views.py changed, reloading.
2023-04-25 09:54:54,718 django.utils.autoreload INFO     Watching for file changes with StatReloader
2023-04-25 09:55:00,776 django.utils.autoreload INFO     E:\Новая папка\Ugib\ugib\crud\views.py changed, reloading.
2023-04-25 09:55:01,425 django.utils.autoreload INFO     Watching for file changes with StatReloader
2023-04-25 09:55:04,476 crud.views   INFO     Load <class 'crud.models.UdsMeta'> page
2023-04-25 09:55:29,105 django.utils.autoreload INFO     E:\Новая папка\Ugib\ugib\crud\views.py changed, reloading.
2023-04-25 09:55:29,734 django.utils.autoreload INFO     Watching for file changes with StatReloader
2023-04-25 09:55:32,628 django.utils.autoreload INFO     E:\Новая папка\Ugib\ugib\crud\views.py changed, reloading.
2023-04-25 09:55:33,250 django.utils.autoreload INFO     Watching for file changes with StatReloader
2023-04-25 09:55:34,125 crud.views   INFO     Load <class 'crud.models.UdsMeta'> page
2023-04-25 09:55:35,652 django.request ERROR    Internal Server Error: /get_html_uds/
Traceback (most recent call last):
  File "E:\Новая папка\env\lib\site-packages\django\core\handlers\exception.py", line 55, in inner
    response = get_response(request)
  File "E:\Новая папка\env\lib\site-packages\django\core\handlers\base.py", line 197, in _get_response
    response = wrapped_callback(request, *callback_args, **callback_kwargs)
  File "E:\Новая папка\Ugib\ugib\crud\views.py", line 686, in get_html_uds
    print(uniq_id(choise=choise, fond = fond))
  File "E:\Новая папка\Ugib\ugib\crud\views.py", line 275, in uniq_id
    buff = tables["fond"].objects.order_by("-oid").first()
KeyError: 'fond'
2023-04-25 09:55:53,422 django.utils.autoreload INFO     E:\Новая папка\Ugib\ugib\crud\views.py changed, reloading.
2023-04-25 09:55:54,081 django.utils.autoreload INFO     Watching for file changes with StatReloader
2023-04-25 09:55:55,173 crud.views   INFO     Load <class 'crud.models.UdsMeta'> page
2023-04-25 09:55:56,983 django.request ERROR    Internal Server Error: /get_html_uds/
Traceback (most recent call last):
  File "E:\Новая папка\env\lib\site-packages\django\core\handlers\exception.py", line 55, in inner
    response = get_response(request)
  File "E:\Новая папка\env\lib\site-packages\django\core\handlers\base.py", line 197, in _get_response
    response = wrapped_callback(request, *callback_args, **callback_kwargs)
  File "E:\Новая папка\Ugib\ugib\crud\views.py", line 686, in get_html_uds
    print(uniq_id(choise=fond, fond = choise))
  File "E:\Новая папка\Ugib\ugib\crud\views.py", line 275, in uniq_id
    buff = tables["fond"].objects.order_by("-oid").first()
KeyError: 'fond'
2023-04-25 09:56:05,866 django.utils.autoreload INFO     E:\Новая папка\Ugib\ugib\crud\views.py changed, reloading.
2023-04-25 09:56:06,462 django.utils.autoreload INFO     Watching for file changes with StatReloader
2023-04-25 09:56:17,786 django.utils.autoreload INFO     E:\Новая папка\Ugib\ugib\crud\views.py changed, reloading.
2023-04-25 09:56:18,395 django.utils.autoreload INFO     Watching for file changes with StatReloader
2023-04-25 09:56:34,085 django.utils.autoreload INFO     E:\Новая папка\Ugib\ugib\crud\views.py changed, reloading.
2023-04-25 09:56:34,633 django.utils.autoreload INFO     Watching for file changes with StatReloader
2023-04-25 09:56:41,808 django.utils.autoreload INFO     E:\Новая папка\Ugib\ugib\crud\views.py changed, reloading.
2023-04-25 09:56:42,476 django.utils.autoreload INFO     Watching for file changes with StatReloader
2023-04-25 09:56:45,115 crud.views   INFO     Load <class 'crud.models.UdsMeta'> page
2023-04-25 10:03:45,780 django.utils.autoreload INFO     E:\Новая папка\Ugib\ugib\crud\views.py changed, reloading.
2023-04-25 10:03:46,412 django.utils.autoreload INFO     Watching for file changes with StatReloader
2023-04-25 10:03:51,351 django.utils.autoreload INFO     E:\Новая папка\Ugib\ugib\crud\views.py changed, reloading.
2023-04-25 10:03:51,939 django.utils.autoreload INFO     Watching for file changes with StatReloader
2023-04-25 10:04:29,588 crud.views   INFO     Load <class 'crud.models.UdsMeta'> page
2023-04-25 10:04:30,200 django.utils.autoreload INFO     E:\Новая папка\Ugib\ugib\crud\views.py changed, reloading.
2023-04-25 10:04:30,822 django.utils.autoreload INFO     Watching for file changes with StatReloader
2023-04-25 10:04:42,379 django.utils.autoreload INFO     E:\Новая папка\Ugib\ugib\crud\views.py changed, reloading.
2023-04-25 10:04:42,926 django.utils.autoreload INFO     Watching for file changes with StatReloader
2023-04-25 10:04:52,151 django.utils.autoreload INFO     E:\Новая папка\Ugib\ugib\crud\views.py changed, reloading.
2023-04-25 10:04:52,763 django.utils.autoreload INFO     Watching for file changes with StatReloader
2023-04-25 10:04:53,714 crud.views   INFO     Load <class 'crud.models.UdsMeta'> page
2023-04-25 10:04:58,040 crud.views   INFO     Load <class 'crud.models.UdsMeta'> page
2023-04-25 10:05:02,392 crud.views   INFO     Load <class 'crud.models.UdsMeta'> page
2023-04-25 10:05:34,789 crud.views   INFO     Load <class 'crud.models.UdsMeta'> page
2023-04-25 10:05:35,963 crud.views   INFO     Load <class 'crud.models.UdsMeta'> page
2023-04-25 10:23:57,297 django.utils.autoreload INFO     E:\Новая папка\Ugib\ugib\crud\views.py changed, reloading.
2023-04-25 10:23:58,081 django.utils.autoreload INFO     Watching for file changes with StatReloader
2023-04-25 10:24:18,456 django.utils.autoreload INFO     E:\Новая папка\Ugib\ugib\crud\views.py changed, reloading.
2023-04-25 10:24:19,020 django.utils.autoreload INFO     Watching for file changes with StatReloader
2023-04-25 10:24:39,071 django.utils.autoreload INFO     E:\Новая папка\Ugib\ugib\crud\views.py changed, reloading.
2023-04-25 10:24:39,615 django.utils.autoreload INFO     Watching for file changes with StatReloader
2023-04-25 10:24:51,125 django.utils.autoreload INFO     E:\Новая папка\Ugib\ugib\crud\views.py changed, reloading.
2023-04-25 10:24:51,711 django.utils.autoreload INFO     Watching for file changes with StatReloader
2023-04-25 10:25:43,947 django.utils.autoreload INFO     E:\Новая папка\Ugib\ugib\crud\views.py changed, reloading.
2023-04-25 10:25:44,502 django.utils.autoreload INFO     Watching for file changes with StatReloader
2023-04-25 10:26:01,410 django.utils.autoreload INFO     E:\Новая папка\Ugib\ugib\crud\views.py changed, reloading.
2023-04-25 10:26:01,956 django.utils.autoreload INFO     Watching for file changes with StatReloader
2023-04-25 10:30:54,098 django.utils.autoreload INFO     E:\Новая папка\Ugib\ugib\crud\views.py changed, reloading.
2023-04-25 10:30:55,131 django.utils.autoreload INFO     Watching for file changes with StatReloader
2023-04-25 10:30:56,880 crud.views   INFO     Load <class 'crud.models.UdsMeta'> page
2023-04-25 10:31:09,410 django.utils.autoreload INFO     E:\Новая папка\Ugib\ugib\crud\views.py changed, reloading.
2023-04-25 10:31:10,055 django.utils.autoreload INFO     Watching for file changes with StatReloader
2023-04-25 10:31:10,662 crud.views   INFO     Load <class 'crud.models.UdsMeta'> page
2023-04-25 10:31:30,000 django.request ERROR    Internal Server Error: /get_html_uds/
Traceback (most recent call last):
  File "E:\Новая папка\env\lib\site-packages\django\core\handlers\exception.py", line 55, in inner
    response = get_response(request)
  File "E:\Новая папка\env\lib\site-packages\django\core\handlers\base.py", line 197, in _get_response
    response = wrapped_callback(request, *callback_args, **callback_kwargs)
  File "E:\Новая папка\Ugib\ugib\crud\views.py", line 689, in get_html_uds
    print(uniq_id(choise=choise, fond = fond))
  File "E:\Новая папка\Ugib\ugib\crud\views.py", line 279, in uniq_id
    buff = tables[fond].objects.order_by("-oid").first()
KeyError: '02maps'
2023-04-25 10:31:55,882 django.utils.autoreload INFO     E:\Новая папка\Ugib\ugib\crud\views.py changed, reloading.
2023-04-25 10:31:56,497 django.utils.autoreload INFO     Watching for file changes with StatReloader
2023-04-25 10:32:17,174 crud.views   INFO     Load <class 'crud.models.UdsMetaApr'> page
2023-04-25 10:32:21,174 crud.views   INFO     Load <class 'crud.models.UdsMeta'> page
2023-04-25 10:33:15,992 django.utils.autoreload INFO     E:\Новая папка\Ugib\ugib\crud\views.py changed, reloading.
2023-04-25 10:33:16,621 django.utils.autoreload INFO     Watching for file changes with StatReloader
2023-04-25 10:33:21,690 django.utils.autoreload INFO     E:\Новая папка\Ugib\ugib\crud\views.py changed, reloading.
2023-04-25 10:33:22,237 django.utils.autoreload INFO     Watching for file changes with StatReloader
2023-04-25 10:33:40,084 django.utils.autoreload INFO     E:\Новая папка\Ugib\ugib\crud\views.py changed, reloading.
2023-04-25 10:33:40,711 django.utils.autoreload INFO     Watching for file changes with StatReloader
2023-04-25 10:33:41,668 crud.views   INFO     Load <class 'crud.models.UdsMeta'> page
2023-04-25 10:33:42,829 django.request ERROR    Internal Server Error: /get_html_uds/
Traceback (most recent call last):
  File "E:\Новая папка\env\lib\site-packages\django\core\handlers\exception.py", line 55, in inner
    response = get_response(request)
  File "E:\Новая папка\env\lib\site-packages\django\core\handlers\base.py", line 197, in _get_response
    response = wrapped_callback(request, *callback_args, **callback_kwargs)
  File "E:\Новая папка\Ugib\ugib\crud\views.py", line 690, in get_html_uds
    print(uniq_id(choise=choise, fond = fond))
  File "E:\Новая папка\Ugib\ugib\crud\views.py", line 277, in uniq_id
    print(number_fond[choise.lower()])
KeyError: '01tsnigri'
2023-04-25 10:33:48,691 django.request ERROR    Internal Server Error: /get_html_uds/
Traceback (most recent call last):
  File "E:\Новая папка\env\lib\site-packages\django\core\handlers\exception.py", line 55, in inner
    response = get_response(request)
  File "E:\Новая папка\env\lib\site-packages\django\core\handlers\base.py", line 197, in _get_response
    response = wrapped_callback(request, *callback_args, **callback_kwargs)
  File "E:\Новая папка\Ugib\ugib\crud\views.py", line 690, in get_html_uds
    print(uniq_id(choise=choise, fond = fond))
  File "E:\Новая папка\Ugib\ugib\crud\views.py", line 277, in uniq_id
    print(number_fond[choise.lower()])
KeyError: '01tsnigri'
2023-04-25 10:33:51,428 django.request ERROR    Internal Server Error: /get_html_uds/
Traceback (most recent call last):
  File "E:\Новая папка\env\lib\site-packages\django\core\handlers\exception.py", line 55, in inner
    response = get_response(request)
  File "E:\Новая папка\env\lib\site-packages\django\core\handlers\base.py", line 197, in _get_response
    response = wrapped_callback(request, *callback_args, **callback_kwargs)
  File "E:\Новая папка\Ugib\ugib\crud\views.py", line 690, in get_html_uds
    print(uniq_id(choise=choise, fond = fond))
  File "E:\Новая папка\Ugib\ugib\crud\views.py", line 277, in uniq_id
    print(number_fond[choise.lower()])
KeyError: '01tsnigri'
2023-04-25 10:34:06,179 django.utils.autoreload INFO     E:\Новая папка\Ugib\ugib\crud\views.py changed, reloading.
2023-04-25 10:34:06,778 django.utils.autoreload INFO     Watching for file changes with StatReloader
2023-04-25 10:34:09,918 crud.views   INFO     Load <class 'crud.models.UdsMetaApr'> page
2023-04-25 10:34:32,542 crud.views   INFO     Load <class 'grr.models.UdsMetaGrrStage'> page
2023-04-25 10:34:45,049 django.utils.autoreload INFO     E:\Новая папка\Ugib\ugib\crud\views.py changed, reloading.
2023-04-25 10:34:45,672 django.utils.autoreload INFO     Watching for file changes with StatReloader
2023-04-25 10:35:26,026 django.utils.autoreload INFO     E:\Новая папка\Ugib\ugib\crud\views.py changed, reloading.
2023-04-25 10:35:26,646 django.utils.autoreload INFO     Watching for file changes with StatReloader
2023-04-25 10:35:40,617 django.utils.autoreload INFO     E:\Новая папка\Ugib\ugib\crud\views.py changed, reloading.
2023-04-25 10:35:41,166 django.utils.autoreload INFO     Watching for file changes with StatReloader
2023-04-25 10:36:53,158 django.utils.autoreload INFO     E:\Новая папка\Ugib\ugib\crud\views.py changed, reloading.
2023-04-25 10:36:53,732 django.utils.autoreload INFO     Watching for file changes with StatReloader
2023-04-25 10:37:20,185 django.utils.autoreload INFO     E:\Новая папка\Ugib\ugib\crud\views.py changed, reloading.
2023-04-25 10:37:20,866 django.utils.autoreload INFO     Watching for file changes with StatReloader
2023-04-25 10:38:31,000 django.utils.autoreload INFO     E:\Новая папка\Ugib\ugib\crud\views.py changed, reloading.
2023-04-25 10:38:31,554 django.utils.autoreload INFO     Watching for file changes with StatReloader
2023-04-25 10:38:37,856 django.utils.autoreload INFO     E:\Новая папка\Ugib\ugib\crud\views.py changed, reloading.
2023-04-25 10:38:38,421 django.utils.autoreload INFO     Watching for file changes with StatReloader
2023-04-25 10:38:55,434 crud.views   INFO     Load <class 'crud.models.UdsMeta'> page
2023-04-25 10:39:21,012 django.utils.autoreload INFO     E:\Новая папка\Ugib\ugib\crud\views.py changed, reloading.
2023-04-25 10:39:21,623 django.utils.autoreload INFO     Watching for file changes with StatReloader
2023-04-25 10:40:46,689 django.utils.autoreload INFO     E:\Новая папка\Ugib\ugib\crud\views.py changed, reloading.
2023-04-25 10:40:47,258 django.utils.autoreload INFO     Watching for file changes with StatReloader
2023-04-25 10:40:50,120 django.utils.autoreload INFO     E:\Новая папка\Ugib\ugib\crud\views.py changed, reloading.
2023-04-25 10:40:50,681 django.utils.autoreload INFO     Watching for file changes with StatReloader
2023-04-25 10:47:02,606 django.utils.autoreload INFO     E:\Новая папка\Ugib\ugib\crud\views.py changed, reloading.
2023-04-25 10:47:03,244 django.utils.autoreload INFO     Watching for file changes with StatReloader
2023-04-25 10:47:21,050 django.utils.autoreload INFO     E:\Новая папка\Ugib\ugib\crud\views.py changed, reloading.
2023-04-25 10:47:21,601 django.utils.autoreload INFO     Watching for file changes with StatReloader
2023-04-25 10:47:38,939 crud.views   INFO     Load <class 'crud.models.UdsMeta'> page
2023-04-25 10:47:48,231 crud.views   INFO     Load <class 'crud.models.UdsMeta'> page
2023-04-25 10:49:28,948 django.utils.autoreload INFO     E:\Новая папка\Ugib\ugib\crud\views.py changed, reloading.
2023-04-25 10:49:29,564 django.utils.autoreload INFO     Watching for file changes with StatReloader
2023-04-25 10:50:09,897 django.utils.autoreload INFO     E:\Новая папка\Ugib\ugib\crud\views.py changed, reloading.
2023-04-25 10:50:10,457 django.utils.autoreload INFO     Watching for file changes with StatReloader
2023-04-25 10:50:30,697 django.utils.autoreload INFO     E:\Новая папка\Ugib\ugib\crud\views.py changed, reloading.
2023-04-25 10:50:31,269 django.utils.autoreload INFO     Watching for file changes with StatReloader
2023-04-25 10:50:42,042 django.utils.autoreload INFO     E:\Новая папка\Ugib\ugib\crud\views.py changed, reloading.
2023-04-25 10:50:42,602 django.utils.autoreload INFO     Watching for file changes with StatReloader
2023-04-25 10:54:53,405 django.utils.autoreload INFO     E:\Новая папка\Ugib\ugib\crud\views.py changed, reloading.
2023-04-25 10:54:53,970 django.utils.autoreload INFO     Watching for file changes with StatReloader
2023-04-25 10:55:11,257 django.utils.autoreload INFO     E:\Новая папка\Ugib\ugib\crud\views.py changed, reloading.
2023-04-25 10:55:11,811 django.utils.autoreload INFO     Watching for file changes with StatReloader
2023-04-25 10:55:26,905 django.utils.autoreload INFO     E:\Новая папка\Ugib\ugib\crud\views.py changed, reloading.
2023-04-25 10:55:27,437 django.utils.autoreload INFO     Watching for file changes with StatReloader
2023-04-25 10:55:50,658 django.utils.autoreload INFO     E:\Новая папка\Ugib\ugib\crud\views.py changed, reloading.
2023-04-25 10:55:51,265 django.utils.autoreload INFO     Watching for file changes with StatReloader
2023-04-25 10:55:56,838 django.utils.autoreload INFO     E:\Новая папка\Ugib\ugib\crud\views.py changed, reloading.
2023-04-25 10:55:57,384 django.utils.autoreload INFO     Watching for file changes with StatReloader
2023-04-25 10:56:35,592 django.utils.autoreload INFO     E:\Новая папка\Ugib\ugib\crud\views.py changed, reloading.
2023-04-25 10:56:36,166 django.utils.autoreload INFO     Watching for file changes with StatReloader
2023-04-25 10:57:02,736 django.utils.autoreload INFO     E:\Новая папка\Ugib\ugib\crud\views.py changed, reloading.
2023-04-25 10:57:03,312 django.utils.autoreload INFO     Watching for file changes with StatReloader
2023-04-25 10:57:55,623 django.utils.autoreload INFO     E:\Новая папка\Ugib\ugib\crud\views.py changed, reloading.
2023-04-25 10:57:56,747 django.utils.autoreload INFO     Watching for file changes with StatReloader
2023-04-25 10:58:24,303 django.utils.autoreload INFO     E:\Новая папка\Ugib\ugib\crud\views.py changed, reloading.
2023-04-25 10:58:24,911 django.utils.autoreload INFO     Watching for file changes with StatReloader
2023-04-25 10:58:54,433 crud.views   INFO     Load <class 'crud.models.UdsMeta'> page
2023-04-25 10:58:56,044 django.request ERROR    Internal Server Error: /get_html_uds/
Traceback (most recent call last):
  File "E:\Новая папка\env\lib\site-packages\django\core\handlers\exception.py", line 55, in inner
    response = get_response(request)
  File "E:\Новая папка\env\lib\site-packages\django\core\handlers\base.py", line 197, in _get_response
    response = wrapped_callback(request, *callback_args, **callback_kwargs)
  File "E:\Новая папка\Ugib\ugib\crud\views.py", line 706, in get_html_uds
    print(uniq_id(choise=choise, fond = fond))
  File "E:\Новая папка\Ugib\ugib\crud\views.py", line 306, in uniq_id
    return f"g{n}s{number_fond}y{y}m{m}d{d}n{1}e"
UnboundLocalError: local variable 'n' referenced before assignment
2023-04-25 10:59:06,990 django.utils.autoreload INFO     E:\Новая папка\Ugib\ugib\crud\views.py changed, reloading.
2023-04-25 10:59:07,617 django.utils.autoreload INFO     Watching for file changes with StatReloader
2023-04-25 10:59:08,273 crud.views   INFO     Load <class 'crud.models.UdsMeta'> page
2023-04-25 10:59:16,483 django.request ERROR    Internal Server Error: /get_html_uds/
Traceback (most recent call last):
  File "E:\Новая папка\env\lib\site-packages\django\core\handlers\exception.py", line 55, in inner
    response = get_response(request)
  File "E:\Новая папка\env\lib\site-packages\django\core\handlers\base.py", line 197, in _get_response
    response = wrapped_callback(request, *callback_args, **callback_kwargs)
  File "E:\Новая папка\Ugib\ugib\crud\views.py", line 706, in get_html_uds
    print(uniq_id(choise=choise, fond = fond))
  File "E:\Новая папка\Ugib\ugib\crud\views.py", line 291, in uniq_id
    if current_date == old_date:
UnboundLocalError: local variable 'old_date' referenced before assignment
2023-04-25 11:00:21,037 django.utils.autoreload INFO     E:\Новая папка\Ugib\ugib\crud\views.py changed, reloading.
2023-04-25 11:00:21,693 django.utils.autoreload INFO     Watching for file changes with StatReloader
2023-04-25 11:00:29,887 django.utils.autoreload INFO     E:\Новая папка\Ugib\ugib\crud\views.py changed, reloading.
2023-04-25 11:00:30,481 django.utils.autoreload INFO     Watching for file changes with StatReloader
2023-04-25 11:00:32,226 crud.views   INFO     Load <class 'crud.models.UdsMeta'> page
2023-04-25 11:01:02,668 django.utils.autoreload INFO     E:\Новая папка\Ugib\ugib\crud\views.py changed, reloading.
2023-04-25 11:01:03,250 django.utils.autoreload INFO     Watching for file changes with StatReloader
2023-04-25 11:10:15,706 crud.views   INFO     Load <class 'crud.models.UdsMeta'> page
2023-04-25 11:10:23,840 crud.views   INFO     Load <class 'crud.models.UdsMeta'> page
2023-04-25 11:10:36,614 crud.views   INFO     Load <class 'crud.models.UdsMeta'> page
2023-04-25 11:10:38,065 crud.views   INFO     Load <class 'crud.models.UdsMeta'> page
2023-04-25 11:10:43,733 crud.views   INFO     Load <class 'grr.models.UdsMetaGrrStage'> page
2023-04-25 11:11:17,100 django.utils.autoreload INFO     E:\Новая папка\Ugib\ugib\crud\views.py changed, reloading.
2023-04-25 11:11:17,775 django.utils.autoreload INFO     Watching for file changes with StatReloader
2023-04-25 11:11:38,240 crud.views   INFO     Load <class 'crud.models.UdsMetaApr'> page
2023-04-25 11:11:39,019 django.utils.autoreload INFO     E:\Новая папка\Ugib\ugib\crud\views.py changed, reloading.
2023-04-25 11:11:39,619 django.utils.autoreload INFO     Watching for file changes with StatReloader
2023-04-25 11:27:32,700 django.utils.autoreload INFO     E:\Новая папка\Ugib\ugib\crud\views.py changed, reloading.
2023-04-25 11:27:33,278 django.utils.autoreload INFO     Watching for file changes with StatReloader
2023-04-25 11:28:27,610 django.utils.autoreload INFO     E:\Новая папка\Ugib\ugib\crud\views.py changed, reloading.
2023-04-25 11:28:28,200 django.utils.autoreload INFO     Watching for file changes with StatReloader
2023-04-25 11:28:34,342 django.utils.autoreload INFO     E:\Новая папка\Ugib\ugib\crud\views.py changed, reloading.
2023-04-25 11:28:34,898 django.utils.autoreload INFO     Watching for file changes with StatReloader
2023-04-25 11:28:37,759 crud.views   INFO     Load <class 'crud.models.UdsMeta'> page
2023-04-25 11:28:39,368 crud.views   INFO     Load <class 'crud.models.UdsMeta'> page
2023-04-25 11:28:40,545 django.request WARNING  Not Found: /favicon.ico
2023-04-25 11:28:40,719 crud.views   INFO     Load <class 'crud.models.UdsMeta'> page
2023-04-25 11:28:41,643 django.request WARNING  Not Found: /favicon.ico
2023-04-25 11:28:47,111 crud.views   ERROR    When create local variable 'uniq_id' referenced before assignment
2023-04-25 11:29:01,803 crud.views   INFO     Load <class 'crud.models.UdsMeta'> page
2023-04-25 11:29:13,191 django.utils.autoreload INFO     E:\Новая папка\Ugib\ugib\crud\views.py changed, reloading.
2023-04-25 11:29:13,875 django.utils.autoreload INFO     Watching for file changes with StatReloader
2023-04-25 11:29:14,756 crud.views   INFO     Load <class 'crud.models.UdsMeta'> page
2023-04-25 11:29:19,104 django.request ERROR    Internal Server Error: /
Traceback (most recent call last):
  File "E:\Новая папка\env\lib\site-packages\django\core\handlers\exception.py", line 55, in inner
    response = get_response(request)
  File "E:\Новая папка\env\lib\site-packages\django\core\handlers\base.py", line 197, in _get_response
    response = wrapped_callback(request, *callback_args, **callback_kwargs)
  File "E:\Новая папка\env\lib\site-packages\django\views\generic\base.py", line 103, in view
    return self.dispatch(request, *args, **kwargs)
  File "E:\Новая папка\env\lib\site-packages\django\views\generic\base.py", line 142, in dispatch
    return handler(request, *args, **kwargs)
  File "E:\Новая папка\Ugib\ugib\crud\views.py", line 529, in post
    print(uniq_id(request.POST["choise"],request.POST["fond"]))
UnboundLocalError: local variable 'uniq_id' referenced before assignment
2023-04-25 11:29:47,995 django.utils.autoreload INFO     E:\Новая папка\Ugib\ugib\crud\views.py changed, reloading.
2023-04-25 11:29:48,595 django.utils.autoreload INFO     Watching for file changes with StatReloader
2023-04-25 11:29:55,772 django.utils.autoreload INFO     E:\Новая папка\Ugib\ugib\crud\views.py changed, reloading.
2023-04-25 11:29:56,458 django.utils.autoreload INFO     Watching for file changes with StatReloader
2023-04-25 11:29:57,071 crud.views   INFO     Load <class 'crud.models.UdsMeta'> page
2023-04-25 11:30:00,532 django.request ERROR    Internal Server Error: /
Traceback (most recent call last):
  File "E:\Новая папка\env\lib\site-packages\django\core\handlers\exception.py", line 55, in inner
    response = get_response(request)
  File "E:\Новая папка\env\lib\site-packages\django\core\handlers\base.py", line 197, in _get_response
    response = wrapped_callback(request, *callback_args, **callback_kwargs)
  File "E:\Новая папка\env\lib\site-packages\django\views\generic\base.py", line 103, in view
    return self.dispatch(request, *args, **kwargs)
  File "E:\Новая папка\env\lib\site-packages\django\views\generic\base.py", line 142, in dispatch
    return handler(request, *args, **kwargs)
  File "E:\Новая папка\Ugib\ugib\crud\views.py", line 529, in post
    print(get_uniq_id(request.POST["choise"],request.POST["fond"]))
  File "E:\Новая папка\Ugib\ugib\crud\views.py", line 283, in get_uniq_id
    buff = tables[fond].objects.order_by("-oid").first()
KeyError: '01FOND'
2023-04-25 11:30:10,374 django.utils.autoreload INFO     E:\Новая папка\Ugib\ugib\crud\views.py changed, reloading.
2023-04-25 11:30:10,996 django.utils.autoreload INFO     Watching for file changes with StatReloader
2023-04-25 11:30:11,656 crud.views   INFO     Load <class 'crud.models.UdsMeta'> page
2023-04-25 11:30:17,219 crud.views   INFO     Load <class 'crud.models.UdsMeta'> page
2023-04-25 11:39:33,723 django.utils.autoreload INFO     E:\Новая папка\Ugib\ugib\crud\views.py changed, reloading.
2023-04-25 11:39:34,404 django.utils.autoreload INFO     Watching for file changes with StatReloader
2023-04-25 11:39:37,996 crud.views   INFO     Load <class 'crud.models.UdsMeta'> page
2023-04-25 11:39:41,007 crud.views   INFO     Load <class 'crud.models.UdsMetaApr'> page
2023-04-25 11:39:48,247 django.utils.autoreload INFO     E:\Новая папка\Ugib\ugib\crud\views.py changed, reloading.
2023-04-25 11:39:48,849 django.utils.autoreload INFO     Watching for file changes with StatReloader
2023-04-25 11:39:51,726 django.utils.autoreload INFO     E:\Новая папка\Ugib\ugib\crud\views.py changed, reloading.
2023-04-25 11:39:52,311 django.utils.autoreload INFO     Watching for file changes with StatReloader
2023-04-25 11:39:52,962 crud.views   INFO     Load <class 'crud.models.UdsMetaApr'> page
2023-04-25 11:39:54,029 crud.views   INFO     Load <class 'crud.models.UdsMetaApr'> page
2023-04-25 11:39:54,341 django.request WARNING  Not Found: /favicon.ico
2023-04-25 11:42:45,402 crud.views   INFO     Load <class 'crud.models.UdsMetaApr'> page
2023-04-25 11:42:46,094 crud.views   INFO     Load <class 'crud.models.UdsMetaApr'> page
2023-04-25 11:42:46,394 django.request WARNING  Not Found: /favicon.ico
2023-04-25 11:42:47,365 django.request WARNING  Not Found: /favicon.ico
2023-04-25 11:42:56,633 crud.views   INFO     Load <class 'crud.models.UdsMetaApr'> page
2023-04-25 11:43:10,980 crud.views   INFO     Load <class 'crud.models.UdsMetaApr'> page
2023-04-25 11:43:29,056 django.utils.autoreload INFO     E:\Новая папка\Ugib\ugib\crud\views.py changed, reloading.
2023-04-25 11:43:29,680 django.utils.autoreload INFO     Watching for file changes with StatReloader
2023-04-25 11:43:36,838 django.utils.autoreload INFO     E:\Новая папка\Ugib\ugib\crud\views.py changed, reloading.
2023-04-25 11:43:37,481 django.utils.autoreload INFO     Watching for file changes with StatReloader
2023-04-25 11:43:45,372 crud.views   INFO     Load <class 'grr.models.UdsMetaGrrAccom'> page
2023-04-25 11:43:50,912 crud.views   INFO     Load <class 'grr.models.UdsMetaGrrAccom'> page
2023-04-25 11:44:10,536 django.utils.autoreload INFO     E:\Новая папка\Ugib\ugib\crud\views.py changed, reloading.
2023-04-25 11:44:11,126 django.utils.autoreload INFO     Watching for file changes with StatReloader
2023-04-25 11:44:55,758 django.utils.autoreload INFO     E:\Новая папка\Ugib\ugib\crud\views.py changed, reloading.
2023-04-25 11:44:56,331 django.utils.autoreload INFO     Watching for file changes with StatReloader
2023-04-25 11:45:01,832 django.utils.autoreload INFO     E:\Новая папка\Ugib\ugib\crud\views.py changed, reloading.
2023-04-25 11:45:02,365 django.utils.autoreload INFO     Watching for file changes with StatReloader
2023-04-25 11:45:06,288 django.utils.autoreload INFO     E:\Новая папка\Ugib\ugib\crud\views.py changed, reloading.
2023-04-25 11:45:06,867 django.utils.autoreload INFO     Watching for file changes with StatReloader
2023-04-25 11:45:08,953 crud.views   INFO     Load <class 'crud.models.UdsMeta'> page
2023-04-25 11:45:12,239 crud.views   INFO     Load <class 'crud.models.UdsMeta'> page
2023-04-25 11:45:17,335 crud.views   INFO     Load <class 'crud.models.UdsMeta'> page
2023-04-25 11:45:36,821 django.utils.autoreload INFO     E:\Новая папка\Ugib\ugib\crud\views.py changed, reloading.
2023-04-25 11:45:37,469 django.utils.autoreload INFO     Watching for file changes with StatReloader
2023-04-25 11:45:41,786 crud.views   INFO     Load <class 'crud.models.UdsMeta'> page
2023-04-25 11:45:52,743 django.utils.autoreload INFO     E:\Новая папка\Ugib\ugib\crud\views.py changed, reloading.
2023-04-25 11:45:53,419 django.utils.autoreload INFO     Watching for file changes with StatReloader
2023-04-25 11:45:58,652 crud.views   INFO     Load <class 'crud.models.UdsMeta'> page
2023-04-25 11:45:59,400 django.request WARNING  Not Found: /favicon.ico
2023-04-25 11:46:10,933 crud.views   INFO     Load <class 'crud.models.UdsMeta'> page
2023-04-25 11:46:19,910 crud.views   INFO     Load <class 'crud.models.UdsMeta'> page
2023-04-25 11:46:39,491 django.utils.autoreload INFO     E:\Новая папка\Ugib\ugib\crud\views.py changed, reloading.
2023-04-25 11:46:40,090 django.utils.autoreload INFO     Watching for file changes with StatReloader
2023-04-25 12:57:36,679 crud.views   INFO     Load <class 'grr.models.UdsMetaGrrAccom'> page
2023-04-25 12:58:00,338 crud.views   INFO     Load <class 'grr.models.UdsMetaGrrAccom'> page
2023-04-25 12:58:13,716 crud.views   INFO     Load <class 'grr.models.UdsMetaGrrAccom'> page
2023-04-25 12:58:17,703 crud.views   INFO     Load <class 'grr.models.UdsMetaGrrAccom'> page
2023-04-25 12:58:21,104 crud.views   INFO     Load <class 'grr.models.UdsMetaGrrAccom'> page
2023-04-25 12:58:22,619 crud.views   INFO     Load <class 'grr.models.UdsMetaGrrAccom'> page
2023-04-25 12:58:28,157 crud.views   INFO     Load <class 'crud.models.UdsMeta'> page
2023-04-25 13:07:49,646 django.utils.autoreload INFO     E:\Новая папка\Ugib\ugib\crud\views.py changed, reloading.
2023-04-25 13:07:50,488 django.utils.autoreload INFO     Watching for file changes with StatReloader
2023-04-25 13:07:51,086 crud.views   INFO     Load <class 'crud.models.UdsMeta'> page
2023-04-25 13:08:17,590 django.utils.autoreload INFO     E:\Новая папка\Ugib\ugib\crud\views.py changed, reloading.
2023-04-25 13:08:18,174 django.utils.autoreload INFO     Watching for file changes with StatReloader
2023-04-25 13:08:20,520 crud.views   INFO     Load <class 'crud.models.UdsMeta'> page
2023-04-25 13:08:24,451 django.utils.autoreload INFO     E:\Новая папка\Ugib\ugib\crud\views.py changed, reloading.
2023-04-25 13:08:25,032 django.utils.autoreload INFO     Watching for file changes with StatReloader
2023-04-25 13:08:30,034 django.utils.autoreload INFO     E:\Новая папка\Ugib\ugib\crud\views.py changed, reloading.
2023-04-25 13:08:30,594 django.utils.autoreload INFO     Watching for file changes with StatReloader
2023-04-25 13:08:45,289 django.utils.autoreload INFO     E:\Новая папка\Ugib\ugib\crud\views.py changed, reloading.
2023-04-25 13:08:45,863 django.utils.autoreload INFO     Watching for file changes with StatReloader
2023-04-25 13:09:40,575 django.utils.autoreload INFO     E:\Новая папка\Ugib\ugib\crud\HelperUdsMeta.py changed, reloading.
2023-04-25 13:09:41,274 django.utils.autoreload INFO     Watching for file changes with StatReloader
2023-04-25 13:09:56,994 django.utils.autoreload INFO     E:\Новая папка\Ugib\ugib\crud\HelperUdsMeta.py changed, reloading.
2023-04-25 13:09:57,559 django.utils.autoreload INFO     Watching for file changes with StatReloader
2023-04-25 13:10:13,815 crud.views   INFO     Load <class 'crud.models.UdsMeta'> page
2023-04-25 13:10:22,745 django.utils.autoreload INFO     E:\Новая папка\Ugib\ugib\crud\views.py changed, reloading.
2023-04-25 13:10:30,566 django.utils.autoreload INFO     Watching for file changes with StatReloader
2023-04-25 13:11:15,719 django.request WARNING  Not Found: /apr.
2023-04-25 13:11:18,284 crud.views   INFO     Load <class 'crud.models.UdsMetaApr'> page
2023-04-25 13:11:21,658 crud.views   INFO     Load <class 'crud.models.UdsMeta'> page
2023-04-25 13:11:34,029 crud.views   INFO     Load <class 'crud.models.UdsMetaApr'> page
2023-04-25 13:11:43,341 crud.views   INFO     Load <class 'crud.models.UdsMeta'> page
2023-04-25 13:11:47,373 crud.views   INFO     Load <class 'crud.models.UdsMeta'> page
2023-04-25 13:15:35,225 crud.views   INFO     Load <class 'crud.models.UdsMeta'> page
2023-04-25 13:15:45,086 crud.views   INFO     Load <class 'crud.models.UdsMeta'> page
2023-04-25 13:15:57,852 crud.views   INFO     Load <class 'crud.models.UdsMeta'> page
2023-04-25 13:16:21,192 crud.views   INFO     Load <class 'crud.models.UdsMeta'> page
2023-04-25 13:16:22,148 crud.views   INFO     Load <class 'crud.models.UdsMeta'> page
2023-04-25 13:16:23,231 django.request WARNING  Not Found: /favicon.ico
2023-04-25 13:16:29,514 crud.views   INFO     Load <class 'crud.models.UdsMeta'> page
2023-04-25 13:16:35,831 crud.views   INFO     Load <class 'crud.models.UdsMetaApr'> page
2023-04-25 13:16:40,866 crud.views   INFO     Load <class 'crud.models.UdsMetaApr'> page
2023-04-25 13:16:42,397 crud.views   INFO     Load <class 'crud.models.UdsMeta'> page
2023-04-25 13:56:59,444 django.utils.autoreload INFO     E:\Новая папка\Ugib\ugib\ugib\settings.py changed, reloading.
2023-04-25 13:57:00,827 django.utils.autoreload INFO     Watching for file changes with StatReloader
2023-04-25 14:01:35,654 django.utils.autoreload INFO     E:\Новая папка\Ugib\ugib\crud\views.py changed, reloading.
2023-04-25 14:01:36,237 django.utils.autoreload INFO     Watching for file changes with StatReloader
2023-04-25 14:01:41,220 django.utils.autoreload INFO     E:\Новая папка\Ugib\ugib\crud\views.py changed, reloading.
2023-04-25 14:01:41,773 django.utils.autoreload INFO     Watching for file changes with StatReloader
2023-04-25 14:01:51,238 crud.views   INFO     Load <class 'crud.models.UdsMeta'> page
2023-04-25 14:01:52,308 django.request WARNING  Not Found: /favicon.ico
2023-04-25 14:01:55,398 crud.views   ERROR    When logun ObjectDoesNotExist
2023-04-25 14:01:55,472 crud.views   INFO     Load <class 'crud.models.UdsMeta'> page
2023-04-25 14:02:00,806 django.utils.autoreload INFO     E:\Новая папка\Ugib\ugib\crud\views.py changed, reloading.
2023-04-25 14:02:01,419 django.utils.autoreload INFO     Watching for file changes with StatReloader
2023-04-25 14:02:04,592 crud.views   INFO     Load <class 'crud.models.UdsMeta'> page
2023-04-25 14:02:09,186 crud.views   ERROR    When logun ObjectDoesNotExist
2023-04-25 14:02:09,214 django.request ERROR    Internal Server Error: /
Traceback (most recent call last):
  File "E:\Новая папка\env\lib\site-packages\django\core\handlers\exception.py", line 55, in inner
    response = get_response(request)
  File "E:\Новая папка\env\lib\site-packages\django\core\handlers\base.py", line 204, in _get_response
    self.check_response(response, callback)
  File "E:\Новая папка\env\lib\site-packages\django\core\handlers\base.py", line 332, in check_response
    raise ValueError(
ValueError: The view crud.views.view didn't return an HttpResponse object. It returned None instead.
2023-04-25 14:02:15,373 django.utils.autoreload INFO     E:\Новая папка\Ugib\ugib\crud\views.py changed, reloading.
2023-04-25 14:02:15,937 django.utils.autoreload INFO     Watching for file changes with StatReloader
2023-04-25 14:03:00,671 crud.views   INFO     Load <class 'crud.models.UdsMeta'> page
2023-04-25 14:03:16,748 crud.views   INFO     Load <class 'crud.models.UdsMeta'> page
2023-04-25 14:05:20,331 crud.views   INFO     Load <class 'crud.models.UdsMeta'> page
2023-04-25 14:05:25,899 crud.views   INFO     Load <class 'crud.models.UdsMeta'> page
2023-04-25 14:05:41,857 crud.views   INFO     Load <class 'grr.models.UdsMetaGrrStage'> page
2023-04-25 14:05:49,650 crud.views   INFO     Load <class 'grr.models.UdsMetaGrrStage'> page
2023-04-25 14:05:55,393 crud.views   INFO     Load <class 'grr.models.UdsMetaGrrAccom'> page
2023-04-25 14:06:05,110 crud.views   INFO     Load <class 'grr.models.UdsMetaGrrAccom'> page
2023-04-25 14:07:59,311 crud.views   INFO     Load <class 'crud.models.UdsMeta'> page
2023-04-25 14:16:22,804 crud.views   INFO     Load <class 'grr.models.UdsMetaGrrAccom'> page
2023-04-25 14:16:23,621 django.request WARNING  Not Found: /favicon.ico
2023-04-25 14:16:44,591 django.utils.autoreload INFO     E:\Новая папка\Ugib\ugib\ugib\settings.py changed, reloading.
2023-04-25 14:16:45,308 django.utils.autoreload INFO     Watching for file changes with StatReloader
2023-04-25 14:16:49,268 crud.views   INFO     Load <class 'crud.models.UdsMeta'> page
2023-04-25 14:16:58,498 crud.views   INFO     Load <class 'crud.models.UdsMeta'> page
2023-04-25 14:17:06,451 crud.views   INFO     Load <class 'crud.models.UdsMeta'> page
2023-04-25 14:18:19,658 crud.views   INFO     Load <class 'crud.models.UdsMeta'> page
2023-04-25 14:18:23,033 crud.views   INFO     Load <class 'crud.models.UdsMeta'> page
2023-04-25 14:18:30,100 crud.views   INFO     Load <class 'crud.models.UdsMeta'> page
2023-04-25 14:21:50,410 django.utils.autoreload INFO     E:\Новая папка\Ugib\ugib\crud\views.py changed, reloading.
2023-04-25 14:21:51,127 django.utils.autoreload INFO     Watching for file changes with StatReloader
2023-04-25 14:22:01,944 django.utils.autoreload INFO     E:\Новая папка\Ugib\ugib\crud\views.py changed, reloading.
2023-04-25 14:22:02,502 django.utils.autoreload INFO     Watching for file changes with StatReloader
2023-04-25 14:23:20,198 django.utils.autoreload INFO     E:\Новая папка\Ugib\ugib\crud\views.py changed, reloading.
2023-04-25 14:23:21,127 django.utils.autoreload INFO     Watching for file changes with StatReloader
2023-04-25 14:24:01,344 django.utils.autoreload INFO     E:\Новая папка\Ugib\ugib\crud\views.py changed, reloading.
2023-04-25 14:24:01,930 django.utils.autoreload INFO     Watching for file changes with StatReloader
2023-04-25 14:24:37,978 django.utils.autoreload INFO     E:\Новая папка\Ugib\ugib\crud\views.py changed, reloading.
2023-04-25 14:24:38,579 django.utils.autoreload INFO     Watching for file changes with StatReloader
2023-04-25 14:24:40,358 django.utils.autoreload INFO     E:\Новая папка\Ugib\ugib\crud\views.py changed, reloading.
2023-04-25 14:24:40,936 django.utils.autoreload INFO     Watching for file changes with StatReloader
2023-04-25 14:24:51,716 crud.views   INFO     Load <class 'crud.models.UdsMeta'> page
2023-04-25 14:25:02,362 crud.views   INFO     Load <class 'crud.models.UdsMeta'> page
2023-04-25 14:25:14,128 crud.views   INFO     Load <class 'crud.models.UdsMeta'> page
2023-04-25 14:25:21,944 crud.views   INFO     Load <class 'crud.models.UdsMeta'> page
2023-04-25 14:25:38,737 django.utils.autoreload INFO     E:\Новая папка\Ugib\ugib\ugib\settings.py changed, reloading.
2023-04-25 14:25:39,395 django.utils.autoreload INFO     Watching for file changes with StatReloader
2023-04-25 14:27:44,031 crud.views   INFO     Load <class 'crud.models.UdsMeta'> page
2023-04-25 14:27:53,878 crud.views   INFO     Load <class 'crud.models.UdsMeta'> page
2023-04-25 14:27:53,896 django.request WARNING  Not Found: /
2023-04-25 14:28:31,648 django.utils.autoreload INFO     E:\Новая папка\Ugib\ugib\crud\views.py changed, reloading.
2023-04-25 14:28:32,252 django.utils.autoreload INFO     Watching for file changes with StatReloader
2023-04-25 14:28:51,226 django.utils.autoreload INFO     E:\Новая папка\Ugib\ugib\crud\views.py changed, reloading.
2023-04-25 14:28:51,775 django.utils.autoreload INFO     Watching for file changes with StatReloader
2023-04-25 14:29:10,727 django.utils.autoreload INFO     E:\Новая папка\Ugib\ugib\crud\views.py changed, reloading.
2023-04-25 14:29:11,278 django.utils.autoreload INFO     Watching for file changes with StatReloader
2023-04-25 14:29:25,931 django.utils.autoreload INFO     E:\Новая папка\Ugib\ugib\crud\views.py changed, reloading.
2023-04-25 14:29:26,485 django.utils.autoreload INFO     Watching for file changes with StatReloader
2023-04-25 14:29:29,362 django.utils.autoreload INFO     E:\Новая папка\Ugib\ugib\crud\views.py changed, reloading.
2023-04-25 14:29:29,958 django.utils.autoreload INFO     Watching for file changes with StatReloader
